Archive member included because of file (symbol)

../bwlib\libusbh.a(hal_usb_host_enum.o)
                              ./Debug/usensor_237a_1.c.o (exmand)
../bwlib\libsd.a(ax32xx_sd.o)
                              ./Debug/src_hal_sd.c.o (ax32xx_sd0Init)
../bwlib\libavi.a(aviEncoder.o)
                              ./Debug/video_video_record.c.o (aviEncodeInit)
../bwlib\libavi.a(encoder_std.o)
                              ../bwlib\libavi.a(aviEncoder.o) (avi_encoder_std)
../bwlib\libavi.a(encoder_odml.o)
                              ../bwlib\libavi.a(aviEncoder.o) (avi_odmlAddoffset)
../bwlib\libavi.a(aviDecoder.o)
                              ./Debug/video_video_playback.c.o (aviDecodeInit)
../bwlib\libavi.a(decoder_std.o)
                              ../bwlib\libavi.a(aviDecoder.o) (avi_standard)
../bwlib\libavi.a(decoder_odml.o)
                              ../bwlib\libavi.a(aviDecoder.o) (avi_opendml)
../bwlib\libfs.a(fs.o)        ./Debug/taskSysScanDevice.c.o (fs_nodeinit)
../bwlib\libfs.a(diskio.o)    ./Debug/main.c.o (fs_init)
../bwlib\libfs.a(ff.o)        ../bwlib\libfs.a(fs.o) (clst2sect)
../bwlib\libfs.a(ffunicode.o)
                              ../bwlib\libfs.a(ff.o) (ff_uni2oem)
C:/MinGW-4.7.1/or1k-elf/lib/no-delay\libc.a(lib_a-memcpy.o)
                              ./Debug/resource_manager.c.o (memcpy)
C:/MinGW-4.7.1/or1k-elf/lib/no-delay\libc.a(lib_a-memset.o)
                              ./Debug/main.c.o (memset)
C:/MinGW-4.7.1/or1k-elf/lib/no-delay\libc.a(lib_a-strcat.o)
                              ./Debug/resource_manager.c.o (strcat)
C:/MinGW-4.7.1/or1k-elf/lib/no-delay\libc.a(lib_a-strcmp.o)
                              ./Debug/resource_manager.c.o (strcmp)
C:/MinGW-4.7.1/or1k-elf/lib/no-delay\libc.a(lib_a-strcpy.o)
                              ./Debug/resource_manager.c.o (strcpy)
C:/MinGW-4.7.1/or1k-elf/lib/no-delay\libc.a(lib_a-strlen.o)
                              ./Debug/resource_manager.c.o (strlen)
C:/MinGW-4.7.1/or1k-elf/lib/no-delay\libc.a(lib_a-strncmp.o)
                              ./Debug/resource_manager.c.o (strncmp)
C:/MinGW-4.7.1/or1k-elf/lib/no-delay\libc.a(lib_a-strncpy.o)
                              ./Debug/taskAudioRecordMsg.c.o (strncpy)
C:/MinGW-4.7.1/lib/gcc/or1k-elf/4.9.1/no-delay\libgcc.a(_udivdi3.o)
                              ../bwlib\libfs.a(ff.o) (__udivdi3)
C:/MinGW-4.7.1/lib/gcc/or1k-elf/4.9.1/no-delay\libgcc.a(__udivsi3.o)
                              C:/MinGW-4.7.1/lib/gcc/or1k-elf/4.9.1/no-delay\libgcc.a(_udivdi3.o) (__udivsi3)
C:/MinGW-4.7.1/lib/gcc/or1k-elf/4.9.1/no-delay\libgcc.a(__umodsi3.o)
                              C:/MinGW-4.7.1/lib/gcc/or1k-elf/4.9.1/no-delay\libgcc.a(_udivdi3.o) (__umodsi3)
C:/MinGW-4.7.1/lib/gcc/or1k-elf/4.9.1/no-delay\libgcc.a(_clz.o)
                              C:/MinGW-4.7.1/lib/gcc/or1k-elf/4.9.1/no-delay\libgcc.a(_udivdi3.o) (__clz_tab)

Allocating common symbols
Common symbol       size              file

fp_jpegdc_ldone_hal
                    0x4               ./Debug/mjpeg_ax32xx_mjpeg.c.o
mscstack            0xc               ./Debug/husb_hal_usb_host_tpbulk.c.o
uvcisp              0x804             ./Debug/logo.c.o
fp_tmnow            0x4               ../bwlib\libfs.a(diskio.o)
fp_storage_wr       0x4               ../bwlib\libfs.a(diskio.o)
fp11_epout_isr_hal  0x4               ./Debug/main.c.o
jpegCache           0x4               ./Debug/multimedia_user_media.c.o
fp_stat_isr         0x4               ./Debug/isp_hal_isp.c.o
info_buf            0x37              ./Debug/taskSysScanDevice.c.o
fp_ae_isr           0x4               ./Debug/isp_hal_isp.c.o
usb_varm            0x1c              ./Debug/main.c.o
WAV_TYPE_E          0x4               ./Debug/main.c.o
fp_uvc_off_hal      0x4               ./Debug/dusb_hal_usb_dev_enum.c.o
dev                 0x12              ../bwlib\libusbh.a(hal_usb_host_enum.o)
SysCtrl             0x5c              ./Debug/main.c.o
audsIStack          0xc               ./Debug/multimedia_user_media.c.o
jpegBStack          0x8               ./Debug/multimedia_user_media.c.o
jBLbuf              0x70800           ./Debug/husb_hal_usensor.c.o
fp_epout_isr_hal    0x4               ./Debug/main.c.o
tempFileName2       0x1c              ./Debug/taskVideoRecord.c.o
audioCache          0x4               ./Debug/multimedia_user_media.c.o
diskhal             0x48              ./Debug/husb_hal_usb_host_tpbulk.c.o
fp11_host_connect_hal
                    0x4               ./Debug/src_ax32xx_usb.c.o
filetime            0x1               ./Debug/taskSysScanDevice.c.o
fp_uvc_on_hal       0x4               ./Debug/dusb_hal_usb_dev_enum.c.o
pcm_buf             0x4               ./Debug/src_hal_auadc.c.o
mediaVideoCtrlB     0x84              ./Debug/main.c.o
uac_onflg           0x1               ./Debug/dusb_hal_usb_dev_enum.c.o
[...]
Memory Configuration

Name             Origin             Length             Attributes
boot             0x01fffc00         0x00000200
ram_boot         0x00000000         0x00005000
ram_user         0x00000000         0x00005000
usbfifo          0x00008000         0x00001000
sdram            0x02000000         0x00800000
exsdram          0x00000000         0x00800000
*default*        0x00000000         0xffffffff

Linker script and memory map

LOAD ./Debug/ax32xx_reset.S.o
LOAD ./Debug/ax32xx_spi_boot_cfg.S.o
LOAD ./Debug/ax32xx_BLDRX32.S.o
LOAD ./Debug/main.c.o
LOAD ./Debug/resource_manager.c.o
LOAD ./Debug/upgrade.c.o
LOAD ./Debug/board.c.o
LOAD ./Debug/board_bwv1.c.o
LOAD ./Debug/config.c.o
LOAD ./Debug/display.c.o
LOAD ./Debug/explorer.c.o
LOAD ./Debug/filelist.c.o
LOAD ./Debug/font.c.o
LOAD ./Debug/icon.c.o
LOAD ./Debug/board_fpga.c.o
LOAD ./Debug/configGetValue.c.o
LOAD ./Debug/configSystem.c.o
LOAD ./Debug/logo.c.o
LOAD ./Debug/menuMovieRec.c.o
LOAD ./Debug/menuPlayBack.c.o
LOAD ./Debug/msgDeal.c.o
LOAD ./Debug/msgSysRecommend.c.o
LOAD ./Debug/msgSysUnshielded.c.o
LOAD ./Debug/taskManage.c.o
LOAD ./Debug/taskPhotoEncode.c.o
LOAD ./Debug/taskPhotoEncodeMsg.c.o
LOAD ./Debug/taskPlayBack.c.o
LOAD ./Debug/taskPlayBackMsg.c.o
LOAD ./Debug/taskPowerOff.c.o
LOAD ./Debug/taskSysScanDevice.c.o
LOAD ./Debug/taskUsbDevice.c.o
LOAD ./Debug/taskVideoRecord.c.o
LOAD ./Debug/taskVideoRecordMsg.c.o
LOAD ./Debug/toolFunc.c.o
LOAD ./Debug/uiAsternMsg.c.o
LOAD ./Debug/uiMenuDateTimeMsg.c.o
LOAD ./Debug/uiMenuDefaultMsg.c.o
LOAD ./Debug/uiMenuDelAllMsg.c.o
LOAD ./Debug/uiMenuDelCurMsg.c.o
LOAD ./Debug/uiMenuFormatMsg.c.o
LOAD ./Debug/uiMenuItemMsg.c.o
LOAD ./Debug/uiMenuLockCurMsg.c.o
LOAD ./Debug/uiMenuOptionMsg.c.o
LOAD ./Debug/uiMenuUnlockAllMsg.c.o
LOAD ./Debug/uiMenuUnlockCurMsg.c.o
LOAD ./Debug/uiMenuUsbMsg.c.o
LOAD ./Debug/uiNoFileMsg.c.o
LOAD ./Debug/uiTips1Msg.c.o
LOAD ./Debug/uiTipsMsg.c.o
LOAD ./Debug/uiWin.c.o
LOAD ./Debug/uiSelfTestMsg.c.o
LOAD ./Debug/uiMenuVersionMsg.c.o
LOAD ./Debug/taskAudioRecordMsg.c.o
LOAD ./Debug/taskAudioRecord.c.o
LOAD ./Debug/taskAudioPlay.c.o
LOAD ./Debug/taskAudioPlaydMsg.c.o
LOAD ./Debug/uiSelfClockMsg.c.o
LOAD ./Debug/uiMenuDelAllMsg2.c.o
LOAD ./Debug/uiMenuDelAllRes2.c.o
LOAD ./Debug/uiMenuDelCurMsg2.c.o
LOAD ./Debug/uiMenuDelCurRes2.c.o
LOAD ./Debug/xos_x_cpu.c.o
LOAD ./Debug/xos_xmbox.c.o
LOAD ./Debug/xos_xmsgq.c.o
LOAD ./Debug/xos_xos.c.o
LOAD ./Debug/xos_xwork.c.o
LOAD ./Debug/multimedia_user_media.c.o
LOAD ./Debug/sUI_button.c.o
LOAD ./Debug/sUI_dialog.c.o
LOAD ./Debug/sUI_frameWin.c.o
LOAD ./Debug/sUI_imageIcon.c.o
LOAD ./Debug/sUI_itemManage.c.o
LOAD ./Debug/sUI_menuItem.c.o
LOAD ./Debug/sUI_menuItemEx.c.o
LOAD ./Debug/sUI_menuOption.c.o
LOAD ./Debug/sUI_progressBar.c.o
LOAD ./Debug/sUI_rect.c.o
LOAD ./Debug/sUI_stringIcon.c.o
LOAD ./Debug/sUI_tips.c.o
LOAD ./Debug/sUI_uiAlloc.c.o
LOAD ./Debug/sUI_widget.c.o
LOAD ./Debug/sUI_winManage.c.o
LOAD ./Debug/sUI_memPool.c.o
LOAD ./Debug/src_ax32xx_int.c.o
LOAD ./Debug/src_ax32xx_sys.c.o
LOAD ./Debug/src_ax32xx_dma.c.o
LOAD ./Debug/src_ax32xx_wdt.c.o
LOAD ./Debug/src_ax32xx_gpio.c.o
LOAD ./Debug/src_ax32xx_uart.c.o
LOAD ./Debug/src_ax32xx_timer.c.o
LOAD ./Debug/src_ax32xx_tminf.c.o
LOAD ./Debug/src_ax32xx_spi.c.o
LOAD ./Debug/src_ax32xx_rtc.c.o
LOAD ./Debug/src_ax32xx_md.c.o
LOAD ./Debug/src_ax32xx_iic.c.o
LOAD ./Debug/src_ax32xx_dac.c.o
LOAD ./Debug/src_ax32xx_adc.c.o
LOAD ./Debug/src_ax32xx_auadc.c.o
LOAD ./Debug/src_ax32xx_isp.c.o
LOAD ./Debug/src_jpeg_table.c.o
LOAD ./Debug/src_isp_tab.c.o
LOAD ./Debug/src_ax32xx_usb.c.o
LOAD ./Debug/src_ax32xx_misc.c.o
LOAD ./Debug/src_ax32xx_pip.c.o
LOAD ./Debug/src_ax32xx_btuart.c.o
LOAD ./Debug/src_ax32xx_crc.c.o
LOAD ./Debug/src_ax32xx_emi.c.o
LOAD ./Debug/src_ax32xx_rotate.c.o
LOAD ./Debug/src_ax32xx_osdcmp.c.o
LOAD ./Debug/osd_ax32xx_osd.c.o
LOAD ./Debug/csi_ax32xx_csi.c.o
LOAD ./Debug/lcd_ax32xx_lcd.c.o
LOAD ./Debug/mjpeg_ax32xx_mjpeg.c.o
LOAD ./Debug/resource_user_icon.c.o
LOAD ./Debug/resource_user_str.c.o
LOAD ./Debug/src_hal_adc.c.o
LOAD ./Debug/src_hal_csi.c.o
LOAD ./Debug/src_hal_dac.c.o
LOAD ./Debug/src_hal_eeprom.c.o
LOAD ./Debug/src_hal_gpio.c.o
LOAD ./Debug/src_hal_iic.c.o
LOAD ./Debug/src_hal_lcd.c.o
LOAD ./Debug/src_hal_md.c.o
LOAD ./Debug/src_hal_osd.c.o
LOAD ./Debug/src_hal_rtc.c.o
LOAD ./Debug/src_hal_sd.c.o
LOAD ./Debug/src_hal_spi.c.o
LOAD ./Debug/src_hal_timer.c.o
LOAD ./Debug/src_hal_uart.c.o
LOAD ./Debug/src_hal_watermark.c.o
LOAD ./Debug/src_hal_sys.c.o
LOAD ./Debug/src_hal_auadc.c.o
LOAD ./Debug/src_hal_mjpeg.c.o
LOAD ./Debug/src_hal_int.c.o
LOAD ./Debug/src_hal_wdt.c.o
LOAD ./Debug/src_hal_stream.c.o
LOAD ./Debug/src_hal_emi.c.o
LOAD ./Debug/src_hal_mjpegB.c.o
LOAD ./Debug/src_hal_osdcmp.c.o
LOAD ./Debug/src_hal_rotate.c.o
LOAD ./Debug/src_hal_lcdframe.c.o
LOAD ./Debug/isp_hal_isp.c.o
LOAD ./Debug/dusb_hal_usb_api.c.o
LOAD ./Debug/dusb_hal_usb_dev_enum.c.o
LOAD ./Debug/dusb_hal_usb_msc.c.o
LOAD ./Debug/dusb_hal_usb_uac.c.o
LOAD ./Debug/dusb_hal_usb_uvc.c.o
LOAD ./Debug/husb_hal_usb_host_api.c.o
LOAD ./Debug/husb_hal_usb_host_tpbulk.c.o
LOAD ./Debug/husb_hal_usb_host_uvc.c.o
LOAD ./Debug/husb_hal_usensor.c.o
LOAD ./Debug/audio_audio_playback.c.o
LOAD ./Debug/audio_audio_record.c.o
LOAD ./Debug/audio_ring_buffer.c.o
LOAD ./Debug/video_video_playback.c.o
LOAD ./Debug/video_video_record.c.o
LOAD ./Debug/video_video_record_B.c.o
LOAD ./Debug/image_image_decode.c.o
LOAD ./Debug/image_image_encode.c.o
LOAD ./Debug/wav_alaw.c.o
LOAD ./Debug/wav_imaadpcm.c.o
LOAD ./Debug/wav_pcm.c.o
LOAD ./Debug/wav_ulaw.c.o
LOAD ./Debug/wav_wav.c.o
LOAD ./Debug/stream_stream.c.o
LOAD ./Debug/gsensor_G_gma301.c.o
LOAD ./Debug/gsensor_gsensor.c.o
LOAD ./Debug/gsensor_G_sc7a30e.c.o
LOAD ./Debug/gsensor_g_da380.c.o
LOAD ./Debug/cmos_sensor_cmos_sensor.c.o
LOAD ./Debug/cmos_sensor_SENSOR_BF3a03.c.o
LOAD ./Debug/cmos_sensor_SENSOR_BF2013.c.o
LOAD ./Debug/cmos_sensor_SENSOR_BF3016.c.o
LOAD ./Debug/cmos_sensor_SENSOR_BF3703.c.o
LOAD ./Debug/cmos_sensor_SENSOR_GC0307.c.o
LOAD ./Debug/cmos_sensor_SENSOR_GC0308.c.o
LOAD ./Debug/cmos_sensor_SENSOR_GC0309.c.o
LOAD ./Debug/cmos_sensor_SENSOR_GC0328.c.o
LOAD ./Debug/cmos_sensor_SENSOR_GC1004.c.o
LOAD ./Debug/cmos_sensor_SENSOR_H42.c.o
LOAD ./Debug/cmos_sensor_SENSOR_H7640.c.o
LOAD ./Debug/cmos_sensor_SENSOR_HM1055.c.o
LOAD ./Debug/cmos_sensor_SENSOR_IT03A1.c.o
LOAD ./Debug/cmos_sensor_SENSOR_NT99141.c.o
LOAD ./Debug/cmos_sensor_SENSOR_NT99142.c.o
LOAD ./Debug/cmos_sensor_SENSOR_OV7670.c.o
LOAD ./Debug/cmos_sensor_SENSOR_OV7725.c.o
LOAD ./Debug/cmos_sensor_SENSOR_OV9710.c.o
LOAD ./Debug/cmos_sensor_SENSOR_OV9732.c.o
LOAD ./Debug/cmos_sensor_SENSOR_SC1045.c.o
LOAD ./Debug/cmos_sensor_SENSOR_SIV100B.c.o
LOAD ./Debug/cmos_sensor_SENSOR_SIV120B.c.o
LOAD ./Debug/cmos_sensor_SENSOR_SIV121DS.c.o
LOAD ./Debug/cmos_sensor_SENSOR_SP1409.c.o
LOAD ./Debug/cmos_sensor_SENSOR_H62.c.o
LOAD ./Debug/cmos_sensor_SENSOR_GC1034.c.o
LOAD ./Debug/cmos_sensor_SENSOR_OV7736.c.o
LOAD ./Debug/cmos_sensor_SENSOR_SP140A.c.o
LOAD ./Debug/cmos_sensor_SENSOR_GC1054.c.o
LOAD ./Debug/cmos_sensor_SENSOR_GC1064.c.o
LOAD ./Debug/cmos_sensor_SENSOR_H65.c.o
LOAD ./Debug/cmos_sensor_SENSOR_SC1243.c.o
LOAD ./Debug/cmos_sensor_SENSOR_H63.c.o
LOAD ./Debug/cmos_sensor_SENSOR_H63P.c.o
LOAD ./Debug/tft_lcd_lcd_mcu_st7789.c.o
LOAD ./Debug/tft_lcd_lcd_rgb_jl_lcd.c.o
LOAD ./Debug/tft_lcd_lcd_rgb_st7282.c.o
LOAD ./Debug/tft_lcd_tft_lcd.c.o
LOAD ./Debug/tft_lcd_lcd_mcu_5420.c.o
LOAD ./Debug/tft_lcd_lcd_mcu_r61509v.c.o
LOAD ./Debug/tft_lcd_lcd_rgb_ili8961.c.o
LOAD ./Debug/tft_lcd_lcd_rgb_ili9342c.c.o
LOAD ./Debug/tft_lcd_lcd_mcu_ili9328.c.o
LOAD ./Debug/tft_lcd_lcd_mcu_hx8352b.c.o
LOAD ./Debug/tft_lcd_lcd_mcu_st7789v.c.o
LOAD ./Debug/tft_lcd_lcd_mcu_hx8352c.c.o
LOAD ./Debug/tft_lcd_lcd_mcu_hx8357b.c.o
LOAD ./Debug/tft_lcd_lcd_rgb_ili9806e.c.o
LOAD ./Debug/tft_lcd_lcd_rgb_ota5182.c.o
LOAD ./Debug/tft_lcd_lcd_rgb_st7701.c.o
LOAD ./Debug/tft_lcd_lcd_mcu_lgdp4532.c.o
LOAD ./Debug/tft_lcd_lcd_mcu_9225G.c.o
LOAD ./Debug/tft_lcd_lcd_mcu_st7789v2.c.o
LOAD ./Debug/tft_lcd_lcd_mcu_gc9307.c.o
LOAD ./Debug/usensor_237a_1.c.o
LOAD ./Debug/usensor_usensor.c.o
LOAD ./Debug/usensor_237a_2.c.o
LOAD ./Debug/nvfs_nvfs.c.o
LOAD ./Debug/Maxlib_max_user.c.o
LOAD ./Debug/Maxlib_uiDraw.c.o
LOAD ./Debug/std_misc.c.o
LOAD ./Debug/std_std_math.c.o
LOAD ./Debug/std_str.c.o
LOAD ./Debug/res_ascii.c.o
LOAD ./Debug/res_ascii_default.c.o
LOAD ./Debug/res_ascii_default_draw.c.o
LOAD ./Debug/res_ascii_num2.c.o
LOAD ./Debug/res_ascii_num2_draw.c.o
LOAD ./Debug/res_ascii_num3.c.o
LOAD ./Debug/res_ascii_num3_draw.c.o
LOAD ./Debug/res_ascii_num4.c.o
LOAD ./Debug/res_ascii_num4_draw.c.o
LOAD ./Debug/res_R.c.o
LOAD ./Debug/res_R_icon.c.o
LOAD ./Debug/res_R_string.c.o
LOAD ./Debug/res_ascii_num5.c.o
LOAD ./Debug/res_ascii_num5_draw.c.o
LOAD ../bwlib\libusbh.a
LOAD ../bwlib\libsd.a
LOAD ../bwlib\libavi.a
LOAD ../bwlib\libfs.a
LOAD C:/MinGW-4.7.1/or1k-elf/lib/no-delay\libc.a
LOAD C:/MinGW-4.7.1/lib/gcc/or1k-elf/4.9.1/no-delay\libgcc.a

.bootsec        0x01fffc00      0x200 load address 0x00000000
 *(.bootsec)
 .bootsec       0x01fffc00      0x200 ./Debug/ax32xx_BLDRX32.S.o
                0x01fffc10                hex
                0x01fffc10                .hex
                0x01fffde4                .bootsect

.exception      0x00000000     0x1e5c load address 0x00000200
                0x00000000                _exception_vma = .
 *(.vector)
 .vector        0x00000000      0x3f0 ./Debug/ax32xx_reset.S.o
                0x00000320                _start
                0x0000035c                _step_in
                0x000003a0                _step_out
 *(.vector.text)
 .vector.text   0x000003f0     0x1668 ./Debug/src_ax32xx_int.c.o
                0x00000534                _rtcRamWrite
                0x000005dc                _rtcRamRead
                0x00000690                my_putchar
                0x000006a4                exception_uart_puts
                0x000006b8                my_memset
                0x000006e8                exception_init
                0x0000078c                ax32xx_vddrtcCalculate
                0x000007b8                dllcon_init
                0x00000964                sdram_init
                0x00000a34                adcRead
                0x00000a8c                adcConverStart
                0x00000ab0                adcSetBaudrate
                0x00000ae0                sysClkSet
                0x00000b3c                adcEnable
                0x00000ba4                adcGetChannel
                0x00000bdc                sdram_tuning_check_2
                0x00000d5c                _sdr_tuning2_conifg_set
                0x00000d7c                crc_cal
                0x00000df0                sdram_clock_tune
                0x000017d0                exception
                0x00001a3c                exception_trigger
 *(.vector.data)
 .vector.data   0x00001a58      0x100 ./Debug/ax32xx_reset.S.o
                0x00001a58                _step_data
 .vector.data   0x00001b58      0x304 ./Debug/src_ax32xx_int.c.o
                0x00001b58                tune_values
                0x00001cd8                tune_by
                0x00001ce4                tune_tab_2_dll
                0x00001cf4                tune_tab_1_dll
                0x00001d04                tune_tab_2_clk
                0x00001d24                tune_tab_1_clk
                0x00001d44                tuning_test_addr
                0x00001dc4                tuning_test_data
                0x00001e44                SDRTUN2_CON
                0x00001e4c                sdr_tune_source
                0x00001e50                chip_vision

.ram            0x00001e60     0x2ce0 load address 0x00002060
                0x00001e60                __sram_start = .
 *(.msk_var_use)
 *(.sdc_buf)
 .sdc_buf       0x00001e60       0x40 ../bwlib\libsd.a(ax32xx_sd.o)
 *(.sram_comm)
 .sram_comm     0x00001ea0       0x60 ./Debug/xos_xmsgq.c.o
 .sram_comm     0x00001f00      0x280 ./Debug/src_ax32xx_isp.c.o
                0x00001f00                csi_stat
 .sram_comm     0x00002180     0x25c0 ./Debug/src_hal_sys.c.o
                0x00002180                ramuse
 .sram_comm     0x00004740      0x400 ./Debug/husb_hal_usb_host_uvc.c.o
                0x00004740                isobuf
                0x00004b40                __sram_end = .

.fifo           0x00008000      0xce0
                0x00008000                __ufifo_start = .
 *(.sram_Usbfifo)
 .sram_Usbfifo  0x00008000      0xce0 ./Debug/src_hal_sys.c.o
                0x00008000                usbfifo
                0x00008ce0                __ufifo_end = .

.text           0x02000000    0x917a4 load address 0x00002200
                0x02000000                _text_start = .
 *(.text*)
 .text          0x02000000        0x0 ./Debug/ax32xx_reset.S.o
 .text          0x02000000        0x0 ./Debug/ax32xx_spi_boot_cfg.S.o
 .text          0x02000000        0x0 ./Debug/ax32xx_BLDRX32.S.o
 .text          0x02000000      0xaa8 ./Debug/main.c.o
                0x02000000                registerTask
                0x0200008c                init
                0x020004c4                tap_exec
                0x02000618                init_tap
                0x02000a40                systemService
                0x02000a74                sendDrawUIMsg
 .text.startup  0x02000aa8       0xe8 ./Debug/main.c.o
                0x02000aa8                main
 .text          0x02000b90     0x1e1c ./Debug/resource_manager.c.o
                0x02000ccc                managerInit
                0x02000d44                managerCreate
                0x02000e1c                managerDestory
                0x02000e94                managerFileCount
                0x02000f2c                managerFileCountEx
                0x02000f98                managerLockFileExt
                0x02001040                managerUnlockFileExt
                0x020010ec                managerCheckLock
                0x02001128                managerCheckLockExt
                0x020011b8                managerFlush
                0x02001224                managerDelFileByIndex
                0x02001334                managerDelFileAll
                0x02001418                managerScanStart
                0x02001480                managerScanEnd
                0x02001540                explorerListHook
                0x02001558                managerNameChange
                0x0200176c                managerSpaceCheck
                0x02001b20                manangerCheckFileType
                0x02001d64                managerAddFile
                0x02001e08                managerAddFileEx
                0x02001e68                managerRenameExt
                0x02001f08                managerRename
                0x02001fc8                managerLockFile
                0x02002050                managerUnlockFile
                0x02002110                managerDelFileByName
                0x0200226c                managerDelFileByFullName
                0x020023ec                managerFileNameCreater
                0x02002600                managerFileScan
                0x02002784                manangerGetFileFullPathName
                0x02002838                manangerGetFileName
                0x020028d0                manangerFindFileAndDel
 .text          0x020029ac      0x4d8 ./Debug/upgrade.c.o
                0x020029ac                upgrade_uiProgress
                0x020029ec                upgrade
 .text          0x02002e84      0x314 ./Debug/board.c.o
                0x02002e84                boardInit
                0x02002fb0                boardOpen
                0x02003054                boardIoctrl
                0x020030dc                boardNameIoctrl
 .text          0x02003198      0xd08 ./Debug/board_bwv1.c.o
                0x020038d8                getCurBatteryADC
                0x020038f8                getKeyADCvalue
                0x02003918                getKeyVal
                0x02003a04                getKey
                0x02003c48                keyScanKey
                0x02003e64                board_powerCheck
 .text          0x02003ea0      0x2e4 ./Debug/config.c.o
                0x02003ea0                configCheckSumCal
                0x02003ee4                userConfigSave
                0x02003f58                userConfigReset
                0x02004058                userConfigInitial
                0x02004108                configSet
                0x02004144                configGet
 .text          0x02004184      0xbd8 ./Debug/display.c.o
                0x02004184                dispLayerPIPOnlyBack
                0x02004200                dispLayerPIPBakRightTop
                0x020042a0                dispLayerPIPFrtRightTop
                0x02004324                dispLayerPIPFBHalf
                0x020043a8                dispLayerPIPBFHalf
                0x0200442c                dispLayerPIPOnlyFront
                0x020044c0                dispLayerUninit
                0x0200451c                dispLayerGetResolution
                0x020045f0                dispLayerSetResolution
                0x020046dc                dispLayerSetRotate
                0x02004710                dispRatioResolutionCalculate
                0x020047e8                dispLayerSetRatio
                0x02004898                dispLayerInit
                0x02004ac4                dispLayerShow
                0x02004b08                dispLayerGetFrame
                0x02004b50                dispLayerFreeFrame
                0x02004bc8                dispLayerSetFrame
                0x02004bf4                dispLayerSetPIPMode
                0x02004c58                dispLayer_ABwin
                0x02004c88                dispLayer_getABwin
                0x02004ca8                dispLayerSetFrontCrop
 .text          0x02004d5c        0x0 ./Debug/explorer.c.o
 .text          0x02004d5c      0xe48 ./Debug/filelist.c.o
 .text          0x02005ba4      0x874 ./Debug/font.c.o
                0x02005db4                fontInit
                0x02005e7c                fontSetLanguage
                0x02005f2c                fontGetStringInfo
                0x02005fdc                fontDrawString
                0x020061cc                resGetString
                0x020062e4                resGetChar
 .text          0x02006418      0x270 ./Debug/icon.c.o
                0x02006418                iconInit
                0x02006464                iconGetSize
                0x02006508                iconGetData
                0x020065a4                iconGetAddr
                0x02006618                iconGetPalette
 .text          0x02006688        0x0 ./Debug/board_fpga.c.o
 .text          0x02006688       0x58 ./Debug/configGetValue.c.o
                0x02006688                configValue2Int
 .text          0x020066e0      0x270 ./Debug/configSystem.c.o
                0x020066e0                configLanguage
                0x02006758                configSys
                0x02006914                configSystem
 .text          0x02006950      0x4f0 ./Debug/logo.c.o
                0x02006950                upgrade_uvc
                0x020069f8                logo_image_show
                0x02006b14                logo_music_show
                0x02006c90                layout_logo_show
                0x02006d3c                layout_version_get
                0x02006e28                layout_keysound_load
 .text          0x02006e40       0xb0 ./Debug/menuMovieRec.c.o
                0x02006e40                menuProcDateTime
                0x02006e6c                menuProcDefault
                0x02006e98                menuProcVersion
                0x02006ec4                menuProcFormat
 .text          0x02006ef0      0x134 ./Debug/menuPlayBack.c.o
                0x02006ef0                menuProcDelCur
                0x02006f1c                menuProcDelCur2
                0x02006f48                menuProcDelAll
                0x02006f74                menuProcDelAll2
                0x02006fa0                menuProcLockCur
                0x02006fcc                menuProcUnlockCur
                0x02006ff8                menuProcUnlockAll
 .text          0x02007024      0x360 ./Debug/msgDeal.c.o
                0x02007024                msgFuncRegister
                0x020070dc                unshieldedMsgFuncRegister
                0x02007158                msgDeal
                0x02007290                msgDealByType
                0x02007328                msgDealByMsgInfor
 .text          0x02007384      0x10c ./Debug/msgSysRecommend.c.o
 .text          0x02007490      0x610 ./Debug/msgSysUnshielded.c.o
 .text          0x02007aa0      0x358 ./Debug/taskManage.c.o
                0x02007aa0                taskInit
                0x02007b14                taskInfor
                0x02007b28                taskRegister
                0x02007b60                taskCurrent
                0x02007b80                taskNext
                0x02007ba0                taskStart
                0x02007c20                taskChange
                0x02007c8c                taskService
 .text          0x02007df8      0x330 ./Debug/taskPhotoEncode.c.o
                0x02007df8                taskPhotoEncodeService
                0x02007e0c                taskPhotoEncodeOpen
                0x02007e60                taskPhotoEncodeClose
                0x02007eb8                task_image_createfile
                0x02007f98                image_take_photo
 .text          0x02008128      0x99c ./Debug/taskPhotoEncodeMsg.c.o
 .text          0x02008ac4      0x560 ./Debug/taskPlayBack.c.o
                0x02008ac4                taskPlayBackClose
                0x02008b04                video_playback_start
                0x02008d24                taskPlayBackOpen
                0x02008da4                taskPlayBackService
                0x02008e50                imageRegionCopy
 .text          0x02009024     0x1304 ./Debug/taskPlayBackMsg.c.o
 .text          0x0200a328      0x23c ./Debug/taskPowerOff.c.o
                0x0200a328                uninit
                0x0200a4cc                taskPowerOffOpen
 .text          0x0200a564     0x1b68 ./Debug/taskSysScanDevice.c.o
                0x0200aa80                deamon_night_effect
                0x0200aabc                timerMsgSend
                0x0200ab60                setKeyEn
                0x0200ab80                info_value_init
                0x0200ac00                set_info_value
                0x0200ac98                get_info_value
                0x0200ad24                updata_settings_menu
                0x0200adec                get_usb_to_video_flag
                0x0200ae0c                set_usb_to_video_flag
                0x0200ae2c                deamon_astern_check
                0x0200aec8                reflush_usensor_check
                0x0200af24                setSoftwareDetachUsensor
                0x0200af44                deamon_usb_check
                0x0200b1f4                deamon_gsensor_check
                0x0200b2d0                set_clock_state
                0x0200b2f0                get_clock_state
                0x0200b310                deamon_clock_check
                0x0200b3dc                deamon_screen_save
                0x0200b54c                deamon_key_check
                0x0200b7a0                deamon_auto_poweroff
                0x0200b8e0                deamon_keysound_play
                0x0200b8f8                deamon_fsFreeSize
                0x0200b968                deamon_fs_scan
                0x0200bb70                deamon_sdc_check
                0x0200bd88                taskSysScanDev
                0x0200be84                deamon_usb_to_video_check_card
                0x0200bf1c                deamon_fsSizeModify
                0x0200bfb0                get_key_clock_value
                0x0200bffc                get_suspended_lcd_value
                0x0200c08c                set_key_press_power_clock
                0x0200c0ac                get_key_press_power_clock
 .text          0x0200c0cc      0x2ac ./Debug/taskUsbDevice.c.o
 .text          0x0200c378      0xe74 ./Debug/taskVideoRecord.c.o
                0x0200c378                video_record_start
                0x0200c418                task_record_stop
                0x0200c498                taskVideoRecordeClose
                0x0200c578                task_video_record_caltime
                0x0200c5b4                video_record_callback
                0x0200ce90                taskVideoRecordeOpen
                0x0200cfd8                task_video_record_caltime_rename
                0x0200d020                taskVideoRecordeService
                0x0200d138                taskVideoRecTimeIncreace
                0x0200d14c                videoCapturePhoto
 .text          0x0200d1ec     0x1398 ./Debug/taskVideoRecordMsg.c.o
                0x0200e404                recordTimeCount1S
 .text          0x0200e584       0xcc ./Debug/toolFunc.c.o
                0x0200e584                intToString
 .text          0x0200e650      0x7b0 ./Debug/uiAsternMsg.c.o
 .text          0x0200ee00      0x838 ./Debug/uiMenuDateTimeMsg.c.o
                0x0200f2d0                dateTimeStrUpdate
                0x0200f2f8                dateTimeIncreace
                0x0200f498                dateTimeDecreace
 .text          0x0200f638      0x35c ./Debug/uiMenuDefaultMsg.c.o
 .text          0x0200f994      0x490 ./Debug/uiMenuDelAllMsg.c.o
 .text          0x0200fe24      0x458 ./Debug/uiMenuDelCurMsg.c.o
 .text          0x0201027c      0x45c ./Debug/uiMenuFormatMsg.c.o
 .text          0x020106d8      0xb28 ./Debug/uiMenuItemMsg.c.o
                0x020111e0                menuIsOpen
 .text          0x02011200      0x4d8 ./Debug/uiMenuLockCurMsg.c.o
 .text          0x020116d8      0x434 ./Debug/uiMenuOptionMsg.c.o
 .text          0x02011b0c      0x4ac ./Debug/uiMenuUnlockAllMsg.c.o
 .text          0x02011fb8      0x4a8 ./Debug/uiMenuUnlockCurMsg.c.o
 .text          0x02012460      0x228 ./Debug/uiMenuUsbMsg.c.o
 .text          0x02012688      0x2b0 ./Debug/uiNoFileMsg.c.o
 .text          0x02012938      0x3cc ./Debug/uiTips1Msg.c.o
 .text          0x02012d04      0x32c ./Debug/uiTipsMsg.c.o
 .text          0x02013030      0x400 ./Debug/uiWin.c.o
                0x02013030                dialogCB
                0x020131f8                uiParentDealMsg
                0x02013228                uiOpenWindow
                0x02013310                uiOpenWinAndShow
                0x02013400                windowIsOpen
 .text          0x02013430      0x944 ./Debug/uiSelfTestMsg.c.o
 .text          0x02013d74      0x1c0 ./Debug/uiMenuVersionMsg.c.o
 .text          0x02013f34      0x9bc ./Debug/taskAudioRecordMsg.c.o
                0x020145f8                audioGetCurFileName
                0x02014628                audioParseCurFileName
                0x020147b0                AudioShow_RecState
                0x020148c8                Test_Delay_Ms
 .text          0x020148f0      0x2e0 ./Debug/taskAudioRecord.c.o
                0x020148f0                taskAudioRecordeOpen
                0x0201498c                taskAudioRecordeClose
                0x020149bc                audio_record_callback
                0x02014b08                taskAudioRecordeService
 .text          0x02014bd0      0x134 ./Debug/taskAudioPlay.c.o
                0x02014bd0                taskAudioPlayOpen
                0x02014c10                taskAudioPlayClose
                0x02014c40                taskAudioPlayService
                0x02014c60                audio_play_start
 .text          0x02014d04      0x774 ./Debug/taskAudioPlaydMsg.c.o
 .text          0x02015478     0x1354 ./Debug/uiSelfClockMsg.c.o
 .text          0x020167cc      0x41c ./Debug/uiMenuDelAllMsg2.c.o
 .text          0x02016be8        0x0 ./Debug/uiMenuDelAllRes2.c.o
 .text          0x02016be8      0x458 ./Debug/uiMenuDelCurMsg2.c.o
 .text          0x02017040        0x0 ./Debug/uiMenuDelCurRes2.c.o
 .text          0x02017040        0x0 ./Debug/xos_x_cpu.c.o
 .text          0x02017040      0x1b0 ./Debug/xos_xmbox.c.o
                0x02017040                XMboxInit
                0x02017080                XMboxCreate
                0x02017108                XMboxDestory
                0x02017140                XMboxPost
                0x02017194                XMboxPend
 .text          0x020171f0      0x2e4 ./Debug/xos_xmsgq.c.o
                0x020171f0                XMsgQInit
                0x02017230                XMsgQCreate
                0x020172c0                XMsgQDestory
                0x020172f8                XMsgQFlush
                0x02017338                XMsgQPost
                0x020173b0                XMsgQPostFront
                0x0201742c                XMsgQPend
                0x020174bc                XMsgQCheck
 .text          0x020174d4      0x12c ./Debug/xos_xos.c.o
                0x020174d4                XOSInit
                0x02017514                XOSTickService
                0x02017584                XOSTimeGet
                0x020175a4                XOSTimeDly
                0x020175e0                XOSRandom
 .text          0x02017600      0x168 ./Debug/xos_xwork.c.o
                0x02017600                XWorkInit
                0x02017640                XWorkCreate
                0x020176cc                XWorkDestory
                0x020176fc                XWorkService
 .text          0x02017768        0x0 ./Debug/multimedia_user_media.c.o
 .text          0x02017768      0x1e8 ./Debug/sUI_button.c.o
                0x02017838                buttonCreate
                0x020178ac                buttonCreateIndirect
 .text          0x02017950      0x168 ./Debug/sUI_dialog.c.o
                0x02017950                dialogCreate
                0x02017a00                dialogItem
 .text          0x02017ab8      0x22c ./Debug/sUI_frameWin.c.o
                0x02017c10                frameWinCreate
                0x02017c74                frameWinCreateIndirect
 .text          0x02017ce4      0x2b0 ./Debug/sUI_imageIcon.c.o
                0x02017e6c                imageIconCreate
                0x02017f18                imageIconCreateIndirect
 .text          0x02017f94     0x1838 ./Debug/sUI_itemManage.c.o
                0x02017f94                itemManageCreate
                0x02018018                itemManageCreateIndirect
                0x0201808c                itemManageSetItemHeight
                0x02018210                itemManageSetHeightAvgGap
                0x02018384                itemManageSetRowSum
                0x020184e0                itemManageSetColumnSum
                0x02018630                itemManageSetColumnSumWithGap
                0x020187ac                itemManageSetColumnMargin
                0x020188dc                itemManageCreateItem
                0x02018a78                itemManageSetResInforFuncEx
                0x02018ad0                itemManageSetCurItem
                0x02018dcc                itemManageUpdateRes
                0x02018e84                itemManageUpdateAllitem
                0x02018ee8                itemManageUpdateCurItem
                0x0201908c                itemManageNextItem
                0x020190fc                itemManagePreItem
                0x0201916c                itemManageGetCurrentItem
                0x020191d0                itemManageSetCharInfor
                0x02019288                itemManageSetSelectColor
                0x02019334                itemManageSetSelectImage
                0x020193d0                itemManageSetUnselectColor
                0x0201947c                itemManageSetUnselectImage
                0x02019518                itemManageGetResNum
                0x02019654                itemManageGetTouchInfor
 .text          0x020197cc      0x43c ./Debug/sUI_menuItem.c.o
                0x02019a6c                menuItemCreate
                0x02019b1c                itemCreateMenuItem
 .text          0x02019c08      0x494 ./Debug/sUI_menuItemEx.c.o
                0x02019e94                menuItemExCreate
                0x02019f44                itemCreateMenuItemEx
 .text          0x0201a09c      0x3d8 ./Debug/sUI_menuOption.c.o
                0x0201a300                menuOptionCreate
                0x0201a3ac                itemCreatemenuOption
 .text          0x0201a474      0x274 ./Debug/sUI_progressBar.c.o
                0x0201a5ec                progressBarCreate
                0x0201a670                progressBarCreateIndirect
 .text          0x0201a6e8      0x234 ./Debug/sUI_rect.c.o
                0x0201a824                rectCreate
                0x0201a8a8                rectCreateIndirect
 .text          0x0201a91c      0x2e0 ./Debug/sUI_stringIcon.c.o
                0x0201aaa4                stringIconCreate
                0x0201ab50                stringIconCreateIndirect
 .text          0x0201abfc      0x2a8 ./Debug/sUI_tips.c.o
                0x0201ad90                tipsCreate
                0x0201ae1c                tipsCreateIndirect
 .text          0x0201aea4      0x26c ./Debug/sUI_uiAlloc.c.o
                0x0201aea4                uiHeapInit
                0x0201aedc                uiAlloc
                0x0201afd4                uiFree
                0x0201b0d4                uiHeapInfor
                0x0201b0fc                heapAllocTest
 .text          0x0201b110      0x11c ./Debug/sUI_widget.c.o
                0x0201b110                widgetProc
                0x0201b15c                widgetSetType
                0x0201b18c                widgetGetType
                0x0201b1c0                widgetGetId
                0x0201b1f8                widgetSetId
 .text          0x0201b22c     0x1c04 ./Debug/sUI_winManage.c.o
                0x0201b22c                winErrShow
                0x0201b270                winSendMsg
                0x0201b2b0                winSendMsgNoData
                0x0201b2d8                winSendMsgToParent
                0x0201b308                winSendMsgToParentNoData
                0x0201b330                winOverlapping
                0x0201b394                winContain
                0x0201b3f8                winHasInvalidRect
                0x0201b454                winFreeInvalidRect
                0x0201b750                winCreate
                0x0201bb5c                winDestroy
                0x0201bcd4                winGetTouchInfor
                0x0201bd04                winTouch
                0x0201bf24                winSetbgColor
                0x0201bf58                winSetfgColor
                0x0201bf8c                winSetVisible
                0x0201c010                winIsVisible
                0x0201c04c                winSetResid
                0x0201c07c                winSetItemSelResid
                0x0201c0ac                winGetResMaxNum
                0x0201c0ec                winSetResSum
                0x0201c11c                winSetResidByNum
                0x0201c164                winSetStrInfor
                0x0201c1ac                winSetSelectStrInfor
                0x0201c1f4                winSetSelectInfor
                0x0201c238                winSetUnselectInfor
                0x0201c27c                winChangeNotify
                0x0201c2e4                winDefaultProc
                0x0201c6dc                winResize
                0x0201c86c                winGetRelativePos
                0x0201c8fc                winGetPos
                0x0201c940                winUpdate
                0x0201c9b0                winSetPorgressRate
                0x0201c9e0                winGetCurrent
                0x0201ca00                winPaint
                0x0201cb0c                winSetName
                0x0201cb2c                winIntersection
                0x0201cbe0                winUpdateAllResId
                0x0201cc44                winDestroyDeskTopChildWin
                0x0201ccb8                winInit
                0x0201cda4                winUninit
 .text          0x0201ce30      0x174 ./Debug/sUI_memPool.c.o
                0x0201ce30                mempCreate
                0x0201ce98                mempGet
                0x0201cef0                mempPut
                0x0201cf2c                mempInfor
 .text          0x0201cfa4      0x3bc ./Debug/src_ax32xx_int.c.o
                0x0201cfa4                ax32xx_intHandler
                0x0201cfb8                fast_isr
                0x0201d098                slow_isr
                0x0201d18c                ax32xx_intEnable
                0x0201d1d4                ax32xx_int_priority
                0x0201d21c                ax32xx_intInit
 .text          0x0201d360      0x9c8 ./Debug/src_ax32xx_sys.c.o
                0x0201d360                ax32xx_sysCpuMsDelay
                0x0201d39c                ax32xx_sysCpuNopDelay
                0x0201d3c4                ax32xx_sysDcacheInit
                0x0201d408                ax32xx_sysIcacheInit
                0x0201d44c                ax32xx_sysDcacheWback
                0x0201d4c8                ax32xx_sysDcacheFlush
                0x0201d544                ax32xx_sysDcacheInvalid
                0x0201d5c0                ax32xx_sysSRAMClear
                0x0201d614                ax32xx_sysBSSClear
                0x0201d678                ax32xx_sysLDOSet
                0x0201d85c                ax32xx_sysClkSet
                0x0201d8b8                ax32xx_sysReset
                0x0201d8f8                ax32xx_sys_dma_memdown
                0x0201d95c                ax32xx_sys_dma_memkick
                0x0201da20                ax32xx_mcpy_gram2ufifo
                0x0201da80                ax32xx_mcpy1_sdram2gram
                0x0201db24                ax32xx_sysInit
                0x0201dc68                ax32xx_sysUninit
 .text          0x0201dd28      0x298 ./Debug/src_ax32xx_dma.c.o
                0x0201dd28                ax32xx_dmaNocCfg
                0x0201df50                ax32xx_dmaNocDefault
                0x0201df78                ax32xx_dmaChannelEnable
 .text          0x0201dfc0       0xc8 ./Debug/src_ax32xx_wdt.c.o
                0x0201dfc0                ax32xx_wdtEnable
                0x0201dff4                ax32xx_wdtEnable2
                0x0201e024                ax32xx_wdtTimeSet
                0x0201e038                ax32xx_wdtClear
                0x0201e06c                ax32xx_wdtReset
 .text          0x0201e088      0xe08 ./Debug/src_ax32xx_gpio.c.o
                0x0201e088                ax32xx_gpioSFRSet
                0x0201e2cc                ax32xx_gpioDirSet
                0x0201e370                ax32xx_gpioPullSet
                0x0201e43c                ax32xx_gpioDrvSet
                0x0201e4cc                ax32xx_gpioDataSet
                0x0201e558                ax32xx_gpioDataGrounpSet
                0x0201e5d4                ax32xx_gpioDataGet
                0x0201e658                ax32xx_gpioMapSet
                0x0201e6e8                ax32xx_gpioDigitalSet
                0x0201e778                ax32xx_gpioHystersisSet
                0x0201e808                ax32xx_gpioLedPull
                0x0201e8d4                ax32xx_gpioLedInit
                0x0201e964                ax32xx_gpioINTCheck
                0x0201e99c                ax32xx_gpioINTClear
                0x0201e9c4                ax32xx_gpioINTInit
                0x0201eaf4                ax32xx_gpioIRQHandler
                0x0201eb90                ax32xx_io1d1_softstart
                0x0201ed50                ax32xx_io1d1_softstart_clr
                0x0201ee00                ax32xx_io1d1_pd_enable
 .text          0x0201ee90      0x1a4 ./Debug/src_ax32xx_uart.c.o
                0x0201ee90                ax32xx_uart0IRQHandler
                0x0201eee0                ax32xx_uart0IOCfg
                0x0201ef80                ax32xx_uart0Init
                0x0201eff4                ax32xx_uart0SendByte
 .text          0x0201f034      0x4c0 ./Debug/src_ax32xx_timer.c.o
                0x0201f034                ax32xx_timer0IRQHandler
                0x0201f078                ax32xx_timer1IRQHandler
                0x0201f0bc                ax32xx_timer2IRQHandler
                0x0201f100                ax32xx_timer3IRQHandler
                0x0201f144                ax32xx_timerISRRegister
                0x0201f188                ax32xx_timerStart
                0x0201f284                ax32xx_timerStop
                0x0201f354                ax32xx_timerEnable
                0x0201f3e0                ax32xx_timerDisable
                0x0201f484                ax32xx_timerTickStart
                0x0201f4b8                ax32xx_timerTickStop
                0x0201f4d8                ax32xx_timerTickCount
 .text          0x0201f4f4      0x468 ./Debug/src_ax32xx_tminf.c.o
                0x0201f4f4                ax32xx_mjpegATimeinfoEnable
                0x0201f560                ax32xx_mjpegBTimeinfoEnable
                0x0201f5cc                ax32xx_mjpegATimeinfoColor
                0x0201f618                ax32xx_mjpegBTimeinfoColor
                0x0201f674                ax32xx_mjpegATimeinfoSize
                0x0201f6d0                ax32xx_mjpegBTimeinfoSize
                0x0201f758                ax32xx_mjpegATimeinfoPos
                0x0201f7b4                ax32xx_mjpegBTimeinfoPos
                0x0201f83c                ax32xx_mjpegATimeinfoAddr
                0x0201f880                ax32xx_mjpegBTimeinfoAddr
                0x0201f8f0                ax32xx_recfg_mjpb_tminf
 .text          0x0201f95c      0x7f4 ./Debug/src_ax32xx_spi.c.o
                0x0201f95c                ax32xx_spi0Init
                0x0201fb7c                ax32xx_spi0SendByte
                0x0201fbd0                ax32xx_spi0RecvByte
                0x0201fc24                ax32xx_spi0Send0
                0x0201fcdc                ax32xx_spi0Recv0
                0x0201fd94                ax32xx_spi0CS0Config
                0x0201fdd8                spi1_pin_config
                0x0201fea8                hal_spi1Init
                0x0201ff20                spi1_send_byte
                0x0201ff90                spi1_receive_byte
                0x0201ffd8                spi1_recevie_dma
                0x02020070                spi1_send_dma
                0x0202010c                spi1_enable
 .text          0x02020150      0xb7c ./Debug/src_ax32xx_rtc.c.o
                0x02020150                ax32xx_rtcWriteByte
                0x020201a0                ax32xx_rtcReadByte
                0x02020204                ax32xx_rtcRamRead
                0x020202a0                ax32xx_rtcRamWrite
                0x0202033c                ax32xx_rtcDataRead
                0x020203c4                ax32xx_rtcDataWrite
                0x0202044c                ax32xx_rtcInit
                0x020204fc                ax32xx_rtcIRQHandler
                0x020205bc                ax32xx_rtcSencodEnable
                0x02020638                ax32xx_rtcAlamEnable
                0x02020720                ax32xx_rtcAlamSet
                0x02020768                ax32xx_rtcGet
                0x020207bc                ax32xx_rtcSet
                0x02020804                ax32xx_WKOEnable
                0x02020860                ax32xx_VDDGSENEnable
                0x020208d0                ax32xx_WKI0InputEnable
                0x02020940                ax32xx_WKI1InputEnable
                0x020209b0                ax32xx_WKI1Read
                0x020209d4                ax32xx_WKI0Read
                0x020209f8                ax32xx_WKI1WakeupEnable
                0x02020b60                ax32xx_WKI1WakeupTriger
                0x02020bb0                ax32xx_WKI1CleanPending
                0x02020bec                ax32xx_rtcBatDecEnable
                0x02020c5c                ax32xx_rtcSenHVEnable
 .text          0x02020ccc      0x118 ./Debug/src_ax32xx_md.c.o
                0x02020ccc                ax32xx_mdEnable
                0x02020d34                ax32xx_mdEnable_check
                0x02020d54                ax32xx_mdInit
                0x02020d9c                ax32xx_mdXPos
                0x02020dc0                ax32xx_mdYPos
 .text          0x02020de4      0x7e8 ./Debug/src_ax32xx_iic.c.o
                0x02020e9c                software_iic_sdaout
                0x02020ed0                software_iic_sdain
                0x02020f04                software_iic_sda_set
                0x02020f30                software_iic_scl_set
                0x02020f5c                software_iic_sda_get
                0x02020f84                software_iic_init
                0x02020fb4                software_iic_start
                0x0202102c                software_iic_stop
                0x020210a4                software_iic_wait_ack
                0x0202115c                ax32xx_iic0Init
                0x0202121c                ax32xx_iic0Uninit
                0x02021260                ax32xx_iic0Start
                0x0202127c                ax32xx_iic0Stop
                0x020212bc                ax32xx_iic0RecvACK
                0x020212e4                ax32xx_iic0SendACK
                0x02021308                ax32xx_iic0SendByte
                0x02021358                ax32xx_iic0RecvByte
                0x020213ac                ax32xx_iic1Init
                0x020213d4                ax32xx_iic1Uninit
                0x02021418                ax32xx_iic1Start
                0x02021434                ax32xx_iic1Stop
                0x02021494                ax32xx_iic1RecvACK
                0x020214bc                ax32xx_iic1SendACK
                0x020214e0                ax32xx_iic1SendByte
                0x02021550                ax32xx_iic1RecvByte
 .text          0x020215cc      0x668 ./Debug/src_ax32xx_dac.c.o
                0x0202160c                ax32xx_dacIRQHandler
                0x020216e0                ax32xx_dacSampleRateSet
                0x02021750                ax32xx_dacEnable
                0x020217d4                ax32xx_dacVolumeSet
                0x0202184c                ax32xx_dacBufferSet
                0x0202186c                ax32xx_dacBufferFlush
                0x0202188c                ax32xx_dacReset
                0x020218b0                ax32xx_dacStart
                0x0202192c                ax32xx_dacStop
                0x0202195c                ax32xx_dacISRRegister
                0x0202197c                ax32xx_dacHPSet
                0x02021a10                eq_coeff_init
                0x02021a80                eq_gain_init
                0x02021af0                ax32xx_dacInit
 .text          0x02021c34      0x114 ./Debug/src_ax32xx_adc.c.o
                0x02021c34                ax32xx_adcEnable
                0x02021c9c                ax32xx_adcSetBaudrate
                0x02021ccc                ax32xx_adcConverStart
                0x02021cf0                ax32xx_adcRead
 .text          0x02021d48      0x4d0 ./Debug/src_ax32xx_auadc.c.o
                0x02021d48                ax32xx_auadcIRQHandler
                0x02021dd8                ax32xx_auadcHalfIRQRegister
                0x02021df8                ax32xx_auadcEndIRQRegister
                0x02021e18                ax32xx_auadcEnable
                0x02021f10                ax32xx_auadcAGCEnable
                0x02021fa0                ax32xx_auadcGainSet
                0x0202201c                ax32xx_auadcBufferSet
                0x0202207c                ax32xx_auadcInit
                0x02022120                ax32xx_auadcSetSampleSet
                0x02022204                agc_gain_mnt
 .text          0x02022218     0x13f4 ./Debug/src_ax32xx_isp.c.o
                0x02022218                ax32xx_ispModeSet
                0x02022254                isp_BLC_cfg
                0x020222a8                isp_LSC_cfg
                0x020222e0                isp_DDC_cfg
                0x02022450                isp_AWB_GAIN_adj
                0x02022484                isp_whtpnt_stat_cfg
                0x020226ec                isp_CCM_cfg
                0x020227a4                isp_RGB_DGAIN_adj
                0x02022830                isp_hist_stat_cfg
                0x020228b0                isp_GAMMA_cfg
                0x02022a20                isp_RGB_gam_cfg
                0x02022ba4                isp_CH_cfg
                0x02022f00                isp_VDE_cfg
                0x02022fd0                isp_EE_cfg
                0x02023244                isp_CCF_cfg
                0x0202337c                isp_SAJ_cfg
                0x0202347c                isp_kick_stat
                0x020234ac                isp_stat_en
                0x020234f0                stat_cp_kick_st
                0x02023514                stat_cp_done
                0x02023544                isp_model_cfg
 .text          0x0202360c      0x298 ./Debug/src_jpeg_table.c.o
                0x0202360c                jpegA_table_init
                0x02023788                ax32xx_mjpB_tab_init
 .text          0x020238a4        0x0 ./Debug/src_isp_tab.c.o
 .text          0x020238a4     0x12f4 ./Debug/src_ax32xx_usb.c.o
                0x020238a4                _usb_bulk_tx
                0x020239e0                _usb_bulk_rx
                0x02023aec                _usb_iso_kick
                0x02023bdc                _iso_wait_txdown
                0x02023c4c                usb_iso_tx
                0x02023d4c                usb_burst_reset
                0x02023d98                usb_host_reset
                0x02023de4                usb_phyreset_as_typeb
                0x02023f2c                usb_phyreset_as_typea
                0x02024078                usb_insert
                0x0202408c                usb_check_hal
                0x020240a0                get_u32softcnt
                0x020240c0                ax32xx_usbIRQHanlder
                0x020241b4                ax32xx_usbCallbackRegister
                0x020241f0                ax32xx_usb_hostIRQHanlder
                0x020242f4                usb_device_check
                0x020243bc                ax32xx_usbPhyPllEnable
                0x02024464                usb11_registers_write
                0x02024490                usb11_registers_read
                0x020244c8                usb_memcpy
                0x0202453c                usb_phyreset_as_typea11
                0x02024640                usb11_host_reset
                0x02024688                ax32xx_usb11_hostIRQHanlder
                0x020247a4                usb20_host_check
                0x0202486c                usb11HostCheckNoWait
                0x02024a34                usb11_host_check
                0x02024b04                usb20_phyreset_as_filter
 .text          0x02024b98      0x210 ./Debug/src_ax32xx_misc.c.o
                0x02024b98                str_seek
                0x02024c04                dec_num2str
                0x02024c44                char_2_hex
                0x02024c98                data_check
                0x02024cd8                pointer_check
                0x02024cfc                half_word_memcpy
                0x02024d34                word_memcpy
                0x02024d6c                word_reg_memcpy
 .text          0x02024da8      0x14c ./Debug/src_ax32xx_pip.c.o
                0x02024da8                ax32xx_pipConfig
                0x02024e24                ax32xx_pipEnable
                0x02024e68                ax32xx_pipCounterReset
                0x02024ea8                ax32xx_pipGetTopLayer
                0x02024ecc                ax32xx_pipGetBotLayer
 .text          0x02024ef4        0x0 ./Debug/src_ax32xx_btuart.c.o
 .text          0x02024ef4        0x0 ./Debug/src_ax32xx_crc.c.o
 .text          0x02024ef4      0x26c ./Debug/src_ax32xx_emi.c.o
                0x02024ef4                ax32xx_emiInit
                0x02025030                ax32xx_emiISRRegister
                0x02025064                ax32xx_emiIRQHandler
                0x020250c0                ax32xx_emiKick
                0x0202511c                ax32xx_emiCheckBusy
                0x0202513c                ax32xx_emiCheckRXError
 .text          0x02025160      0x278 ./Debug/src_ax32xx_rotate.c.o
                0x02025160                ax32xx_rotateISRRegiser
                0x02025180                ax32xx_rotateCheckBusy
                0x020251a0                ax32xx_rotateReset
                0x020251ec                ax32xx_rotateStart
                0x02025304                ax32xx_rotateWaitFrameDone
                0x02025358                ax32xx_rotateIRQHandler
                0x020253a8                ax32xx_rotateGetSrcYAddr
 .text          0x020253d8      0x370 ./Debug/src_ax32xx_osdcmp.c.o
                0x020253d8                ax32xx_osdcmpISRRegiser
                0x020253f8                ax32xx_osdcmpCheckBusy
                0x0202541c                ax32xx_osdcmpReset
                0x02025468                ax32xx_osdcmpGetCompSize
                0x02025488                ax32xx_osdcmpKick
                0x0202555c                ax32xx_osdcmpWaitFrameDone
                0x020255f4                ax32xx_osdcmpCompOneFrame
                0x020256fc                ax32xx_osdcmpIRQHandler
 .text          0x02025748      0xd68 ./Debug/osd_ax32xx_osd.c.o
                0x02025748                ax32xx_deWait
                0x020257a4                ax32xx_deUpdate
                0x020257c8                ax32xx_deGetUpdateStatus
                0x020257ec                ax32xx_deIRQHandler
                0x0202584c                ax32xx_deISRRegister
                0x0202586c                ax32xx_deInit
                0x020258e8                ax32xx_deSetBackground
                0x0202591c                ax32xx_deSetCSC
                0x02025968                ax32xx_videoSetDither
                0x02025a08                ax32xx_videoSetScale
                0x02025a54                ax32xx_videoSetScaleLine
                0x02025ac4                ax32xx_videoSetScanMode
                0x02025b10                ax32xx_videoGetYAddr
                0x02025b40                ax32xx_videoGetUVAddr
                0x02025b70                ax32xx_videoSetAddr
                0x02025b8c                ax32xx_videoSetStride
                0x02025bb0                ax32xx_videoSetSize
                0x02025be8                ax32xx_videoSetPosition
                0x02025c10                ax32xx_videoCopyCfg
                0x02025c78                ax32xx_videoEnable
                0x02025cbc                ax32xx_degamma_cfg
                0x02025cdc                ax32xx_videoGammaRed
                0x02025d20                ax32xx_videoGammaGreen
                0x02025d64                ax32xx_videoGammaBlue
                0x02025da8                ax32xx_deSetGAMA
                0x02025e2c                ax32xx_deSet_DE_CCM
                0x02025f14                ax32xx_deSet_DE_SAJ
                0x02025f80                ax32xx_videoGammaEnable
                0x02025fc4                ax32xx_osdEnable
                0x02026030                ax32xx_osdSetSize
                0x02026084                ax32xx_osdSetPosition
                0x020260d8                ax32xx_osdSetPalette
                0x02026120                ax32xx_osdSetAddr
                0x020261dc                ax32xx_osdGetAddr
                0x0202622c                ax32xx_osdSetAlpha
                0x02026298                ax32xx_osdSetUpscaler
                0x02026460                ax32xx_osdEncodeOneCode
 .text          0x020264b0      0xfdc ./Debug/csi_ax32xx_csi.c.o
                0x020264b0                hal_csi_fcnt_get
                0x020264e0                ax32xx_csiIRQHandler
                0x02026770                ax32xx_csiISRRegiser
                0x020267ac                ax32xx_csiMJPEGFrameSet
                0x0202681c                ax32xx_csihv_tomjp_dma_cfg
                0x020268a8                ax32xx_csi_only_FrameSet
                0x020268c8                ax32xx_csiYUVFrameSet
                0x020268dc                ax32xx_csiIOConfig
                0x02026934                ax32xx_csiInit
                0x02026960                ax32xx_csiMclkSet
                0x02026a24                ax32xx_csiSyncSet
                0x02026a88                ax32xx_csiPrioritySet
                0x02026acc                ax32xx_csiTypeSet
                0x02026b38                ax32xx_csiModeSet
                0x02026b74                ax32xx_pclk_fir_Set
                0x02026bdc                ax32xx_pclk_analog_Set
                0x02026c2c                ax32xx_pclk_inv_Set
                0x02026c70                ax32xx_csi_clk_tun_Set
                0x02026cb8                ax32xx_csiSizeSet
                0x02026cf0                ax32xx_csiInputAddrSet
                0x02026d08                ax32xx_csiTestModeSet
                0x02026d70                ax32xx_csiDvpClkDivSet
                0x02026db8                ax32xx_csiLCDFrameSet
                0x02026de4                ax32xx_csiLCDDmaEnable
                0x02026e80                ax32xx_csiLCDDmaKick
                0x02026ec4                ax32xx_csiLCDScaler
                0x02027098                ax32xx_csiScaler
                0x02027244                ax32xx_hvScaler
                0x02027398                ax32xx_csiScalerCheck
                0x020273c0                ax32xx_csiOutputSet
                0x020273fc                ax32xx_csiEnable
 .text          0x0202748c      0xd50 ./Debug/lcd_ax32xx_lcd.c.o
                0x0202748c                ax32xx_lcdSPIMode
                0x020274b8                ax32xx_lcdSPIInit
                0x02027568                ax32xx_lcdSPIUninit
                0x020275a4                ax32xx_lcdSPISendData
                0x020276f8                ax32xx_lcdMcuSendCmd
                0x0202775c                ax32xx_lcdMcuSendData
                0x020277b0                ax32xx_lcdMcuSendCmd16
                0x02027834                ax32xx_lcdMcuSendData16
                0x020278b8                ax32xx_lcdInit
                0x02027904                ax32xx_lcdIRQEnable
                0x0202794c                ax32xx_lcdPreLineSet
                0x02027968                ax32xx_lcdSignalSet
                0x02027a00                ax32xx_lcdBusWidth
                0x02027a54                ax32xx_lcdBusEnable
                0x02027aa4                ax32xx_lcdClkSet
                0x02027ac4                ax32xx_lcdSyncSet
                0x02027ae8                ax32xx_lcdDESignalSet
                0x02027b0c                ax32xx_lcdPositionSet
                0x02027b28                ax32xx_lcdResolutionSet
                0x02027b44                ax32xx_lcdWindowSizeSet
                0x02027b60                ax32xx_lcdDataModeSet
                0x02027ba4                ax32xx_lcdClkNumberSet
                0x02027bbc                ax32xx_lcdEndLineSet
                0x02027bd8                ax32xx_lcdPanelMode
                0x02027c20                ax32xx_lcdEnable
                0x02027c84                ax32xx_lcdTeMode
                0x02027ccc                ax32xx_lcdKick
                0x02027d04                ax32xx_lcdIRQHandler
                0x02027e74                ax32xx_lcdISRRegister
                0x02027eb8                ax32xx_lcdReset
                0x02027f24                ax32xx_lcdMCUIOConfig
                0x02028008                ax32xx_lcdRGBIOConfig
                0x020280ec                ax32xx_lcd_lsawbtooth
 .text          0x020281dc     0x1c14 ./Debug/mjpeg_ax32xx_mjpeg.c.o
                0x020281dc                ax32xx_mpegPrint
                0x02028610                ax32xx_mjpB_reset
                0x0202867c                ax32xx_mjpegAIRQHandler
                0x020286d0                ax32xx_mjpB_employ
                0x020286fc                ax32xx_mjpB_dcdown_reg
                0x0202871c                ax32xx_mjB_as_dcode
                0x02028748                ax32xx_mjpegEA_ncodeISRRegister
                0x02028768                ax32xx_mjpegEB_ncodeISRRegister
                0x02028788                ax32xx_mjpegEA_ncodeISR
                0x020287b4                ax32xx_mjpegDecodeISRRegister
                0x020287d4                ax32xx_mjpegEncodeBufferSet
                0x02028820                ax32xx_mjpegEncodeEnable
                0x02028928                ax32xx_mjpegEncodeSizeSet
                0x020289d0                ax32xx_mjpegEncodeQuilitySet
                0x02028a18                cal_jA_1s_size
                0x02028a48                ax32xx_mjpegEncodeQadj
                0x02028b10                ax32xx_mjpegEncodeInfoSet
                0x02028b58                ax32xx_mjpegEncodeLoadAddrGet
                0x02028b74                ax32xx_mjpeg_inlinebuf_init
                0x02028ba0                ax32xx_mjpegEncodeInit
                0x02028dd0                ax32xx_mjpeg_manual_on
                0x02028e14                ax32xx_mjpeg_manual_stop
                0x02028e68                ax32xx_mjpegDecodeScalerCal
                0x02028f38                ax32xx_mjpegDecodeSetSize
                0x0202915c                ax32xx_mjpegDecodeOutputSet
                0x02029178                ax32xx_mjpegDecodeInputSet
                0x020291b0                ax32xx_mjpegDecodeDriSet
                0x020291c8                ax32xx_mjpegDecodeCompressSet
                0x020291e0                ax32xx_mjpegDecodeInitTable
                0x02029224                ax32xx_mjpegDecodeInit
                0x02029428                ax32xx_mjpegDecodeDCTimeSet
                0x020294c8                ax32xx_mjpegDecodeEnable
                0x02029528                ax32xx_mjpegDecodeKick
                0x02029570                ax32xx_mjpegDecodeStop
                0x020295ac                ax32xx_mjpegBIRQHandler
                0x020296b0                ax32xx_mjpegDecodeQDTCfg
                0x02029710                ax32xx_mjpegDecodeStatus
                0x02029744                ax32xx_mjpegDecodeCheck
                0x02029774                ax32xx_mjpegDecodeODma1Cfg
                0x02029808                ax32xx_mjpB_Ctl_init
                0x02029abc                ax32xx_mjpB_Linebuf_cfg
                0x02029ae8                ax32xx_mjpB_dma_cfg
                0x02029b14                ax32xx_mjpB_stop
                0x02029b7c                ax32xx_mjpB_on
                0x02029bc8                ax32xx_mjpeg_encode_check
                0x02029d44                jpeg1_decode_check
 .text          0x02029df0        0x0 ./Debug/resource_user_icon.c.o
 .text          0x02029df0        0x0 ./Debug/resource_user_str.c.o
 .text          0x02029df0      0x110 ./Debug/src_hal_adc.c.o
                0x02029df0                hal_adcInit
                0x02029e2c                hal_adcRead
                0x02029e58                hal_adcSetChannel
                0x02029ea4                hal_adcGetChannel
                0x02029ee0                hal_adcVDDRTCCalculate
 .text          0x02029f00       0xf0 ./Debug/src_hal_csi.c.o
                0x02029f00                hal_csiMCLKSet
                0x02029f20                hal_csiRegister
                0x02029f54                hal_csiResolutionGet
                0x02029fb0                hal_csiAdptGet
                0x02029fd0                hal_csi_SeninitGet
 .text          0x02029ff0      0x24c ./Debug/src_hal_dac.c.o
                0x0202a038                hal_dacInit
                0x0202a090                hal_dacPlayStart
                0x0202a13c                hal_dacPlayStop
                0x0202a168                hal_dacSetVolume
                0x0202a1cc                hal_dacSetBuffer
                0x0202a1f0                hal_dacCallBackRegister
                0x0202a214                hal_dacHPSet
 .text          0x0202a23c        0x0 ./Debug/src_hal_eeprom.c.o
 .text          0x0202a23c      0x2cc ./Debug/src_hal_gpio.c.o
                0x0202a23c                hal_gpioInit
                0x0202a2e4                hal_gpioInit_io1d1
                0x0202a38c                hal_io1d1_softstart
                0x0202a3bc                hal_io1d1_softstart_clr
                0x0202a3e4                hal_io1d1_pd_enable
                0x0202a40c                hal_gpioEPullSet
                0x0202a468                hal_gpioWrite
                0x0202a490                hal_gpioRead
                0x0202a4b4                hal_gpioIntInit
                0x0202a4dc                hal_gpioLedInit
 .text          0x0202a508      0xbd4 ./Debug/src_hal_iic.c.o
                0x0202a508                hal_iic0Init
                0x0202a534                hal_iic0Uninit
                0x0202a554                hal_iic08bitAddrWriteData
                0x0202a5f0                hal_iic08bitAddrReadData
                0x0202a6a8                hal_iic08bitAddrWrite
                0x0202a768                hal_iic08bitAddrRead
                0x0202a83c                hal_iic016bitAddrWriteData
                0x0202a8e4                hal_iic016bitAddrReadData
                0x0202a9a8                hal_iic016bitAddrWrite
                0x0202aa74                hal_iic016bitAddrRead
                0x0202ab54                hal_iic1IOShare
                0x0202ab84                hal_iic1Init
                0x0202abc4                hal_iic1Uninit
                0x0202abfc                hal_iic18bitAddrWriteData
                0x0202ac74                hal_iic18bitAddrReadData
                0x0202ad08                hal_iic18bitAddrWrite
                0x0202ada4                hal_iic18bitAddrRead
                0x0202ae54                hal_iic116bitAddrWriteData
                0x0202aed8                hal_iic116bitAddrReadData
                0x0202af78                hal_iic116bitAddrWrite
                0x0202b020                hal_iic116bitAddrRead
 .text          0x0202b0dc     0x1d78 ./Debug/src_hal_lcd.c.o
                0x0202b128                deocode_done
                0x0202b504                hal_lcdSetBufYUV
                0x0202b598                hal_lcd_vde_cfg
                0x0202b5d0                hal_lcd_gamma_cfg
                0x0202b784                usb_lcd_cfg
                0x0202ba38                lcd_isp_config
                0x0202bbfc                hal_lcdLCMPowerOff
                0x0202bc74                hal_lcdPreviewStop
                0x0202bcc0                hal_lcdSetShowingSize
                0x0202bcd8                hal_lcdSetRoate
                0x0202bcf0                hal_lcdGetShowingBuffer
                0x0202bd54                hal_lcdGetIdleBuffer
                0x0202bd94                hal_lcdPreviewStart
                0x0202bed8                hal_lcdSetFrame
                0x0202bf00                vch_debug
                0x0202bf14                hal_lcdSetVCH
                0x0202bfec                hal_lcdUpdataVCH
                0x0202c0e8                hal_lcdSwitchFrame2
                0x0202c3bc                hal_lcdPreSetPIPEnable
                0x0202c3dc                hal_lcdSetPIPEnable
                0x0202c414                hal_lcdGetResolution
                0x0202c498                hal_lcdGetOSDShowingResolution
                0x0202c4f4                hal_lcdGetOSDShowingPosition
                0x0202c550                hal_lcdGetShowingRotate
                0x0202c580                hal_lcdGetBufferResolution
                0x0202c5dc                hal_lcdGetVideoPos
                0x0202c638                lcd_struct_get
                0x0202c658                hal_lcdFrameEndCallBack
                0x0202c6a4                hal_lcdRegister
                0x0202cd54                hal_lcd_lsawtooth
                0x0202cd74                hal_lcdSetCsiCrop
                0x0202cdd8                hal_lcdSetShowingSize_rename
 .text          0x0202ce54      0x110 ./Debug/src_hal_md.c.o
                0x0202ce7c                hal_mdInit
                0x0202cee0                hal_mdEnable
                0x0202cf2c                hal_mdCheck
 .text          0x0202cf64      0x648 ./Debug/src_hal_osd.c.o
                0x0202cf64                hal_osdGetIdleRotateBuffer
                0x0202cf88                hal_osdGetIdleCmpBuffer
                0x0202cfac                hal_osdGetIdleDispBuffer
                0x0202cfd0                hal_osdBufferRelease
                0x0202cff8                hal_osdDealBuffer
                0x0202d078                hal_osdInit
                0x0202d2a0                hal_osdGetBuff
                0x0202d2e8                hal_osdEnable
                0x0202d324                hal_osdSetAddr
                0x0202d360                hal_osdSetBuffer
                0x0202d3f0                hal_osdSetPosition
                0x0202d438                hal_osdSetPalette
                0x0202d470                hal_osdSetSize
                0x0202d4b0                hal_osdSetAlpha
                0x0202d4f0                hal_osdGetBufferResolution
                0x0202d55c                hal_deSet_DE_CCM
                0x0202d584                hal_deSet_DE_SAJ
 .text          0x0202d5ac      0xc70 ./Debug/src_hal_rtc.c.o
                0x0202d5d8                hal_rtcCallBackRegister
                0x0202d638                hal_rtcCallBackRelease
                0x0202d674                hal_rtcUninit
                0x0202d6b0                hal_rtcTimeGet
                0x0202d6cc                hal_rtcTimeGetExt
                0x0202d700                hal_rtcSecondGet
                0x0202d720                hal_rtcTime2String
                0x0202d9d4                hal_rtcTime2StringExt
                0x0202da38                hal_rtcLeapYear
                0x0202dc54                hal_rtcTime
                0x0202dd68                hal_rtcInit
                0x0202de90                hal_rtcSecondSet
                0x0202decc                hal_rtcValue
                0x0202dfdc                hal_rtcTimeSet
                0x0202e064                hal_rtcAlarmSet
                0x0202e0f4                hal_rtcAlarmSetExt
                0x0202e198                hal_rtcAlarmStatusGet
                0x0202e1d4                hal_vddWKOEnable
                0x0202e1f8                hal_vddGSENEnable
 .text          0x0202e21c      0xa1c ./Debug/src_hal_sd.c.o
                0x0202e2b8                hal_sdStop
                0x0202e4b8                hal_sdNextLBA
                0x0202e4d8                hal_sdInit
                0x0202e934                hal_sdUninit
                0x0202e960                hal_sdLock
                0x0202e9a0                hal_sdUnlock
                0x0202e9cc                hal_sdCheck
                0x0202ea40                hal_sdSetCardState
                0x0202ea60                hal_sdGetCardState
                0x0202ea80                hal_sdGetBusWidth
                0x0202eaa0                hal_sdCapacity
                0x0202eac0                hal_sdExist
                0x0202eae8                hal_sdWrite
                0x0202eb88                hal_speed_callback
                0x0202ebb8                hal_sdRead
 .text          0x0202ec38      0x5b4 ./Debug/src_hal_spi.c.o
                0x0202ec38                hal_spiIOShare
                0x0202ec50                hal_spiIOCheck
                0x0202ec64                hal_spiInit
                0x0202ec90                hal_spiSendByte
                0x0202ecb4                hal_spiSend
                0x0202ecd4                hal_spiRecvByte
                0x0202ecf4                hal_spiRecv
                0x0202ed34                hal_spiCSConfig
                0x0202ed58                hal_spiFlashReadID
                0x0202edb8                hal_spiFlashWriteEnable
                0x0202edec                hal_spiFlashWait
                0x0202ee70                hal_spiFlashReadPage
                0x0202eee8                hal_spiFlashRead
                0x0202efb0                hal_spiFlashWritePage
                0x0202f044                hal_spiFlashWrite
                0x0202f0e0                hal_spiFlashEraseSector
                0x0202f14c                hal_spiFlashEraseBlock
                0x0202f1b0                hal_spiFlashEraseChip
 .text          0x0202f1ec       0xd8 ./Debug/src_hal_timer.c.o
                0x0202f1ec                hal_timerStart
                0x0202f210                hal_timerStop
                0x0202f234                hal_timerEnable
                0x0202f26c                hal_timerTickEnable
                0x0202f2a4                hal_timerTickGet
 .text          0x0202f2c4      0x67c ./Debug/src_hal_uart.c.o
                0x0202f328                hal_uartIOShare
                0x0202f368                hal_uartIOShareCheck
                0x0202f3b0                hal_uartInit
                0x0202f400                hal_uartSendData
                0x0202f424                hal_uartRXIsrRegister
                0x0202f444                uart_PutChar_n
                0x0202f478                uart_PutStr
                0x0202f4b8                uart_Put_hex
                0x0202f5e4                uart_Put_udec
                0x0202f678                uart_Put_dec
                0x0202f720                uart_Printf
                0x0202f864                uart_PrintfBuf
                0x0202f8fc                hal_uartPrintString
 .text          0x0202f940      0x64c ./Debug/src_hal_watermark.c.o
                0x0202f9a8                hal_watermarkInit
                0x0202fa58                hal_watermarkClose
                0x0202faf0                hal_watermarkClear
                0x0202fb70                hal_watermarkOpen
                0x0202fc10                hal_watermarkColor
                0x0202fc64                hal_watermarkAddr
                0x0202fc7c                hal_watermarkSize
                0x0202fcc8                hal_watermarkPosition
                0x0202fd14                hal_watermarkCallbackRegister
                0x0202fd5c                hal_watermarkRam
                0x0202fdfc                hal_watermarkEnable
                0x0202ff6c                hal_watermarkBPos_Adjust
 .text          0x0202ff8c      0x3c4 ./Debug/src_hal_sys.c.o
                0x0202ffd4                hal_sysInit
                0x020300f0                hal_sysMemPrint
                0x02030120                hal_sysMemMalloc
                0x020301f0                hal_sysMemFree
                0x020302e4                hal_sysMemRemain
 .text          0x02030350      0xe08 ./Debug/src_hal_auadc.c.o
                0x02030350                _hal_auadcCallBackEnd
                0x0203044c                _hal_auadcCallBackHalf
                0x020304a4                hal_audc_33ms_syncnt_clr
                0x020304d0                hal_audc_stamp_cal
                0x020304fc                hal_audc_stamp_out
                0x02030550                hal_audc_stamp_next
                0x020305ac                hal_auadcCallBackEnd
                0x02030698                hal_auadcInit
                0x020306f0                hal_auadcMemInit
                0x02030764                hal_auadcMemInitB
                0x020307d4                hal_auadcMemUninit
                0x02030820                hal_auadcMemUninitB
                0x0203087c                hal_auadc_cnt
                0x020308ac                _hal_auadcStartForUAC
                0x0203098c                hal_auadcStartForWAV
                0x02030a84                hal_auadcStartForAVI
                0x02030ba4                hal_auadcStartForAVIB
                0x02030c18                hal_auadcBufferGet
                0x02030cf4                hal_auadcBufferfree
                0x02030d20                hal_auadcBufferGetB
                0x02030dfc                hal_auadcBufferfreeB
                0x02030e28                hal_auadcStop
                0x02030e54                hal_auadcBufferRelease
                0x02030e7c                hal_auadcBufferReleaseB
                0x02030ea4                hal_auadcUACProcess
                0x02030f84                hal_adcBuffer_prefull
                0x02030fe8                hal_adcBuffer_halffull
                0x02031000                hal_adc_volume_set
                0x02031020                hal_adc_volume_setB
                0x02031040                hal_uac_send
                0x020310a4                hal_auadcStartForUAC
 .text          0x02031158     0x24b8 ./Debug/src_hal_mjpeg.c.o
                0x02031208                hal_mjpegStart
                0x02031238                hal_save_frame_isr
                0x020312bc                hal_mjpeg_manual_on
                0x02031470                hal_mjpegCallback_state
                0x020314ac                hal_mjpegCallback
                0x020316b0                hal_mjpeg_manual_fdown
                0x02031824                hal_jA_fcnt_get
                0x02031854                hal_mjpeg_mallocbuf
                0x02031874                hal_mjpegSrcCSI
                0x020319b8                hal_mjpegSrcRam
                0x020319cc                hal_mjpegSrcColorBar
                0x02031a54                hal_Cut_SDR_SrcCSI
                0x02031b28                hal_mjpegMemInit
                0x02031c2c                hal_mjpegMemUninit
                0x02031c8c                hal_mjpegEncodeInit
                0x02031cec                hal_mjpegEncodeUninit
                0x02031d30                hal_mjpegEncodeResolution
                0x02031d6c                hal_mjpegEncodeResolutionImage
                0x02031da8                hal_mjpegSizecalculate
                0x02031dd8                hal_mjpegUVCStart
                0x020320b4                hal_mjpegPhotoStart
                0x02032370                hal_mjpegAVIStart
                0x0203264c                hal_mjpegAVISetScaler
                0x02032728                hal_mjpegRawDataGet
                0x02032740                hal_mjpegRawBuffer_prefull
                0x020327b0                hal_mjpegRawBuffer_halffull
                0x02032820                hal_mjpegRawBufferfree
                0x02032848                hal_mjpegRawBufferGet
                0x02032970                hal_mjpegRawDataSet
                0x02032998                hal_mjpegHeaderParse
                0x02032fd4                hal_mjpegDecodeGetResolution
                0x0203301c                hal_mjpegDecodeSetResolution
                0x02033040                hal_mjpegDecodeStatusCheck
                0x02033060                hal_mjpegDecodeErrorCheck
                0x02033080                hal_mjpegDecodeMiniSize
                0x02033204                hal_mjpegDecodeStop
                0x02033224                hal_mjpegDecodeReset
                0x02033258                hal_mjpegDecodePicture
                0x020332c8                hal_mjpegDecodePicture_2
                0x02033334                hal_mjpegDecodeParse
                0x02033364                hal_mjpegDecodeOneFrame
                0x020333bc                hal_mjpegDecodeOneFrame_Ext
                0x02033444                hal_mjpegDecodeRestart_Ext
                0x020334b0                hal_mjpegDecodeOneFrame_Fast
                0x02033574                hal_mjpegDecodeODma1Cfg
                0x02033598                hal_BackRecDecodeStatusCheck
 .text          0x02033610       0x34 ./Debug/src_hal_int.c.o
                0x02033610                hal_intInit
 .text          0x02033644        0x0 ./Debug/src_hal_wdt.c.o
 .text          0x02033644      0x42c ./Debug/src_hal_stream.c.o
                0x02033644                hal_streamInit
                0x0203373c                hal_streamMalloc
                0x02033824                hal_streamIn_Drop
                0x02033888                hal_streamIn
                0x02033924                hal_streamOut
                0x020339b0                hal_streamfree
                0x02033a58                hal_stream_size
 .text          0x02033a70       0xd8 ./Debug/src_hal_emi.c.o
                0x02033ab4                hal_emiMasterTest
                0x02033b00                hal_emiSlaveTest
 .text          0x02033b48      0xd80 ./Debug/src_hal_mjpegB.c.o
                0x02033b48                cal_jB_1s_size
                0x02033b78                hal_jB_fcnt_get
                0x02033ba8                c_stack_setup
                0x02033c98                cache_pre_malloc
                0x02033d80                cache_put
                0x02033e2c                cache_pre_malloc_drop
                0x02033e88                cache_get
                0x02033f08                cache_free
                0x02033fb4                hal_mjpB_usensor_strm_init
                0x0203401c                hal_mjpB_usensor_adrreload_hal
                0x020340c0                hal_mjpB_usensor_fram_isr
                0x02034190                hal_mjpB_usensor_fram_free
                0x020341b8                hal_mjpB_usensor_fram_rd
                0x020342c8                hal_get_fBcnt
                0x020342f8                hal_mjpBec_sta
                0x02034320                hal_mjpB_ecoding
                0x0203434c                hal_mjpB_ecdown
                0x02034390                hal_mjpB_photo_fdown
                0x020343c4                hal_mjpB_avi_fdown
                0x020343f0                hal_mjpB_ecdown_err
                0x02034434                hal_mjpB_ecbusy
                0x02034460                hal_mjpBec_recfg
                0x020344e4                hal_mjpB_manualstart
                0x02034508                hal_mjpB_avi_fdown_err
                0x02034534                hal_mjpB_isr
                0x020345d0                hal_mjpBMemInit
                0x0203464c                hal_mjpegBMemUninit
                0x02034694                api_mjp_avi_stop
                0x020346f0                mjpB_actech_as_photo
                0x020347a4                hal_mjpB_actech_as_avi
                0x02034854                hal_mjpB_nextsync
                0x02034878                hal_mjpB_Buffer_prefull
 .text          0x020348c8      0x1a8 ./Debug/src_hal_osdcmp.c.o
                0x02034940                hal_osdcmpStart
                0x02034a24                hal_osdcmpInit
                0x02034a4c                hal_osdcmpCompOneFrame
 .text          0x02034a70      0x318 ./Debug/src_hal_rotate.c.o
                0x02034c04                hal_rotateInit
                0x02034c58                hal_rotateAdd
 .text          0x02034d88      0xa64 ./Debug/src_hal_lcdframe.c.o
                0x02034d88                hal_lcdAddrCalculate
                0x02034e34                hal_dispframeInit
                0x020353fc                hal_dispframeVideoCfg
                0x02035680                hal_dispframeMalloc
                0x02035714                hal_dispframeFree
                0x020357a0                hal_dispframeSetCallback
                0x020357b8                hal_dispframeGetFrameNums
 .text          0x020357ec     0x4394 ./Debug/isp_hal_isp.c.o
                0x020357ec                isp_AWB_auto_adj
                0x02035a2c                isp_isr_hal
                0x02035aec                isp_stat_isr_hal
                0x02035b54                dely_ms
                0x02035b88                hal_ispFrameCnt
                0x02035bc8                awb_manual_gain_adapt
                0x02035c5c                isp_AWB_manual_adj
                0x02035ca8                isp_AWB_adj_cfg
                0x02035d80                isp_AE_adj_cfg
                0x02035df0                isp_LSC_adj_cfg
                0x02035e7c                awb_scene_mod_set
                0x02035ff4                isp_contra_table_load
                0x0203607c                isp_rgbgma_table_load
                0x02036154                isp_gma_table_load
                0x0203622c                isp_table_load
                0x02036278                isp_para_config
                0x02036604                dot_num_stat
                0x02036658                y_sum_stat
                0x020366d8                find_peak
                0x02036788                find_y_of_dotsum
                0x02036818                get_isp_adapt_val
                0x02036878                get_isp_adapt_val_u8
                0x020368d0                soft_exp
                0x02036ca4                hgrm_stat
                0x02036dec                isp_calculate
                0x02036f80                isp_adjust
                0x02037560                sensor_compensate_exp_set
                0x02037618                isp_get_scen_light
                0x02037638                isp_color_on_off
                0x0203764c                sensor_frame_rate_adapt
                0x02037758                sensor_frame_rate_adapt_for_dark
                0x020377f0                isp_process
                0x02037854                isp_process_check
                0x020378c4                sensor_rotate_adapt
                0x020378f8                exp_gain_separate
                0x0203794c                exp_br_cal
                0x020379e0                exposal_adj
                0x02037ce8                isp_all_model_cfg
                0x02037d44                hal_ispService
                0x02037e08                hal_isp_sof_loop
                0x02038240                hal_commom_isr
                0x02038388                init_common_str
                0x02038588                sensor_isp_adapt
                0x0203862c                isp_para_init
                0x0203864c                isp_init
                0x020386e4                hal_isp_debug_read
                0x02038800                hal_Sensor_common_Get
                0x0203883c                CopyToMember
                0x020388c0                hal_Sensor_common_Set
                0x020393cc                ygama_update
                0x02039454                hal_isp_debug_write
                0x02039904                awb_update
                0x02039b4c                ispReadFlash
 .text          0x02039b80      0x584 ./Debug/dusb_hal_usb_api.c.o
                0x02039b80                usb_bulk_tx
                0x02039bac                usb_bulk_rx
                0x02039bd8                hal_usbdReset
                0x02039c08                usb_uvciso_kick
                0x02039c38                usb_uvciso_wait_txdown
                0x02039c5c                usb_uaciso_kick
                0x02039c8c                usb_uaciso_wait_txdown
                0x02039cb0                uac_on
                0x02039cd8                uac_off
                0x02039cf8                usb_fun_reg
                0x02039e4c                hal_usbdInit
                0x02039e8c                hal_usbdUninit
                0x02039ebc                hal_usbdEnable
                0x02039ee4                hal_usbdUVCProcess
                0x0203a0b0                hal_usbdProcess
                0x0203a0e4                hal_usbdCheck
 .text          0x0203a104      0xf94 ./Debug/dusb_hal_usb_dev_enum.c.o
                0x0203a104                usb_ep0_tx
                0x0203a184                usbdev_stack_init
                0x0203a1b4                usbdev_rqu
                0x0203a1dc                usbdev_reset
                0x0203a208                usb_bot_reset
                0x0203a254                usb_check_faddr
                0x0203a2a0                usb_ep0_clrrx_pkt0
                0x0203a2dc                usb_stall_ep
                0x0203a368                usb_clear_ep
                0x0203a3e4                usb_ep0_get_request
                0x0203a42c                usb_ep0_transfer
                0x0203a4e0                usb_ep0_receive
                0x0203a538                usb_ep0_get_status
                0x0203a648                usb_ep0_clr_feature
                0x0203a6c0                usb_ep0_set_feature
                0x0203a730                usb_ep0_set_address
                0x0203a7c4                usb_ep0_get_configuration
                0x0203a818                usb_ep0_set_configuration
                0x0203a894                usb_ep0_get_interface
                0x0203a8dc                uvc_ready
                0x0203a904                uac_ready
                0x0203a92c                usb_ep0_set_interface
                0x0203aa80                usb_ep0_descriptor
                0x0203aaec                usb_ep0_get_descriptor
                0x0203abfc                usb_ep0_standard
                0x0203ac98                usb_ep0_class_get_lun
                0x0203acdc                usb_ep0_class
                0x0203ade4                usb_ep0_request
                0x0203ae30                usb_ep0_hal
                0x0203af24                enum_epx_cfg
                0x0203afc4                usb_dev_enum_reg
 .text          0x0203b098     0x1508 ./Debug/dusb_hal_usb_msc.c.o
                0x0203b098                msc_epx_cfg
                0x0203b138                ScsiStallAll
                0x0203b1c0                ScsiStallIn
                0x0203b230                ScsiStallout
                0x0203b274                dev_online
                0x0203b2a4                dev_cap
                0x0203b2d0                dev_stop
                0x0203b2fc                dev_busy
                0x0203b328                dev_free
                0x0203b354                mscSet_Status
                0x0203b390                Host_In_Data
                0x0203b43c                mscCmd_ReadCapacity
                0x0203b518                mscCmd_ReadFormatCapacity
                0x0203b610                mscCmd_RequestSense
                0x0203b6b0                mscCmd_Inquiry
                0x0203b708                mscCmd_ModeSense6
                0x0203b794                mscCmd_TestUnitReady
                0x0203b820                mscCmd_StartStopUnit
                0x0203b870                mscCmd_PreventAllowMediumRemoval
                0x0203b8b0                mscCmd_Verify
                0x0203b8c8                cb_FIFO2mem
                0x0203b964                cb_mem2FIFO
                0x0203b9f0                cb_mem_read
                0x0203ba68                cb_mem_write
                0x0203bae8                cb_mem_rwex
                0x0203bb24                mscCmd_ufmod
                0x0203bb74                sent_csw
                0x0203bc34                mscCmd_Read
                0x0203bd64                mscCmd_Write
                0x0203bec0                cbw_update
                0x0203c050                scsi_cmd_analysis
                0x0203c2a0                get_cbw
                0x0203c4ac                rbc_rec_pkg
                0x0203c540                rbc_process
 .text          0x0203c5a0      0x3b8 ./Debug/dusb_hal_usb_uac.c.o
                0x0203c5a0                UacReceiveSetSamplingFreqCallback
                0x0203c5e0                uac_epx_cfg