Archive member included because of file (symbol)

../bwlib\libusbh.a(hal_usb_host_enum.o)
                              ./Debug/usensor_237a_1.c.o (exmand)
../bwlib\libsd.a(ax32xx_sd.o)
                              ./Debug/src_hal_sd.c.o (ax32xx_sd0Init)
../bwlib\libavi.a(aviEncoder.o)
                              ./Debug/video_video_record.c.o (aviEncodeInit)
../bwlib\libavi.a(encoder_std.o)
                              ../bwlib\libavi.a(aviEncoder.o) (avi_encoder_std)
../bwlib\libavi.a(encoder_odml.o)
                              ../bwlib\libavi.a(aviEncoder.o) (avi_odmlAddoffset)
../bwlib\libavi.a(aviDecoder.o)
                              ./Debug/video_video_playback.c.o (aviDecodeInit)
../bwlib\libavi.a(decoder_std.o)
                              ../bwlib\libavi.a(aviDecoder.o) (avi_standard)
../bwlib\libavi.a(decoder_odml.o)
                              ../bwlib\libavi.a(aviDecoder.o) (avi_opendml)
../bwlib\libfs.a(fs.o)        ./Debug/taskSysScanDevice.c.o (fs_nodeinit)
../bwlib\libfs.a(diskio.o)    ./Debug/main.c.o (fs_init)
../bwlib\libfs.a(ff.o)        ../bwlib\libfs.a(fs.o) (clst2sect)
../bwlib\libfs.a(ffunicode.o)
                              ../bwlib\libfs.a(ff.o) (ff_uni2oem)
C:/MinGW-4.7.1/or1k-elf/lib/no-delay\libc.a(lib_a-memcpy.o)
                              ./Debug/resource_manager.c.o (memcpy)
C:/MinGW-4.7.1/or1k-elf/lib/no-delay\libc.a(lib_a-memset.o)
                              ./Debug/main.c.o (memset)
C:/MinGW-4.7.1/or1k-elf/lib/no-delay\libc.a(lib_a-strcat.o)
                              ./Debug/resource_manager.c.o (strcat)
C:/MinGW-4.7.1/or1k-elf/lib/no-delay\libc.a(lib_a-strcmp.o)
                              ./Debug/resource_manager.c.o (strcmp)
C:/MinGW-4.7.1/or1k-elf/lib/no-delay\libc.a(lib_a-strcpy.o)
                              ./Debug/resource_manager.c.o (strcpy)
C:/MinGW-4.7.1/or1k-elf/lib/no-delay\libc.a(lib_a-strlen.o)
                              ./Debug/resource_manager.c.o (strlen)
C:/MinGW-4.7.1/or1k-elf/lib/no-delay\libc.a(lib_a-strncmp.o)
                              ./Debug/resource_manager.c.o (strncmp)
C:/MinGW-4.7.1/or1k-elf/lib/no-delay\libc.a(lib_a-strncpy.o)
                              ./Debug/taskAudioRecordMsg.c.o (strncpy)
C:/MinGW-4.7.1/lib/gcc/or1k-elf/4.9.1/no-delay\libgcc.a(_udivdi3.o)
                              ../bwlib\libfs.a(ff.o) (__udivdi3)
C:/MinGW-4.7.1/lib/gcc/or1k-elf/4.9.1/no-delay\libgcc.a(__udivsi3.o)
                              C:/MinGW-4.7.1/lib/gcc/or1k-elf/4.9.1/no-delay\libgcc.a(_udivdi3.o) (__udivsi3)
C:/MinGW-4.7.1/lib/gcc/or1k-elf/4.9.1/no-delay\libgcc.a(__umodsi3.o)
                              C:/MinGW-4.7.1/lib/gcc/or1k-elf/4.9.1/no-delay\libgcc.a(_udivdi3.o) (__umodsi3)
C:/MinGW-4.7.1/lib/gcc/or1k-elf/4.9.1/no-delay\libgcc.a(_clz.o)
                              C:/MinGW-4.7.1/lib/gcc/or1k-elf/4.9.1/no-delay\libgcc.a(_udivdi3.o) (__clz_tab)

Allocating common symbols
Common symbol       size              file

fp_jpegdc_ldone_hal
                    0x4               ./Debug/mjpeg_ax32xx_mjpeg.c.o
mscstack            0xc               ./Debug/husb_hal_usb_host_tpbulk.c.o
uvcisp              0x804             ./Debug/logo.c.o
fp_tmnow            0x4               ../bwlib\libfs.a(diskio.o)
fp_storage_wr       0x4               ../bwlib\libfs.a(diskio.o)
fp11_epout_isr_hal  0x4               ./Debug/main.c.o
jpegCache           0x4               ./Debug/multimedia_user_media.c.o
fp_stat_isr         0x4               ./Debug/isp_hal_isp.c.o
info_buf            0x37              ./Debug/taskSysScanDevice.c.o
fp_ae_isr           0x4               ./Debug/isp_hal_isp.c.o
usb_varm            0x1c              ./Debug/main.c.o
WAV_TYPE_E          0x4               ./Debug/main.c.o
fp_uvc_off_hal      0x4               ./Debug/dusb_hal_usb_dev_enum.c.o
dev                 0x12              ../bwlib\libusbh.a(hal_usb_host_enum.o)
SysCtrl             0x5c              ./Debug/main.c.o
audsIStack          0xc               ./Debug/multimedia_user_media.c.o
jpegBStack          0x8               ./Debug/multimedia_user_media.c.o
jBLbuf              0x70800           ./Debug/husb_hal_usensor.c.o
fp_epout_isr_hal    0x4               ./Debug/main.c.o
tempFileName2       0x1c              ./Debug/taskVideoRecord.c.o
audioCache          0x4               ./Debug/multimedia_user_media.c.o
diskhal             0x48              ./Debug/husb_hal_usb_host_tpbulk.c.o
fp11_host_connect_hal
                    0x4               ./Debug/src_ax32xx_usb.c.o
filetime            0x1               ./Debug/taskSysScanDevice.c.o
fp_uvc_on_hal       0x4               ./Debug/dusb_hal_usb_dev_enum.c.o
pcm_buf             0x4               ./Debug/src_hal_auadc.c.o
mediaVideoCtrlB     0x84              ./Debug/main.c.o
uac_onflg           0x1               ./Debug/dusb_hal_usb_dev_enum.c.o
[...]
Memory Configuration

Name             Origin             Length             Attributes
boot             0x01fffc00         0x00000200
ram_boot         0x00000000         0x00005000
ram_user         0x00000000         0x00005000
usbfifo          0x00008000         0x00001000
sdram            0x02000000         0x00800000
exsdram          0x00000000         0x00800000
*default*        0x00000000         0xffffffff

Linker script and memory map

LOAD ./Debug/ax32xx_reset.S.o
LOAD ./Debug/ax32xx_spi_boot_cfg.S.o
LOAD ./Debug/ax32xx_BLDRX32.S.o
LOAD ./Debug/main.c.o
LOAD ./Debug/resource_manager.c.o
LOAD ./Debug/upgrade.c.o
LOAD ./Debug/board.c.o
LOAD ./Debug/board_bwv1.c.o
LOAD ./Debug/config.c.o
LOAD ./Debug/display.c.o
LOAD ./Debug/explorer.c.o
LOAD ./Debug/filelist.c.o
LOAD ./Debug/font.c.o
LOAD ./Debug/icon.c.o
LOAD ./Debug/board_fpga.c.o
LOAD ./Debug/configGetValue.c.o
LOAD ./Debug/configSystem.c.o
LOAD ./Debug/logo.c.o
LOAD ./Debug/menuMovieRec.c.o
LOAD ./Debug/menuPlayBack.c.o
LOAD ./Debug/msgDeal.c.o
LOAD ./Debug/msgSysRecommend.c.o
LOAD ./Debug/msgSysUnshielded.c.o
LOAD ./Debug/taskManage.c.o
LOAD ./Debug/taskPhotoEncode.c.o
LOAD ./Debug/taskPhotoEncodeMsg.c.o
LOAD ./Debug/taskPlayBack.c.o
LOAD ./Debug/taskPlayBackMsg.c.o
LOAD ./Debug/taskPowerOff.c.o
LOAD ./Debug/taskSysScanDevice.c.o
LOAD ./Debug/taskUsbDevice.c.o
LOAD ./Debug/taskVideoRecord.c.o
LOAD ./Debug/taskVideoRecordMsg.c.o
LOAD ./Debug/toolFunc.c.o
LOAD ./Debug/uiAsternMsg.c.o
LOAD ./Debug/uiMenuDateTimeMsg.c.o
LOAD ./Debug/uiMenuDefaultMsg.c.o
LOAD ./Debug/uiMenuDelAllMsg.c.o
LOAD ./Debug/uiMenuDelCurMsg.c.o
LOAD ./Debug/uiMenuFormatMsg.c.o
LOAD ./Debug/uiMenuItemMsg.c.o
LOAD ./Debug/uiMenuLockCurMsg.c.o
LOAD ./Debug/uiMenuOptionMsg.c.o
LOAD ./Debug/uiMenuUnlockAllMsg.c.o
LOAD ./Debug/uiMenuUnlockCurMsg.c.o
LOAD ./Debug/uiMenuUsbMsg.c.o
LOAD ./Debug/uiNoFileMsg.c.o
LOAD ./Debug/uiTips1Msg.c.o
LOAD ./Debug/uiTipsMsg.c.o
LOAD ./Debug/uiWin.c.o
LOAD ./Debug/uiSelfTestMsg.c.o
LOAD ./Debug/uiMenuVersionMsg.c.o
LOAD ./Debug/taskAudioRecordMsg.c.o
LOAD ./Debug/taskAudioRecord.c.o
LOAD ./Debug/taskAudioPlay.c.o
LOAD ./Debug/taskAudioPlaydMsg.c.o
LOAD ./Debug/uiSelfClockMsg.c.o
LOAD ./Debug/uiMenuDelAllMsg2.c.o
LOAD ./Debug/uiMenuDelAllRes2.c.o
LOAD ./Debug/uiMenuDelCurMsg2.c.o
LOAD ./Debug/uiMenuDelCurRes2.c.o
LOAD ./Debug/xos_x_cpu.c.o
LOAD ./Debug/xos_xmbox.c.o
LOAD ./Debug/xos_xmsgq.c.o
LOAD ./Debug/xos_xos.c.o
LOAD ./Debug/xos_xwork.c.o
LOAD ./Debug/multimedia_user_media.c.o
LOAD ./Debug/sUI_button.c.o
LOAD ./Debug/sUI_dialog.c.o
LOAD ./Debug/sUI_frameWin.c.o
LOAD ./Debug/sUI_imageIcon.c.o
LOAD ./Debug/sUI_itemManage.c.o
LOAD ./Debug/sUI_menuItem.c.o
LOAD ./Debug/sUI_menuItemEx.c.o
LOAD ./Debug/sUI_menuOption.c.o
LOAD ./Debug/sUI_progressBar.c.o
LOAD ./Debug/sUI_rect.c.o
LOAD ./Debug/sUI_stringIcon.c.o
LOAD ./Debug/sUI_tips.c.o
LOAD ./Debug/sUI_uiAlloc.c.o
LOAD ./Debug/sUI_widget.c.o
LOAD ./Debug/sUI_winManage.c.o
LOAD ./Debug/sUI_memPool.c.o
LOAD ./Debug/src_ax32xx_int.c.o
LOAD ./Debug/src_ax32xx_sys.c.o
LOAD ./Debug/src_ax32xx_dma.c.o
LOAD ./Debug/src_ax32xx_wdt.c.o
LOAD ./Debug/src_ax32xx_gpio.c.o
LOAD ./Debug/src_ax32xx_uart.c.o
LOAD ./Debug/src_ax32xx_timer.c.o
LOAD ./Debug/src_ax32xx_tminf.c.o
LOAD ./Debug/src_ax32xx_spi.c.o
LOAD ./Debug/src_ax32xx_rtc.c.o
LOAD ./Debug/src_ax32xx_md.c.o
LOAD ./Debug/src_ax32xx_iic.c.o
LOAD ./Debug/src_ax32xx_dac.c.o
LOAD ./Debug/src_ax32xx_adc.c.o
LOAD ./Debug/src_ax32xx_auadc.c.o
LOAD ./Debug/src_ax32xx_isp.c.o
LOAD ./Debug/src_jpeg_table.c.o
LOAD ./Debug/src_isp_tab.c.o
LOAD ./Debug/src_ax32xx_usb.c.o
LOAD ./Debug/src_ax32xx_misc.c.o
LOAD ./Debug/src_ax32xx_pip.c.o
LOAD ./Debug/src_ax32xx_btuart.c.o
LOAD ./Debug/src_ax32xx_crc.c.o
LOAD ./Debug/src_ax32xx_emi.c.o
LOAD ./Debug/src_ax32xx_rotate.c.o
LOAD ./Debug/src_ax32xx_osdcmp.c.o
LOAD ./Debug/osd_ax32xx_osd.c.o
LOAD ./Debug/csi_ax32xx_csi.c.o
LOAD ./Debug/lcd_ax32xx_lcd.c.o
LOAD ./Debug/mjpeg_ax32xx_mjpeg.c.o
LOAD ./Debug/resource_user_icon.c.o
LOAD ./Debug/resource_user_str.c.o
LOAD ./Debug/src_hal_adc.c.o
LOAD ./Debug/src_hal_csi.c.o
LOAD ./Debug/src_hal_dac.c.o
LOAD ./Debug/src_hal_eeprom.c.o
LOAD ./Debug/src_hal_gpio.c.o
LOAD ./Debug/src_hal_iic.c.o
LOAD ./Debug/src_hal_lcd.c.o
LOAD ./Debug/src_hal_md.c.o
LOAD ./Debug/src_hal_osd.c.o
LOAD ./Debug/src_hal_rtc.c.o
LOAD ./Debug/src_hal_sd.c.o
LOAD ./Debug/src_hal_spi.c.o
LOAD ./Debug/src_hal_timer.c.o
LOAD ./Debug/src_hal_uart.c.o
LOAD ./Debug/src_hal_watermark.c.o
LOAD ./Debug/src_hal_sys.c.o
LOAD ./Debug/src_hal_auadc.c.o
LOAD ./Debug/src_hal_mjpeg.c.o
LOAD ./Debug/src_hal_int.c.o
LOAD ./Debug/src_hal_wdt.c.o
LOAD ./Debug/src_hal_stream.c.o
LOAD ./Debug/src_hal_emi.c.o
LOAD ./Debug/src_hal_mjpegB.c.o
LOAD ./Debug/src_hal_osdcmp.c.o
LOAD ./Debug/src_hal_rotate.c.o
LOAD ./Debug/src_hal_lcdframe.c.o
LOAD ./Debug/isp_hal_isp.c.o
LOAD ./Debug/dusb_hal_usb_api.c.o
LOAD ./Debug/dusb_hal_usb_dev_enum.c.o
LOAD ./Debug/dusb_hal_usb_msc.c.o
LOAD ./Debug/dusb_hal_usb_uac.c.o
LOAD ./Debug/dusb_hal_usb_uvc.c.o
LOAD ./Debug/husb_hal_usb_host_api.c.o
LOAD ./Debug/husb_hal_usb_host_tpbulk.c.o
LOAD ./Debug/husb_hal_usb_host_uvc.c.o
LOAD ./Debug/husb_hal_usensor.c.o
LOAD ./Debug/audio_audio_playback.c.o
LOAD ./Debug/audio_audio_record.c.o
LOAD ./Debug/audio_ring_buffer.c.o
LOAD ./Debug/video_video_playback.c.o
LOAD ./Debug/video_video_record.c.o
LOAD ./Debug/video_video_record_B.c.o
LOAD ./Debug/image_image_decode.c.o
LOAD ./Debug/image_image_encode.c.o
LOAD ./Debug/wav_alaw.c.o
LOAD ./Debug/wav_imaadpcm.c.o
LOAD ./Debug/wav_pcm.c.o
LOAD ./Debug/wav_ulaw.c.o
LOAD ./Debug/wav_wav.c.o
LOAD ./Debug/stream_stream.c.o
LOAD ./Debug/gsensor_G_gma301.c.o
LOAD ./Debug/gsensor_gsensor.c.o
LOAD ./Debug/gsensor_G_sc7a30e.c.o
LOAD ./Debug/gsensor_g_da380.c.o
LOAD ./Debug/cmos_sensor_cmos_sensor.c.o
LOAD ./Debug/cmos_sensor_SENSOR_BF3a03.c.o
LOAD ./Debug/cmos_sensor_SENSOR_BF2013.c.o
LOAD ./Debug/cmos_sensor_SENSOR_BF3016.c.o
LOAD ./Debug/cmos_sensor_SENSOR_BF3703.c.o
LOAD ./Debug/cmos_sensor_SENSOR_GC0307.c.o
LOAD ./Debug/cmos_sensor_SENSOR_GC0308.c.o
LOAD ./Debug/cmos_sensor_SENSOR_GC0309.c.o
LOAD ./Debug/cmos_sensor_SENSOR_GC0328.c.o
LOAD ./Debug/cmos_sensor_SENSOR_GC1004.c.o
LOAD ./Debug/cmos_sensor_SENSOR_H42.c.o
LOAD ./Debug/cmos_sensor_SENSOR_H7640.c.o
LOAD ./Debug/cmos_sensor_SENSOR_HM1055.c.o
LOAD ./Debug/cmos_sensor_SENSOR_IT03A1.c.o
LOAD ./Debug/cmos_sensor_SENSOR_NT99141.c.o
LOAD ./Debug/cmos_sensor_SENSOR_NT99142.c.o
LOAD ./Debug/cmos_sensor_SENSOR_OV7670.c.o
LOAD ./Debug/cmos_sensor_SENSOR_OV7725.c.o
LOAD ./Debug/cmos_sensor_SENSOR_OV9710.c.o
LOAD ./Debug/cmos_sensor_SENSOR_OV9732.c.o
LOAD ./Debug/cmos_sensor_SENSOR_SC1045.c.o
LOAD ./Debug/cmos_sensor_SENSOR_SIV100B.c.o
LOAD ./Debug/cmos_sensor_SENSOR_SIV120B.c.o
LOAD ./Debug/cmos_sensor_SENSOR_SIV121DS.c.o
LOAD ./Debug/cmos_sensor_SENSOR_SP1409.c.o
LOAD ./Debug/cmos_sensor_SENSOR_H62.c.o
LOAD ./Debug/cmos_sensor_SENSOR_GC1034.c.o
LOAD ./Debug/cmos_sensor_SENSOR_OV7736.c.o
LOAD ./Debug/cmos_sensor_SENSOR_SP140A.c.o
LOAD ./Debug/cmos_sensor_SENSOR_GC1054.c.o
LOAD ./Debug/cmos_sensor_SENSOR_GC1064.c.o
LOAD ./Debug/cmos_sensor_SENSOR_H65.c.o
LOAD ./Debug/cmos_sensor_SENSOR_SC1243.c.o
LOAD ./Debug/cmos_sensor_SENSOR_H63.c.o
LOAD ./Debug/cmos_sensor_SENSOR_H63P.c.o
LOAD ./Debug/tft_lcd_lcd_mcu_st7789.c.o
LOAD ./Debug/tft_lcd_lcd_rgb_jl_lcd.c.o
LOAD ./Debug/tft_lcd_lcd_rgb_st7282.c.o
LOAD ./Debug/tft_lcd_tft_lcd.c.o
LOAD ./Debug/tft_lcd_lcd_mcu_5420.c.o
LOAD ./Debug/tft_lcd_lcd_mcu_r61509v.c.o
LOAD ./Debug/tft_lcd_lcd_rgb_ili8961.c.o
LOAD ./Debug/tft_lcd_lcd_rgb_ili9342c.c.o
LOAD ./Debug/tft_lcd_lcd_mcu_ili9328.c.o
LOAD ./Debug/tft_lcd_lcd_mcu_hx8352b.c.o
LOAD ./Debug/tft_lcd_lcd_mcu_st7789v.c.o
LOAD ./Debug/tft_lcd_lcd_mcu_hx8352c.c.o
LOAD ./Debug/tft_lcd_lcd_mcu_hx8357b.c.o
LOAD ./Debug/tft_lcd_lcd_rgb_ili9806e.c.o
LOAD ./Debug/tft_lcd_lcd_rgb_ota5182.c.o
LOAD ./Debug/tft_lcd_lcd_rgb_st7701.c.o
LOAD ./Debug/tft_lcd_lcd_mcu_lgdp4532.c.o
LOAD ./Debug/tft_lcd_lcd_mcu_9225G.c.o
LOAD ./Debug/tft_lcd_lcd_mcu_st7789v2.c.o
LOAD ./Debug/tft_lcd_lcd_mcu_gc9307.c.o
LOAD ./Debug/usensor_237a_1.c.o
LOAD ./Debug/usensor_usensor.c.o
LOAD ./Debug/usensor_237a_2.c.o
LOAD ./Debug/nvfs_nvfs.c.o
LOAD ./Debug/Maxlib_max_user.c.o
LOAD ./Debug/Maxlib_uiDraw.c.o
LOAD ./Debug/std_misc.c.o
LOAD ./Debug/std_std_math.c.o
LOAD ./Debug/std_str.c.o
LOAD ./Debug/res_ascii.c.o
LOAD ./Debug/res_ascii_default.c.o
LOAD ./Debug/res_ascii_default_draw.c.o
LOAD ./Debug/res_ascii_num2.c.o
LOAD ./Debug/res_ascii_num2_draw.c.o
LOAD ./Debug/res_ascii_num3.c.o
LOAD ./Debug/res_ascii_num3_draw.c.o
LOAD ./Debug/res_ascii_num4.c.o
LOAD ./Debug/res_ascii_num4_draw.c.o
LOAD ./Debug/res_R.c.o
LOAD ./Debug/res_R_icon.c.o
LOAD ./Debug/res_R_string.c.o
LOAD ./Debug/res_ascii_num5.c.o
LOAD ./Debug/res_ascii_num5_draw.c.o
LOAD ../bwlib\libusbh.a
LOAD ../bwlib\libsd.a
LOAD ../bwlib\libavi.a
LOAD ../bwlib\libfs.a
LOAD C:/MinGW-4.7.1/or1k-elf/lib/no-delay\libc.a
LOAD C:/MinGW-4.7.1/lib/gcc/or1k-elf/4.9.1/no-delay\libgcc.a

.bootsec        0x01fffc00      0x200 load address 0x00000000
 *(.bootsec)
 .bootsec       0x01fffc00      0x200 ./Debug/ax32xx_BLDRX32.S.o
                0x01fffc10                hex
                0x01fffc10                .hex
                0x01fffde4                .bootsect

.exception      0x00000000     0x1dd0 load address 0x00000200
                0x00000000                _exception_vma = .
 *(.vector)
 .vector        0x00000000      0x3f0 ./Debug/ax32xx_reset.S.o
                0x00000320                _start
                0x0000035c                _step_in
                0x000003a0                _step_out
 *(.vector.text)
 .vector.text   0x000003f0     0x15dc ./Debug/src_ax32xx_int.c.o
                0x00000534                exception_uart_puts
                0x00000548                memcpy_flash2psram
                0x000005a0                flash_to_psram
                0x000006a0                exception_init
                0x0000076c                ax32xx_vddrtcCalculate
                0x00000798                my_memset
                0x000007c8                my_putchar
                0x000007dc                myputs
                0x00000804                my_putword
                0x00000818                dllcon_init
                0x000009c4                sdram_init
                0x00000a94                adcRead
                0x00000aec                adcConverStart
                0x00000b10                adcSetBaudrate
                0x00000b40                sysClkSet
                0x00000b9c                adcEnable
                0x00000c04                adcGetChannel
                0x00000c3c                sdram_tuning_check_2
                0x00000dbc                _sdr_tuning2_conifg_set
                0x00000ddc                sdram_clock_tune
                0x00001718                exception
                0x000019b0                exception_trigger
 *(.vector.data)
 .vector.data   0x000019cc      0x100 ./Debug/ax32xx_reset.S.o
                0x000019cc                _step_data
 .vector.data   0x00001acc      0x304 ./Debug/src_ax32xx_int.c.o
                0x00001acc                tune_values
                0x00001c4c                tune_by
                0x00001c58                tune_tab_2_dll
                0x00001c68                tune_tab_1_dll
                0x00001c78                tune_tab_2_clk
                0x00001c98                tune_tab_1_clk
                0x00001cb8                tuning_test_addr
                0x00001d38                tuning_test_data
                0x00001db8                SDRTUN2_CON
                0x00001dbc                sdr_tune_source
                0x00001dc0                chip_vision

.ram            0x00001de0     0x2ce0 load address 0x00001fe0
                0x00001de0                __sram_start = .
 *(.msk_var_use)
 *(.sdc_buf)
 .sdc_buf       0x00001de0       0x40 ../bwlib\libsd.a(ax32xx_sd.o)
 *(.sram_comm)
 .sram_comm     0x00001e20       0x60 ./Debug/xos_xmsgq.c.o
 .sram_comm     0x00001e80      0x280 ./Debug/src_ax32xx_isp.c.o
                0x00001e80                csi_stat
 .sram_comm     0x00002100     0x25c0 ./Debug/src_hal_sys.c.o
                0x00002100                ramuse
 .sram_comm     0x000046c0      0x400 ./Debug/husb_hal_usb_host_uvc.c.o
                0x000046c0                isobuf
                0x00004ac0                __sram_end = .

.fifo           0x00008000      0xce0
                0x00008000                __ufifo_start = .
 *(.sram_Usbfifo)
 .sram_Usbfifo  0x00008000      0xce0 ./Debug/src_hal_sys.c.o
                0x00008000                usbfifo
                0x00008ce0                __ufifo_end = .

.text           0x02000000    0x91784 load address 0x00002000
                0x02000000                _text_start = .
 *(.text*)
 .text          0x02000000        0x0 ./Debug/ax32xx_reset.S.o
 .text          0x02000000        0x0 ./Debug/ax32xx_spi_boot_cfg.S.o
 .text          0x02000000        0x0 ./Debug/ax32xx_BLDRX32.S.o
 .text          0x02000000      0xaa8 ./Debug/main.c.o
                0x02000000                registerTask
                0x0200008c                init
                0x020004c4                tap_exec
                0x02000618                init_tap
                0x02000a40                systemService
                0x02000a74                sendDrawUIMsg
 .text.startup  0x02000aa8       0xe0 ./Debug/main.c.o
                0x02000aa8                main
 .text          0x02000b88     0x1e1c ./Debug/resource_manager.c.o
                0x02000cc4                managerInit
                0x02000d3c                managerCreate
                0x02000e14                managerDestory
                0x02000e8c                managerFileCount
                0x02000f24                managerFileCountEx
                0x02000f90                managerLockFileExt
                0x02001038                managerUnlockFileExt
                0x020010e4                managerCheckLock
                0x02001120                managerCheckLockExt
                0x020011b0                managerFlush
                0x0200121c                managerDelFileByIndex
                0x0200132c                managerDelFileAll
                0x02001410                managerScanStart
                0x02001478                managerScanEnd
                0x02001538                explorerListHook
                0x02001550                managerNameChange
                0x02001764                managerSpaceCheck
                0x02001b18                manangerCheckFileType
                0x02001d5c                managerAddFile
                0x02001e00                managerAddFileEx
                0x02001e60                managerRenameExt
                0x02001f00                managerRename
                0x02001fc0                managerLockFile
                0x02002048                managerUnlockFile
                0x02002108                managerDelFileByName
                0x02002264                managerDelFileByFullName
                0x020023e4                managerFileNameCreater
                0x020025f8                managerFileScan
                0x0200277c                manangerGetFileFullPathName
                0x02002830                manangerGetFileName
                0x020028c8                manangerFindFileAndDel
 .text          0x020029a4      0x4d8 ./Debug/upgrade.c.o
                0x020029a4                upgrade_uiProgress
                0x020029e4                upgrade
 .text          0x02002e7c      0x314 ./Debug/board.c.o
                0x02002e7c                boardInit
                0x02002fa8                boardOpen
                0x0200304c                boardIoctrl
                0x020030d4                boardNameIoctrl
 .text          0x02003190      0xd08 ./Debug/board_bwv1.c.o
                0x020038d0                getCurBatteryADC
                0x020038f0                getKeyADCvalue
                0x02003910                getKeyVal
                0x020039fc                getKey
                0x02003c40                keyScanKey
                0x02003e5c                board_powerCheck
 .text          0x02003e98      0x2e0 ./Debug/config.c.o
                0x02003e98                configCheckSumCal
                0x02003edc                userConfigSave
                0x02003f50                userConfigReset
                0x0200404c                userConfigInitial
                0x020040fc                configSet
                0x02004138                configGet
 .text          0x02004178      0xbd8 ./Debug/display.c.o
                0x02004178                dispLayerPIPOnlyBack
                0x020041f4                dispLayerPIPBakRightTop
                0x02004294                dispLayerPIPFrtRightTop
                0x02004318                dispLayerPIPFBHalf
                0x0200439c                dispLayerPIPBFHalf
                0x02004420                dispLayerPIPOnlyFront
                0x020044b4                dispLayerUninit
                0x02004510                dispLayerGetResolution
                0x020045e4                dispLayerSetResolution
                0x020046d0                dispLayerSetRotate
                0x02004704                dispRatioResolutionCalculate
                0x020047dc                dispLayerSetRatio
                0x0200488c                dispLayerInit
                0x02004ab8                dispLayerShow
                0x02004afc                dispLayerGetFrame
                0x02004b44                dispLayerFreeFrame
                0x02004bbc                dispLayerSetFrame
                0x02004be8                dispLayerSetPIPMode
                0x02004c4c                dispLayer_ABwin
                0x02004c7c                dispLayer_getABwin
                0x02004c9c                dispLayerSetFrontCrop
 .text          0x02004d50        0x0 ./Debug/explorer.c.o
 .text          0x02004d50      0xe48 ./Debug/filelist.c.o
 .text          0x02005b98      0x874 ./Debug/font.c.o
                0x02005da8                fontInit
                0x02005e70                fontSetLanguage
                0x02005f20                fontGetStringInfo
                0x02005fd0                fontDrawString
                0x020061c0                resGetString
                0x020062d8                resGetChar
 .text          0x0200640c      0x270 ./Debug/icon.c.o
                0x0200640c                iconInit
                0x02006458                iconGetSize
                0x020064fc                iconGetData
                0x02006598                iconGetAddr
                0x0200660c                iconGetPalette
 .text          0x0200667c        0x0 ./Debug/board_fpga.c.o
 .text          0x0200667c       0x58 ./Debug/configGetValue.c.o
                0x0200667c                configValue2Int
 .text          0x020066d4      0x270 ./Debug/configSystem.c.o
                0x020066d4                configLanguage
                0x0200674c                configSys
                0x02006908                configSystem
 .text          0x02006944      0x4f0 ./Debug/logo.c.o
                0x02006944                upgrade_uvc
                0x020069ec                logo_image_show
                0x02006b08                logo_music_show
                0x02006c84                layout_logo_show
                0x02006d30                layout_version_get
                0x02006e1c                layout_keysound_load
 .text          0x02006e34       0xb0 ./Debug/menuMovieRec.c.o
                0x02006e34                menuProcDateTime
                0x02006e60                menuProcDefault
                0x02006e8c                menuProcVersion
                0x02006eb8                menuProcFormat
 .text          0x02006ee4      0x134 ./Debug/menuPlayBack.c.o
                0x02006ee4                menuProcDelCur
                0x02006f10                menuProcDelCur2
                0x02006f3c                menuProcDelAll
                0x02006f68                menuProcDelAll2
                0x02006f94                menuProcLockCur
                0x02006fc0                menuProcUnlockCur
                0x02006fec                menuProcUnlockAll
 .text          0x02007018      0x360 ./Debug/msgDeal.c.o
                0x02007018                msgFuncRegister
                0x020070d0                unshieldedMsgFuncRegister
                0x0200714c                msgDeal
                0x02007284                msgDealByType
                0x0200731c                msgDealByMsgInfor
 .text          0x02007378      0x10c ./Debug/msgSysRecommend.c.o
 .text          0x02007484      0x610 ./Debug/msgSysUnshielded.c.o
 .text          0x02007a94      0x358 ./Debug/taskManage.c.o
                0x02007a94                taskInit
                0x02007b08                taskInfor
                0x02007b1c                taskRegister
                0x02007b54                taskCurrent
                0x02007b74                taskNext
                0x02007b94                taskStart
                0x02007c14                taskChange
                0x02007c80                taskService
 .text          0x02007dec      0x330 ./Debug/taskPhotoEncode.c.o
                0x02007dec                taskPhotoEncodeService
                0x02007e00                taskPhotoEncodeOpen
                0x02007e54                taskPhotoEncodeClose
                0x02007eac                task_image_createfile
                0x02007f8c                image_take_photo
 .text          0x0200811c      0x99c ./Debug/taskPhotoEncodeMsg.c.o
 .text          0x02008ab8      0x560 ./Debug/taskPlayBack.c.o
                0x02008ab8                taskPlayBackClose
                0x02008af8                video_playback_start
                0x02008d18                taskPlayBackOpen
                0x02008d98                taskPlayBackService
                0x02008e44                imageRegionCopy
 .text          0x02009018     0x1304 ./Debug/taskPlayBackMsg.c.o
 .text          0x0200a31c      0x234 ./Debug/taskPowerOff.c.o
                0x0200a31c                uninit
                0x0200a4c0                taskPowerOffOpen
 .text          0x0200a550     0x1b60 ./Debug/taskSysScanDevice.c.o
                0x0200aa6c                deamon_night_effect
                0x0200aaa8                timerMsgSend
                0x0200ab4c                setKeyEn
                0x0200ab6c                info_value_init
                0x0200abec                set_info_value
                0x0200ac84                get_info_value
                0x0200ad10                updata_settings_menu
                0x0200add8                get_usb_to_video_flag
                0x0200adf8                set_usb_to_video_flag
                0x0200ae18                deamon_astern_check
                0x0200aeb4                reflush_usensor_check
                0x0200af10                setSoftwareDetachUsensor
                0x0200af30                deamon_usb_check
                0x0200b1d8                deamon_gsensor_check
                0x0200b2b4                set_clock_state
                0x0200b2d4                get_clock_state
                0x0200b2f4                deamon_clock_check
                0x0200b3c0                deamon_screen_save
                0x0200b530                deamon_key_check
                0x0200b784                deamon_auto_poweroff
                0x0200b8c4                deamon_keysound_play
                0x0200b8dc                deamon_fsFreeSize
                0x0200b94c                deamon_fs_scan
                0x0200bb54                deamon_sdc_check
                0x0200bd6c                taskSysScanDev
                0x0200be68                deamon_usb_to_video_check_card
                0x0200bf00                deamon_fsSizeModify
                0x0200bf94                get_key_clock_value
                0x0200bfe0                get_suspended_lcd_value
                0x0200c070                set_key_press_power_clock
                0x0200c090                get_key_press_power_clock
 .text          0x0200c0b0      0x2ac ./Debug/taskUsbDevice.c.o
 .text          0x0200c35c      0xe74 ./Debug/taskVideoRecord.c.o
                0x0200c35c                video_record_start
                0x0200c3fc                task_record_stop
                0x0200c47c                taskVideoRecordeClose
                0x0200c55c                task_video_record_caltime
                0x0200c598                video_record_callback
                0x0200ce74                taskVideoRecordeOpen
                0x0200cfbc                task_video_record_caltime_rename
                0x0200d004                taskVideoRecordeService
                0x0200d11c                taskVideoRecTimeIncreace
                0x0200d130                videoCapturePhoto
 .text          0x0200d1d0     0x1390 ./Debug/taskVideoRecordMsg.c.o
                0x0200e3e0                recordTimeCount1S
 .text          0x0200e560       0xcc ./Debug/toolFunc.c.o
                0x0200e560                intToString
 .text          0x0200e62c      0x7b0 ./Debug/uiAsternMsg.c.o
 .text          0x0200eddc      0x838 ./Debug/uiMenuDateTimeMsg.c.o
                0x0200f2ac                dateTimeStrUpdate
                0x0200f2d4                dateTimeIncreace
                0x0200f474                dateTimeDecreace
 .text          0x0200f614      0x35c ./Debug/uiMenuDefaultMsg.c.o
 .text          0x0200f970      0x490 ./Debug/uiMenuDelAllMsg.c.o
 .text          0x0200fe00      0x458 ./Debug/uiMenuDelCurMsg.c.o
 .text          0x02010258      0x45c ./Debug/uiMenuFormatMsg.c.o
 .text          0x020106b4      0xb28 ./Debug/uiMenuItemMsg.c.o
                0x020111bc                menuIsOpen
 .text          0x020111dc      0x4d8 ./Debug/uiMenuLockCurMsg.c.o
 .text          0x020116b4      0x434 ./Debug/uiMenuOptionMsg.c.o
 .text          0x02011ae8      0x4ac ./Debug/uiMenuUnlockAllMsg.c.o
 .text          0x02011f94      0x4a8 ./Debug/uiMenuUnlockCurMsg.c.o
 .text          0x0201243c      0x228 ./Debug/uiMenuUsbMsg.c.o
 .text          0x02012664      0x2b0 ./Debug/uiNoFileMsg.c.o
 .text          0x02012914      0x3cc ./Debug/uiTips1Msg.c.o
 .text          0x02012ce0      0x32c ./Debug/uiTipsMsg.c.o
 .text          0x0201300c      0x400 ./Debug/uiWin.c.o
                0x0201300c                dialogCB
                0x020131d4                uiParentDealMsg
                0x02013204                uiOpenWindow
                0x020132ec                uiOpenWinAndShow
                0x020133dc                windowIsOpen
 .text          0x0201340c      0x944 ./Debug/uiSelfTestMsg.c.o
 .text          0x02013d50      0x1c0 ./Debug/uiMenuVersionMsg.c.o
 .text          0x02013f10      0x9bc ./Debug/taskAudioRecordMsg.c.o
                0x020145d4                audioGetCurFileName
                0x02014604                audioParseCurFileName
                0x0201478c                AudioShow_RecState
                0x020148a4                Test_Delay_Ms
 .text          0x020148cc      0x2e0 ./Debug/taskAudioRecord.c.o
                0x020148cc                taskAudioRecordeOpen
                0x02014968                taskAudioRecordeClose
                0x02014998                audio_record_callback
                0x02014ae4                taskAudioRecordeService
 .text          0x02014bac      0x134 ./Debug/taskAudioPlay.c.o
                0x02014bac                taskAudioPlayOpen
                0x02014bec                taskAudioPlayClose
                0x02014c1c                taskAudioPlayService
                0x02014c3c                audio_play_start
 .text          0x02014ce0      0x774 ./Debug/taskAudioPlaydMsg.c.o
 .text          0x02015454     0x1354 ./Debug/uiSelfClockMsg.c.o
 .text          0x020167a8      0x41c ./Debug/uiMenuDelAllMsg2.c.o
 .text          0x02016bc4        0x0 ./Debug/uiMenuDelAllRes2.c.o
 .text          0x02016bc4      0x458 ./Debug/uiMenuDelCurMsg2.c.o
 .text          0x0201701c        0x0 ./Debug/uiMenuDelCurRes2.c.o
 .text          0x0201701c        0x0 ./Debug/xos_x_cpu.c.o
 .text          0x0201701c      0x1b0 ./Debug/xos_xmbox.c.o
                0x0201701c                XMboxInit
                0x0201705c                XMboxCreate
                0x020170e4                XMboxDestory
                0x0201711c                XMboxPost
                0x02017170                XMboxPend
 .text          0x020171cc      0x2e4 ./Debug/xos_xmsgq.c.o
                0x020171cc                XMsgQInit
                0x0201720c                XMsgQCreate
                0x0201729c                XMsgQDestory
                0x020172d4                XMsgQFlush
                0x02017314                XMsgQPost
                0x0201738c                XMsgQPostFront
                0x02017408                XMsgQPend
                0x02017498                XMsgQCheck
 .text          0x020174b0      0x12c ./Debug/xos_xos.c.o
                0x020174b0                XOSInit
                0x020174f0                XOSTickService
                0x02017560                XOSTimeGet
                0x02017580                XOSTimeDly
                0x020175bc                XOSRandom
 .text          0x020175dc      0x168 ./Debug/xos_xwork.c.o
                0x020175dc                XWorkInit
                0x0201761c                XWorkCreate
                0x020176a8                XWorkDestory
                0x020176d8                XWorkService
 .text          0x02017744        0x0 ./Debug/multimedia_user_media.c.o
 .text          0x02017744      0x1e8 ./Debug/sUI_button.c.o
                0x02017814                buttonCreate
                0x02017888                buttonCreateIndirect
 .text          0x0201792c      0x168 ./Debug/sUI_dialog.c.o
                0x0201792c                dialogCreate
                0x020179dc                dialogItem
 .text          0x02017a94      0x22c ./Debug/sUI_frameWin.c.o
                0x02017bec                frameWinCreate
                0x02017c50                frameWinCreateIndirect
 .text          0x02017cc0      0x2b0 ./Debug/sUI_imageIcon.c.o
                0x02017e48                imageIconCreate
                0x02017ef4                imageIconCreateIndirect
 .text          0x02017f70     0x1838 ./Debug/sUI_itemManage.c.o
                0x02017f70                itemManageCreate
                0x02017ff4                itemManageCreateIndirect
                0x02018068                itemManageSetItemHeight
                0x020181ec                itemManageSetHeightAvgGap
                0x02018360                itemManageSetRowSum
                0x020184bc                itemManageSetColumnSum
                0x0201860c                itemManageSetColumnSumWithGap
                0x02018788                itemManageSetColumnMargin
                0x020188b8                itemManageCreateItem
                0x02018a54                itemManageSetResInforFuncEx
                0x02018aac                itemManageSetCurItem
                0x02018da8                itemManageUpdateRes
                0x02018e60                itemManageUpdateAllitem
                0x02018ec4                itemManageUpdateCurItem
                0x02019068                itemManageNextItem
                0x020190d8                itemManagePreItem
                0x02019148                itemManageGetCurrentItem
                0x020191ac                itemManageSetCharInfor
                0x02019264                itemManageSetSelectColor
                0x02019310                itemManageSetSelectImage
                0x020193ac                itemManageSetUnselectColor
                0x02019458                itemManageSetUnselectImage
                0x020194f4                itemManageGetResNum
                0x02019630                itemManageGetTouchInfor
 .text          0x020197a8      0x43c ./Debug/sUI_menuItem.c.o
                0x02019a48                menuItemCreate
                0x02019af8                itemCreateMenuItem
 .text          0x02019be4      0x494 ./Debug/sUI_menuItemEx.c.o
                0x02019e70                menuItemExCreate
                0x02019f20                itemCreateMenuItemEx
 .text          0x0201a078      0x3d8 ./Debug/sUI_menuOption.c.o
                0x0201a2dc                menuOptionCreate
                0x0201a388                itemCreatemenuOption
 .text          0x0201a450      0x274 ./Debug/sUI_progressBar.c.o
                0x0201a5c8                progressBarCreate
                0x0201a64c                progressBarCreateIndirect
 .text          0x0201a6c4      0x234 ./Debug/sUI_rect.c.o
                0x0201a800                rectCreate
                0x0201a884                rectCreateIndirect
 .text          0x0201a8f8      0x2e0 ./Debug/sUI_stringIcon.c.o
                0x0201aa80                stringIconCreate
                0x0201ab2c                stringIconCreateIndirect
 .text          0x0201abd8      0x2a8 ./Debug/sUI_tips.c.o
                0x0201ad6c                tipsCreate
                0x0201adf8                tipsCreateIndirect
 .text          0x0201ae80      0x26c ./Debug/sUI_uiAlloc.c.o
                0x0201ae80                uiHeapInit
                0x0201aeb8                uiAlloc
                0x0201afb0                uiFree
                0x0201b0b0                uiHeapInfor
                0x0201b0d8                heapAllocTest
 .text          0x0201b0ec      0x11c ./Debug/sUI_widget.c.o
                0x0201b0ec                widgetProc
                0x0201b138                widgetSetType
                0x0201b168                widgetGetType
                0x0201b19c                widgetGetId
                0x0201b1d4                widgetSetId
 .text          0x0201b208     0x1c04 ./Debug/sUI_winManage.c.o
                0x0201b208                winErrShow
                0x0201b24c                winSendMsg
                0x0201b28c                winSendMsgNoData
                0x0201b2b4                winSendMsgToParent
                0x0201b2e4                winSendMsgToParentNoData
                0x0201b30c                winOverlapping
                0x0201b370                winContain
                0x0201b3d4                winHasInvalidRect
                0x0201b430                winFreeInvalidRect
                0x0201b72c                winCreate
                0x0201bb38                winDestroy
                0x0201bcb0                winGetTouchInfor
                0x0201bce0                winTouch
                0x0201bf00                winSetbgColor
                0x0201bf34                winSetfgColor
                0x0201bf68                winSetVisible
                0x0201bfec                winIsVisible
                0x0201c028                winSetResid
                0x0201c058                winSetItemSelResid
                0x0201c088                winGetResMaxNum
                0x0201c0c8                winSetResSum
                0x0201c0f8                winSetResidByNum
                0x0201c140                winSetStrInfor
                0x0201c188                winSetSelectStrInfor
                0x0201c1d0                winSetSelectInfor
                0x0201c214                winSetUnselectInfor
                0x0201c258                winChangeNotify
                0x0201c2c0                winDefaultProc
                0x0201c6b8                winResize
                0x0201c848                winGetRelativePos
                0x0201c8d8                winGetPos
                0x0201c91c                winUpdate
                0x0201c98c                winSetPorgressRate
                0x0201c9bc                winGetCurrent
                0x0201c9dc                winPaint
                0x0201cae8                winSetName
                0x0201cb08                winIntersection
                0x0201cbbc                winUpdateAllResId
                0x0201cc20                winDestroyDeskTopChildWin
                0x0201cc94                winInit
                0x0201cd80                winUninit
 .text          0x0201ce0c      0x174 ./Debug/sUI_memPool.c.o
                0x0201ce0c                mempCreate
                0x0201ce74                mempGet
                0x0201cecc                mempPut
                0x0201cf08                mempInfor
 .text          0x0201cf80      0x3bc ./Debug/src_ax32xx_int.c.o
                0x0201cf80                ax32xx_intHandler
                0x0201cf94                fast_isr
                0x0201d074                slow_isr
                0x0201d168                ax32xx_intEnable
                0x0201d1b0                ax32xx_int_priority
                0x0201d1f8                ax32xx_intInit
 .text          0x0201d33c      0x9c8 ./Debug/src_ax32xx_sys.c.o
                0x0201d33c                ax32xx_sysCpuMsDelay
                0x0201d378                ax32xx_sysCpuNopDelay
                0x0201d3a0                ax32xx_sysDcacheInit
                0x0201d3e4                ax32xx_sysIcacheInit
                0x0201d428                ax32xx_sysDcacheWback
                0x0201d4a4                ax32xx_sysDcacheFlush
                0x0201d520                ax32xx_sysDcacheInvalid
                0x0201d59c                ax32xx_sysSRAMClear
                0x0201d5f0                ax32xx_sysBSSClear
                0x0201d654                ax32xx_sysLDOSet
                0x0201d838                ax32xx_sysClkSet
                0x0201d894                ax32xx_sysReset
                0x0201d8d4                ax32xx_sys_dma_memdown
                0x0201d938                ax32xx_sys_dma_memkick
                0x0201d9fc                ax32xx_mcpy_gram2ufifo
                0x0201da5c                ax32xx_mcpy1_sdram2gram
                0x0201db00                ax32xx_sysInit
                0x0201dc44                ax32xx_sysUninit
 .text          0x0201dd04      0x298 ./Debug/src_ax32xx_dma.c.o
                0x0201dd04                ax32xx_dmaNocCfg
                0x0201df2c                ax32xx_dmaNocDefault
                0x0201df54                ax32xx_dmaChannelEnable
 .text          0x0201df9c       0xc8 ./Debug/src_ax32xx_wdt.c.o
                0x0201df9c                ax32xx_wdtEnable
                0x0201dfd0                ax32xx_wdtEnable2
                0x0201e000                ax32xx_wdtTimeSet
                0x0201e014                ax32xx_wdtClear
                0x0201e048                ax32xx_wdtReset
 .text          0x0201e064      0xe08 ./Debug/src_ax32xx_gpio.c.o
                0x0201e064                ax32xx_gpioSFRSet
                0x0201e2a8                ax32xx_gpioDirSet
                0x0201e34c                ax32xx_gpioPullSet
                0x0201e418                ax32xx_gpioDrvSet
                0x0201e4a8                ax32xx_gpioDataSet
                0x0201e534                ax32xx_gpioDataGrounpSet
                0x0201e5b0                ax32xx_gpioDataGet
                0x0201e634                ax32xx_gpioMapSet
                0x0201e6c4                ax32xx_gpioDigitalSet
                0x0201e754                ax32xx_gpioHystersisSet
                0x0201e7e4                ax32xx_gpioLedPull
                0x0201e8b0                ax32xx_gpioLedInit
                0x0201e940                ax32xx_gpioINTCheck
                0x0201e978                ax32xx_gpioINTClear
                0x0201e9a0                ax32xx_gpioINTInit
                0x0201ead0                ax32xx_gpioIRQHandler
                0x0201eb6c                ax32xx_io1d1_softstart
                0x0201ed2c                ax32xx_io1d1_softstart_clr
                0x0201eddc                ax32xx_io1d1_pd_enable
 .text          0x0201ee6c      0x1a4 ./Debug/src_ax32xx_uart.c.o
                0x0201ee6c                ax32xx_uart0IRQHandler
                0x0201eebc                ax32xx_uart0IOCfg
                0x0201ef5c                ax32xx_uart0Init
                0x0201efd0                ax32xx_uart0SendByte
 .text          0x0201f010      0x4c0 ./Debug/src_ax32xx_timer.c.o
                0x0201f010                ax32xx_timer0IRQHandler
                0x0201f054                ax32xx_timer1IRQHandler
                0x0201f098                ax32xx_timer2IRQHandler
                0x0201f0dc                ax32xx_timer3IRQHandler
                0x0201f120                ax32xx_timerISRRegister
                0x0201f164                ax32xx_timerStart
                0x0201f260                ax32xx_timerStop
                0x0201f330                ax32xx_timerEnable
                0x0201f3bc                ax32xx_timerDisable
                0x0201f460                ax32xx_timerTickStart
                0x0201f494                ax32xx_timerTickStop
                0x0201f4b4                ax32xx_timerTickCount
 .text          0x0201f4d0      0x468 ./Debug/src_ax32xx_tminf.c.o
                0x0201f4d0                ax32xx_mjpegATimeinfoEnable
                0x0201f53c                ax32xx_mjpegBTimeinfoEnable
                0x0201f5a8                ax32xx_mjpegATimeinfoColor
                0x0201f5f4                ax32xx_mjpegBTimeinfoColor
                0x0201f650                ax32xx_mjpegATimeinfoSize
                0x0201f6ac                ax32xx_mjpegBTimeinfoSize
                0x0201f734                ax32xx_mjpegATimeinfoPos
                0x0201f790                ax32xx_mjpegBTimeinfoPos
                0x0201f818                ax32xx_mjpegATimeinfoAddr
                0x0201f85c                ax32xx_mjpegBTimeinfoAddr
                0x0201f8cc                ax32xx_recfg_mjpb_tminf
 .text          0x0201f938      0x7f4 ./Debug/src_ax32xx_spi.c.o
                0x0201f938                ax32xx_spi0Init
                0x0201fb58                ax32xx_spi0SendByte
                0x0201fbac                ax32xx_spi0RecvByte
                0x0201fc00                ax32xx_spi0Send0
                0x0201fcb8                ax32xx_spi0Recv0
                0x0201fd70                ax32xx_spi0CS0Config
                0x0201fdb4                spi1_pin_config
                0x0201fe84                hal_spi1Init
                0x0201fefc                spi1_send_byte
                0x0201ff6c                spi1_receive_byte
                0x0201ffb4                spi1_recevie_dma
                0x0202004c                spi1_send_dma
                0x020200e8                spi1_enable
 .text          0x0202012c      0xb7c ./Debug/src_ax32xx_rtc.c.o
                0x0202012c                ax32xx_rtcWriteByte
                0x0202017c                ax32xx_rtcReadByte
                0x020201e0                ax32xx_rtcRamRead
                0x0202027c                ax32xx_rtcRamWrite
                0x02020318                ax32xx_rtcDataRead
                0x020203a0                ax32xx_rtcDataWrite
                0x02020428                ax32xx_rtcInit
                0x020204d8                ax32xx_rtcIRQHandler
                0x02020598                ax32xx_rtcSencodEnable
                0x02020614                ax32xx_rtcAlamEnable
                0x020206fc                ax32xx_rtcAlamSet
                0x02020744                ax32xx_rtcGet
                0x02020798                ax32xx_rtcSet
                0x020207e0                ax32xx_WKOEnable
                0x0202083c                ax32xx_VDDGSENEnable
                0x020208ac                ax32xx_WKI0InputEnable
                0x0202091c                ax32xx_WKI1InputEnable
                0x0202098c                ax32xx_WKI1Read
                0x020209b0                ax32xx_WKI0Read
                0x020209d4                ax32xx_WKI1WakeupEnable
                0x02020b3c                ax32xx_WKI1WakeupTriger
                0x02020b8c                ax32xx_WKI1CleanPending
                0x02020bc8                ax32xx_rtcBatDecEnable
                0x02020c38                ax32xx_rtcSenHVEnable
 .text          0x02020ca8      0x118 ./Debug/src_ax32xx_md.c.o
                0x02020ca8                ax32xx_mdEnable
                0x02020d10                ax32xx_mdEnable_check
                0x02020d30                ax32xx_mdInit
                0x02020d78                ax32xx_mdXPos
                0x02020d9c                ax32xx_mdYPos
 .text          0x02020dc0      0x7e8 ./Debug/src_ax32xx_iic.c.o
                0x02020e78                software_iic_sdaout
                0x02020eac                software_iic_sdain
                0x02020ee0                software_iic_sda_set
                0x02020f0c                software_iic_scl_set
                0x02020f38                software_iic_sda_get
                0x02020f60                software_iic_init
                0x02020f90                software_iic_start
                0x02021008                software_iic_stop
                0x02021080                software_iic_wait_ack
                0x02021138                ax32xx_iic0Init
                0x020211f8                ax32xx_iic0Uninit
                0x0202123c                ax32xx_iic0Start
                0x02021258                ax32xx_iic0Stop
                0x02021298                ax32xx_iic0RecvACK
                0x020212c0                ax32xx_iic0SendACK
                0x020212e4                ax32xx_iic0SendByte
                0x02021334                ax32xx_iic0RecvByte
                0x02021388                ax32xx_iic1Init
                0x020213b0                ax32xx_iic1Uninit
                0x020213f4                ax32xx_iic1Start
                0x02021410                ax32xx_iic1Stop
                0x02021470                ax32xx_iic1RecvACK
                0x02021498                ax32xx_iic1SendACK
                0x020214bc                ax32xx_iic1SendByte
                0x0202152c                ax32xx_iic1RecvByte
 .text          0x020215a8      0x668 ./Debug/src_ax32xx_dac.c.o
                0x020215e8                ax32xx_dacIRQHandler
                0x020216bc                ax32xx_dacSampleRateSet
                0x0202172c                ax32xx_dacEnable
                0x020217b0                ax32xx_dacVolumeSet
                0x02021828                ax32xx_dacBufferSet
                0x02021848                ax32xx_dacBufferFlush
                0x02021868                ax32xx_dacReset
                0x0202188c                ax32xx_dacStart
                0x02021908                ax32xx_dacStop
                0x02021938                ax32xx_dacISRRegister
                0x02021958                ax32xx_dacHPSet
                0x020219ec                eq_coeff_init
                0x02021a5c                eq_gain_init
                0x02021acc                ax32xx_dacInit
 .text          0x02021c10      0x114 ./Debug/src_ax32xx_adc.c.o
                0x02021c10                ax32xx_adcEnable
                0x02021c78                ax32xx_adcSetBaudrate
                0x02021ca8                ax32xx_adcConverStart
                0x02021ccc                ax32xx_adcRead
 .text          0x02021d24      0x4d0 ./Debug/src_ax32xx_auadc.c.o
                0x02021d24                ax32xx_auadcIRQHandler
                0x02021db4                ax32xx_auadcHalfIRQRegister
                0x02021dd4                ax32xx_auadcEndIRQRegister
                0x02021df4                ax32xx_auadcEnable
                0x02021eec                ax32xx_auadcAGCEnable
                0x02021f7c                ax32xx_auadcGainSet
                0x02021ff8                ax32xx_auadcBufferSet
                0x02022058                ax32xx_auadcInit
                0x020220fc                ax32xx_auadcSetSampleSet
                0x020221e0                agc_gain_mnt
 .text          0x020221f4     0x13f4 ./Debug/src_ax32xx_isp.c.o
                0x020221f4                ax32xx_ispModeSet
                0x02022230                isp_BLC_cfg
                0x02022284                isp_LSC_cfg
                0x020222bc                isp_DDC_cfg
                0x0202242c                isp_AWB_GAIN_adj
                0x02022460                isp_whtpnt_stat_cfg
                0x020226c8                isp_CCM_cfg
                0x02022780                isp_RGB_DGAIN_adj
                0x0202280c                isp_hist_stat_cfg
                0x0202288c                isp_GAMMA_cfg
                0x020229fc                isp_RGB_gam_cfg
                0x02022b80                isp_CH_cfg
                0x02022edc                isp_VDE_cfg
                0x02022fac                isp_EE_cfg
                0x02023220                isp_CCF_cfg
                0x02023358                isp_SAJ_cfg
                0x02023458                isp_kick_stat
                0x02023488                isp_stat_en
                0x020234cc                stat_cp_kick_st
                0x020234f0                stat_cp_done
                0x02023520                isp_model_cfg
 .text          0x020235e8      0x298 ./Debug/src_jpeg_table.c.o
                0x020235e8                jpegA_table_init
                0x02023764                ax32xx_mjpB_tab_init
 .text          0x02023880        0x0 ./Debug/src_isp_tab.c.o
 .text          0x02023880     0x12f4 ./Debug/src_ax32xx_usb.c.o
                0x02023880                _usb_bulk_tx
                0x020239bc                _usb_bulk_rx
                0x02023ac8                _usb_iso_kick
                0x02023bb8                _iso_wait_txdown
                0x02023c28                usb_iso_tx
                0x02023d28                usb_burst_reset
                0x02023d74                usb_host_reset
                0x02023dc0                usb_phyreset_as_typeb
                0x02023f08                usb_phyreset_as_typea
                0x02024054                usb_insert
                0x02024068                usb_check_hal
                0x0202407c                get_u32softcnt
                0x0202409c                ax32xx_usbIRQHanlder
                0x02024190                ax32xx_usbCallbackRegister
                0x020241cc                ax32xx_usb_hostIRQHanlder
                0x020242d0                usb_device_check
                0x02024398                ax32xx_usbPhyPllEnable
                0x02024440                usb11_registers_write
                0x0202446c                usb11_registers_read
                0x020244a4                usb_memcpy
                0x02024518                usb_phyreset_as_typea11
                0x0202461c                usb11_host_reset
                0x02024664                ax32xx_usb11_hostIRQHanlder
                0x02024780                usb20_host_check
                0x02024848                usb11HostCheckNoWait
                0x02024a10                usb11_host_check
                0x02024ae0                usb20_phyreset_as_filter
 .text          0x02024b74      0x210 ./Debug/src_ax32xx_misc.c.o
                0x02024b74                str_seek
                0x02024be0                dec_num2str
                0x02024c20                char_2_hex
                0x02024c74                data_check
                0x02024cb4                pointer_check
                0x02024cd8                half_word_memcpy
                0x02024d10                word_memcpy
                0x02024d48                word_reg_memcpy
 .text          0x02024d84      0x14c ./Debug/src_ax32xx_pip.c.o
                0x02024d84                ax32xx_pipConfig
                0x02024e00                ax32xx_pipEnable
                0x02024e44                ax32xx_pipCounterReset
                0x02024e84                ax32xx_pipGetTopLayer
                0x02024ea8                ax32xx_pipGetBotLayer
 .text          0x02024ed0        0x0 ./Debug/src_ax32xx_btuart.c.o
 .text          0x02024ed0        0x0 ./Debug/src_ax32xx_crc.c.o
 .text          0x02024ed0      0x26c ./Debug/src_ax32xx_emi.c.o
                0x02024ed0                ax32xx_emiInit
                0x0202500c                ax32xx_emiISRRegister
                0x02025040                ax32xx_emiIRQHandler
                0x0202509c                ax32xx_emiKick
                0x020250f8                ax32xx_emiCheckBusy
                0x02025118                ax32xx_emiCheckRXError
 .text          0x0202513c      0x278 ./Debug/src_ax32xx_rotate.c.o
                0x0202513c                ax32xx_rotateISRRegiser
                0x0202515c                ax32xx_rotateCheckBusy
                0x0202517c                ax32xx_rotateReset
                0x020251c8                ax32xx_rotateStart
                0x020252e0                ax32xx_rotateWaitFrameDone
                0x02025334                ax32xx_rotateIRQHandler
                0x02025384                ax32xx_rotateGetSrcYAddr
 .text          0x020253b4      0x370 ./Debug/src_ax32xx_osdcmp.c.o
                0x020253b4                ax32xx_osdcmpISRRegiser
                0x020253d4                ax32xx_osdcmpCheckBusy
                0x020253f8                ax32xx_osdcmpReset
                0x02025444                ax32xx_osdcmpGetCompSize
                0x02025464                ax32xx_osdcmpKick
                0x02025538                ax32xx_osdcmpWaitFrameDone
                0x020255d0                ax32xx_osdcmpCompOneFrame
                0x020256d8                ax32xx_osdcmpIRQHandler
 .text          0x02025724      0xd68 ./Debug/osd_ax32xx_osd.c.o
                0x02025724                ax32xx_deWait
                0x02025780                ax32xx_deUpdate
                0x020257a4                ax32xx_deGetUpdateStatus
                0x020257c8                ax32xx_deIRQHandler
                0x02025828                ax32xx_deISRRegister
                0x02025848                ax32xx_deInit
                0x020258c4                ax32xx_deSetBackground
                0x020258f8                ax32xx_deSetCSC
                0x02025944                ax32xx_videoSetDither
                0x020259e4                ax32xx_videoSetScale
                0x02025a30                ax32xx_videoSetScaleLine
                0x02025aa0                ax32xx_videoSetScanMode
                0x02025aec                ax32xx_videoGetYAddr
                0x02025b1c                ax32xx_videoGetUVAddr
                0x02025b4c                ax32xx_videoSetAddr
                0x02025b68                ax32xx_videoSetStride
                0x02025b8c                ax32xx_videoSetSize
                0x02025bc4                ax32xx_videoSetPosition
                0x02025bec                ax32xx_videoCopyCfg
                0x02025c54                ax32xx_videoEnable
                0x02025c98                ax32xx_degamma_cfg
                0x02025cb8                ax32xx_videoGammaRed
                0x02025cfc                ax32xx_videoGammaGreen
                0x02025d40                ax32xx_videoGammaBlue
                0x02025d84                ax32xx_deSetGAMA
                0x02025e08                ax32xx_deSet_DE_CCM
                0x02025ef0                ax32xx_deSet_DE_SAJ
                0x02025f5c                ax32xx_videoGammaEnable
                0x02025fa0                ax32xx_osdEnable
                0x0202600c                ax32xx_osdSetSize
                0x02026060                ax32xx_osdSetPosition
                0x020260b4                ax32xx_osdSetPalette
                0x020260fc                ax32xx_osdSetAddr
                0x020261b8                ax32xx_osdGetAddr
                0x02026208                ax32xx_osdSetAlpha
                0x02026274                ax32xx_osdSetUpscaler
                0x0202643c                ax32xx_osdEncodeOneCode
 .text          0x0202648c      0xfdc ./Debug/csi_ax32xx_csi.c.o
                0x0202648c                hal_csi_fcnt_get
                0x020264bc                ax32xx_csiIRQHandler
                0x0202674c                ax32xx_csiISRRegiser
                0x02026788                ax32xx_csiMJPEGFrameSet
                0x020267f8                ax32xx_csihv_tomjp_dma_cfg
                0x02026884                ax32xx_csi_only_FrameSet
                0x020268a4                ax32xx_csiYUVFrameSet
                0x020268b8                ax32xx_csiIOConfig
                0x02026910                ax32xx_csiInit
                0x0202693c                ax32xx_csiMclkSet
                0x02026a00                ax32xx_csiSyncSet
                0x02026a64                ax32xx_csiPrioritySet
                0x02026aa8                ax32xx_csiTypeSet
                0x02026b14                ax32xx_csiModeSet
                0x02026b50                ax32xx_pclk_fir_Set
                0x02026bb8                ax32xx_pclk_analog_Set
                0x02026c08                ax32xx_pclk_inv_Set
                0x02026c4c                ax32xx_csi_clk_tun_Set
                0x02026c94                ax32xx_csiSizeSet
                0x02026ccc                ax32xx_csiInputAddrSet
                0x02026ce4                ax32xx_csiTestModeSet
                0x02026d4c                ax32xx_csiDvpClkDivSet
                0x02026d94                ax32xx_csiLCDFrameSet
                0x02026dc0                ax32xx_csiLCDDmaEnable
                0x02026e5c                ax32xx_csiLCDDmaKick
                0x02026ea0                ax32xx_csiLCDScaler
                0x02027074                ax32xx_csiScaler
                0x02027220                ax32xx_hvScaler
                0x02027374                ax32xx_csiScalerCheck
                0x0202739c                ax32xx_csiOutputSet
                0x020273d8                ax32xx_csiEnable
 .text          0x02027468      0xd50 ./Debug/lcd_ax32xx_lcd.c.o
                0x02027468                ax32xx_lcdSPIMode
                0x02027494                ax32xx_lcdSPIInit
                0x02027544                ax32xx_lcdSPIUninit
                0x02027580                ax32xx_lcdSPISendData
                0x020276d4                ax32xx_lcdMcuSendCmd
                0x02027738                ax32xx_lcdMcuSendData
                0x0202778c                ax32xx_lcdMcuSendCmd16
                0x02027810                ax32xx_lcdMcuSendData16
                0x02027894                ax32xx_lcdInit
                0x020278e0                ax32xx_lcdIRQEnable
                0x02027928                ax32xx_lcdPreLineSet
                0x02027944                ax32xx_lcdSignalSet
                0x020279dc                ax32xx_lcdBusWidth
                0x02027a30                ax32xx_lcdBusEnable
                0x02027a80                ax32xx_lcdClkSet
                0x02027aa0                ax32xx_lcdSyncSet
                0x02027ac4                ax32xx_lcdDESignalSet
                0x02027ae8                ax32xx_lcdPositionSet
                0x02027b04                ax32xx_lcdResolutionSet
                0x02027b20                ax32xx_lcdWindowSizeSet
                0x02027b3c                ax32xx_lcdDataModeSet
                0x02027b80                ax32xx_lcdClkNumberSet
                0x02027b98                ax32xx_lcdEndLineSet
                0x02027bb4                ax32xx_lcdPanelMode
                0x02027bfc                ax32xx_lcdEnable
                0x02027c60                ax32xx_lcdTeMode
                0x02027ca8                ax32xx_lcdKick
                0x02027ce0                ax32xx_lcdIRQHandler
                0x02027e50                ax32xx_lcdISRRegister
                0x02027e94                ax32xx_lcdReset
                0x02027f00                ax32xx_lcdMCUIOConfig
                0x02027fe4                ax32xx_lcdRGBIOConfig
                0x020280c8                ax32xx_lcd_lsawbtooth
 .text          0x020281b8     0x1c14 ./Debug/mjpeg_ax32xx_mjpeg.c.o
                0x020281b8                ax32xx_mpegPrint
                0x020285ec                ax32xx_mjpB_reset
                0x02028658                ax32xx_mjpegAIRQHandler
                0x020286ac                ax32xx_mjpB_employ
                0x020286d8                ax32xx_mjpB_dcdown_reg
                0x020286f8                ax32xx_mjB_as_dcode
                0x02028724                ax32xx_mjpegEA_ncodeISRRegister
                0x02028744                ax32xx_mjpegEB_ncodeISRRegister
                0x02028764                ax32xx_mjpegEA_ncodeISR
                0x02028790                ax32xx_mjpegDecodeISRRegister
                0x020287b0                ax32xx_mjpegEncodeBufferSet
                0x020287fc                ax32xx_mjpegEncodeEnable
                0x02028904                ax32xx_mjpegEncodeSizeSet
                0x020289ac                ax32xx_mjpegEncodeQuilitySet
                0x020289f4                cal_jA_1s_size
                0x02028a24                ax32xx_mjpegEncodeQadj
                0x02028aec                ax32xx_mjpegEncodeInfoSet
                0x02028b34                ax32xx_mjpegEncodeLoadAddrGet
                0x02028b50                ax32xx_mjpeg_inlinebuf_init
                0x02028b7c                ax32xx_mjpegEncodeInit
                0x02028dac                ax32xx_mjpeg_manual_on
                0x02028df0                ax32xx_mjpeg_manual_stop
                0x02028e44                ax32xx_mjpegDecodeScalerCal
                0x02028f14                ax32xx_mjpegDecodeSetSize
                0x02029138                ax32xx_mjpegDecodeOutputSet
                0x02029154                ax32xx_mjpegDecodeInputSet
                0x0202918c                ax32xx_mjpegDecodeDriSet
                0x020291a4                ax32xx_mjpegDecodeCompressSet
                0x020291bc                ax32xx_mjpegDecodeInitTable
                0x02029200                ax32xx_mjpegDecodeInit
                0x02029404                ax32xx_mjpegDecodeDCTimeSet
                0x020294a4                ax32xx_mjpegDecodeEnable
                0x02029504                ax32xx_mjpegDecodeKick
                0x0202954c                ax32xx_mjpegDecodeStop
                0x02029588                ax32xx_mjpegBIRQHandler
                0x0202968c                ax32xx_mjpegDecodeQDTCfg
                0x020296ec                ax32xx_mjpegDecodeStatus
                0x02029720                ax32xx_mjpegDecodeCheck
                0x02029750                ax32xx_mjpegDecodeODma1Cfg
                0x020297e4                ax32xx_mjpB_Ctl_init
                0x02029a98                ax32xx_mjpB_Linebuf_cfg
                0x02029ac4                ax32xx_mjpB_dma_cfg
                0x02029af0                ax32xx_mjpB_stop
                0x02029b58                ax32xx_mjpB_on
                0x02029ba4                ax32xx_mjpeg_encode_check
                0x02029d20                jpeg1_decode_check
 .text          0x02029dcc        0x0 ./Debug/resource_user_icon.c.o
 .text          0x02029dcc        0x0 ./Debug/resource_user_str.c.o
 .text          0x02029dcc      0x110 ./Debug/src_hal_adc.c.o
                0x02029dcc                hal_adcInit
                0x02029e08                hal_adcRead
                0x02029e34                hal_adcSetChannel
                0x02029e80                hal_adcGetChannel
                0x02029ebc                hal_adcVDDRTCCalculate
 .text          0x02029edc       0xf0 ./Debug/src_hal_csi.c.o
                0x02029edc                hal_csiMCLKSet
                0x02029efc                hal_csiRegister
                0x02029f30                hal_csiResolutionGet
                0x02029f8c                hal_csiAdptGet
                0x02029fac                hal_csi_SeninitGet
 .text          0x02029fcc      0x24c ./Debug/src_hal_dac.c.o
                0x0202a014                hal_dacInit
                0x0202a06c                hal_dacPlayStart
                0x0202a118                hal_dacPlayStop
                0x0202a144                hal_dacSetVolume
                0x0202a1a8                hal_dacSetBuffer
                0x0202a1cc                hal_dacCallBackRegister
                0x0202a1f0                hal_dacHPSet
 .text          0x0202a218        0x0 ./Debug/src_hal_eeprom.c.o
 .text          0x0202a218      0x2cc ./Debug/src_hal_gpio.c.o
                0x0202a218                hal_gpioInit
                0x0202a2c0                hal_gpioInit_io1d1
                0x0202a368                hal_io1d1_softstart
                0x0202a398                hal_io1d1_softstart_clr
                0x0202a3c0                hal_io1d1_pd_enable
                0x0202a3e8                hal_gpioEPullSet
                0x0202a444                hal_gpioWrite
                0x0202a46c                hal_gpioRead
                0x0202a490                hal_gpioIntInit
                0x0202a4b8                hal_gpioLedInit
 .text          0x0202a4e4      0xbd4 ./Debug/src_hal_iic.c.o
                0x0202a4e4                hal_iic0Init
                0x0202a510                hal_iic0Uninit
                0x0202a530                hal_iic08bitAddrWriteData
                0x0202a5cc                hal_iic08bitAddrReadData
                0x0202a684                hal_iic08bitAddrWrite
                0x0202a744                hal_iic08bitAddrRead
                0x0202a818                hal_iic016bitAddrWriteData
                0x0202a8c0                hal_iic016bitAddrReadData
                0x0202a984                hal_iic016bitAddrWrite
                0x0202aa50                hal_iic016bitAddrRead
                0x0202ab30                hal_iic1IOShare
                0x0202ab60                hal_iic1Init
                0x0202aba0                hal_iic1Uninit
                0x0202abd8                hal_iic18bitAddrWriteData
                0x0202ac50                hal_iic18bitAddrReadData
                0x0202ace4                hal_iic18bitAddrWrite
                0x0202ad80                hal_iic18bitAddrRead
                0x0202ae30                hal_iic116bitAddrWriteData
                0x0202aeb4                hal_iic116bitAddrReadData
                0x0202af54                hal_iic116bitAddrWrite
                0x0202affc                hal_iic116bitAddrRead
 .text          0x0202b0b8     0x1d78 ./Debug/src_hal_lcd.c.o
                0x0202b104                deocode_done
                0x0202b4e0                hal_lcdSetBufYUV
                0x0202b574                hal_lcd_vde_cfg
                0x0202b5ac                hal_lcd_gamma_cfg
                0x0202b760                usb_lcd_cfg
                0x0202ba14                lcd_isp_config
                0x0202bbd8                hal_lcdLCMPowerOff
                0x0202bc50                hal_lcdPreviewStop
                0x0202bc9c                hal_lcdSetShowingSize
                0x0202bcb4                hal_lcdSetRoate
                0x0202bccc                hal_lcdGetShowingBuffer
                0x0202bd30                hal_lcdGetIdleBuffer
                0x0202bd70                hal_lcdPreviewStart
                0x0202beb4                hal_lcdSetFrame
                0x0202bedc                vch_debug
                0x0202bef0                hal_lcdSetVCH
                0x0202bfc8                hal_lcdUpdataVCH
                0x0202c0c4                hal_lcdSwitchFrame2
                0x0202c398                hal_lcdPreSetPIPEnable
                0x0202c3b8                hal_lcdSetPIPEnable
                0x0202c3f0                hal_lcdGetResolution
                0x0202c474                hal_lcdGetOSDShowingResolution
                0x0202c4d0                hal_lcdGetOSDShowingPosition
                0x0202c52c                hal_lcdGetShowingRotate
                0x0202c55c                hal_lcdGetBufferResolution
                0x0202c5b8                hal_lcdGetVideoPos
                0x0202c614                lcd_struct_get
                0x0202c634                hal_lcdFrameEndCallBack
                0x0202c680                hal_lcdRegister
                0x0202cd30                hal_lcd_lsawtooth
                0x0202cd50                hal_lcdSetCsiCrop
                0x0202cdb4                hal_lcdSetShowingSize_rename
 .text          0x0202ce30      0x110 ./Debug/src_hal_md.c.o
                0x0202ce58                hal_mdInit
                0x0202cebc                hal_mdEnable
                0x0202cf08                hal_mdCheck
 .text          0x0202cf40      0x648 ./Debug/src_hal_osd.c.o
                0x0202cf40                hal_osdGetIdleRotateBuffer
                0x0202cf64                hal_osdGetIdleCmpBuffer
                0x0202cf88                hal_osdGetIdleDispBuffer
                0x0202cfac                hal_osdBufferRelease
                0x0202cfd4                hal_osdDealBuffer
                0x0202d054                hal_osdInit
                0x0202d27c                hal_osdGetBuff
                0x0202d2c4                hal_osdEnable
                0x0202d300                hal_osdSetAddr
                0x0202d33c                hal_osdSetBuffer
                0x0202d3cc                hal_osdSetPosition
                0x0202d414                hal_osdSetPalette
                0x0202d44c                hal_osdSetSize
                0x0202d48c                hal_osdSetAlpha
                0x0202d4cc                hal_osdGetBufferResolution
                0x0202d538                hal_deSet_DE_CCM
                0x0202d560                hal_deSet_DE_SAJ
 .text          0x0202d588      0xc70 ./Debug/src_hal_rtc.c.o
                0x0202d5b4                hal_rtcCallBackRegister
                0x0202d614                hal_rtcCallBackRelease
                0x0202d650                hal_rtcUninit
                0x0202d68c                hal_rtcTimeGet
                0x0202d6a8                hal_rtcTimeGetExt
                0x0202d6dc                hal_rtcSecondGet
                0x0202d6fc                hal_rtcTime2String
                0x0202d9b0                hal_rtcTime2StringExt
                0x0202da14                hal_rtcLeapYear
                0x0202dc30                hal_rtcTime
                0x0202dd44                hal_rtcInit
                0x0202de6c                hal_rtcSecondSet
                0x0202dea8                hal_rtcValue
                0x0202dfb8                hal_rtcTimeSet
                0x0202e040                hal_rtcAlarmSet
                0x0202e0d0                hal_rtcAlarmSetExt
                0x0202e174                hal_rtcAlarmStatusGet
                0x0202e1b0                hal_vddWKOEnable
                0x0202e1d4                hal_vddGSENEnable
 .text          0x0202e1f8      0xa1c ./Debug/src_hal_sd.c.o
                0x0202e294                hal_sdStop
                0x0202e494                hal_sdNextLBA
                0x0202e4b4                hal_sdInit
                0x0202e910                hal_sdUninit
                0x0202e93c                hal_sdLock
                0x0202e97c                hal_sdUnlock
                0x0202e9a8                hal_sdCheck
                0x0202ea1c                hal_sdSetCardState
                0x0202ea3c                hal_sdGetCardState
                0x0202ea5c                hal_sdGetBusWidth
                0x0202ea7c                hal_sdCapacity
                0x0202ea9c                hal_sdExist
                0x0202eac4                hal_sdWrite
                0x0202eb64                hal_speed_callback
                0x0202eb94                hal_sdRead
 .text          0x0202ec14      0x5b4 ./Debug/src_hal_spi.c.o
                0x0202ec14                hal_spiIOShare
                0x0202ec2c                hal_spiIOCheck
                0x0202ec40                hal_spiInit
                0x0202ec6c                hal_spiSendByte
                0x0202ec90                hal_spiSend
                0x0202ecb0                hal_spiRecvByte
                0x0202ecd0                hal_spiRecv
                0x0202ed10                hal_spiCSConfig
                0x0202ed34                hal_spiFlashReadID
                0x0202ed94                hal_spiFlashWriteEnable
                0x0202edc8                hal_spiFlashWait
                0x0202ee4c                hal_spiFlashReadPage
                0x0202eec4                hal_spiFlashRead
                0x0202ef8c                hal_spiFlashWritePage
                0x0202f020                hal_spiFlashWrite
                0x0202f0bc                hal_spiFlashEraseSector
                0x0202f128                hal_spiFlashEraseBlock
                0x0202f18c                hal_spiFlashEraseChip
 .text          0x0202f1c8       0xd8 ./Debug/src_hal_timer.c.o
                0x0202f1c8                hal_timerStart
                0x0202f1ec                hal_timerStop
                0x0202f210                hal_timerEnable
                0x0202f248                hal_timerTickEnable
                0x0202f280                hal_timerTickGet
 .text          0x0202f2a0      0x67c ./Debug/src_hal_uart.c.o
                0x0202f304                hal_uartIOShare
                0x0202f344                hal_uartIOShareCheck
                0x0202f38c                hal_uartInit
                0x0202f3dc                hal_uartSendData
                0x0202f400                hal_uartRXIsrRegister
                0x0202f420                uart_PutChar_n
                0x0202f454                uart_PutStr
                0x0202f494                uart_Put_hex
                0x0202f5c0                uart_Put_udec
                0x0202f654                uart_Put_dec
                0x0202f6fc                uart_Printf
                0x0202f840                uart_PrintfBuf
                0x0202f8d8                hal_uartPrintString
 .text          0x0202f91c      0x64c ./Debug/src_hal_watermark.c.o
                0x0202f984                hal_watermarkInit
                0x0202fa34                hal_watermarkClose
                0x0202facc                hal_watermarkClear
                0x0202fb4c                hal_watermarkOpen
                0x0202fbec                hal_watermarkColor
                0x0202fc40                hal_watermarkAddr
                0x0202fc58                hal_watermarkSize
                0x0202fca4                hal_watermarkPosition
                0x0202fcf0                hal_watermarkCallbackRegister
                0x0202fd38                hal_watermarkRam
                0x0202fdd8                hal_watermarkEnable
                0x0202ff48                hal_watermarkBPos_Adjust
 .text          0x0202ff68      0x3c4 ./Debug/src_hal_sys.c.o
                0x0202ffb0                hal_sysInit
                0x020300cc                hal_sysMemPrint
                0x020300fc                hal_sysMemMalloc
                0x020301cc                hal_sysMemFree
                0x020302c0                hal_sysMemRemain
 .text          0x0203032c      0xe08 ./Debug/src_hal_auadc.c.o
                0x0203032c                _hal_auadcCallBackEnd
                0x02030428                _hal_auadcCallBackHalf
                0x02030480                hal_audc_33ms_syncnt_clr
                0x020304ac                hal_audc_stamp_cal
                0x020304d8                hal_audc_stamp_out
                0x0203052c                hal_audc_stamp_next
                0x02030588                hal_auadcCallBackEnd
                0x02030674                hal_auadcInit
                0x020306cc                hal_auadcMemInit
                0x02030740                hal_auadcMemInitB
                0x020307b0                hal_auadcMemUninit
                0x020307fc                hal_auadcMemUninitB
                0x02030858                hal_auadc_cnt
                0x02030888                _hal_auadcStartForUAC
                0x02030968                hal_auadcStartForWAV
                0x02030a60                hal_auadcStartForAVI
                0x02030b80                hal_auadcStartForAVIB
                0x02030bf4                hal_auadcBufferGet
                0x02030cd0                hal_auadcBufferfree
                0x02030cfc                hal_auadcBufferGetB
                0x02030dd8                hal_auadcBufferfreeB
                0x02030e04                hal_auadcStop
                0x02030e30                hal_auadcBufferRelease
                0x02030e58                hal_auadcBufferReleaseB
                0x02030e80                hal_auadcUACProcess
                0x02030f60                hal_adcBuffer_prefull
                0x02030fc4                hal_adcBuffer_halffull
                0x02030fdc                hal_adc_volume_set
                0x02030ffc                hal_adc_volume_setB
                0x0203101c                hal_uac_send
                0x02031080                hal_auadcStartForUAC
 .text          0x02031134     0x24b8 ./Debug/src_hal_mjpeg.c.o
                0x020311e4                hal_mjpegStart
                0x02031214                hal_save_frame_isr
                0x02031298                hal_mjpeg_manual_on
                0x0203144c                hal_mjpegCallback_state
                0x02031488                hal_mjpegCallback
                0x0203168c                hal_mjpeg_manual_fdown
                0x02031800                hal_jA_fcnt_get
                0x02031830                hal_mjpeg_mallocbuf
                0x02031850                hal_mjpegSrcCSI
                0x02031994                hal_mjpegSrcRam
                0x020319a8                hal_mjpegSrcColorBar
                0x02031a30                hal_Cut_SDR_SrcCSI
                0x02031b04                hal_mjpegMemInit
                0x02031c08                hal_mjpegMemUninit
                0x02031c68                hal_mjpegEncodeInit
                0x02031cc8                hal_mjpegEncodeUninit
                0x02031d0c                hal_mjpegEncodeResolution
                0x02031d48                hal_mjpegEncodeResolutionImage
                0x02031d84                hal_mjpegSizecalculate
                0x02031db4                hal_mjpegUVCStart
                0x02032090                hal_mjpegPhotoStart
                0x0203234c                hal_mjpegAVIStart
                0x02032628                hal_mjpegAVISetScaler
                0x02032704                hal_mjpegRawDataGet
                0x0203271c                hal_mjpegRawBuffer_prefull
                0x0203278c                hal_mjpegRawBuffer_halffull
                0x020327fc                hal_mjpegRawBufferfree
                0x02032824                hal_mjpegRawBufferGet
                0x0203294c                hal_mjpegRawDataSet
                0x02032974                hal_mjpegHeaderParse
                0x02032fb0                hal_mjpegDecodeGetResolution
                0x02032ff8                hal_mjpegDecodeSetResolution
                0x0203301c                hal_mjpegDecodeStatusCheck
                0x0203303c                hal_mjpegDecodeErrorCheck
                0x0203305c                hal_mjpegDecodeMiniSize
                0x020331e0                hal_mjpegDecodeStop
                0x02033200                hal_mjpegDecodeReset
                0x02033234                hal_mjpegDecodePicture
                0x020332a4                hal_mjpegDecodePicture_2
                0x02033310                hal_mjpegDecodeParse
                0x02033340                hal_mjpegDecodeOneFrame
                0x02033398                hal_mjpegDecodeOneFrame_Ext
                0x02033420                hal_mjpegDecodeRestart_Ext
                0x0203348c                hal_mjpegDecodeOneFrame_Fast
                0x02033550                hal_mjpegDecodeODma1Cfg
                0x02033574                hal_BackRecDecodeStatusCheck
 .text          0x020335ec       0x34 ./Debug/src_hal_int.c.o
                0x020335ec                hal_intInit
 .text          0x02033620        0x0 ./Debug/src_hal_wdt.c.o
 .text          0x02033620      0x42c ./Debug/src_hal_stream.c.o
                0x02033620                hal_streamInit
                0x02033718                hal_streamMalloc
                0x02033800                hal_streamIn_Drop
                0x02033864                hal_streamIn
                0x02033900                hal_streamOut
                0x0203398c                hal_streamfree
                0x02033a34                hal_stream_size
 .text          0x02033a4c       0xd8 ./Debug/src_hal_emi.c.o
                0x02033a90                hal_emiMasterTest
                0x02033adc                hal_emiSlaveTest
 .text          0x02033b24      0xd80 ./Debug/src_hal_mjpegB.c.o
                0x02033b24                cal_jB_1s_size
                0x02033b54                hal_jB_fcnt_get
                0x02033b84                c_stack_setup
                0x02033c74                cache_pre_malloc
                0x02033d5c                cache_put
                0x02033e08                cache_pre_malloc_drop
                0x02033e64                cache_get
                0x02033ee4                cache_free
                0x02033f90                hal_mjpB_usensor_strm_init
                0x02033ff8                hal_mjpB_usensor_adrreload_hal
                0x0203409c                hal_mjpB_usensor_fram_isr
                0x0203416c                hal_mjpB_usensor_fram_free
                0x02034194                hal_mjpB_usensor_fram_rd
                0x020342a4                hal_get_fBcnt
                0x020342d4                hal_mjpBec_sta
                0x020342fc                hal_mjpB_ecoding
                0x02034328                hal_mjpB_ecdown
                0x0203436c                hal_mjpB_photo_fdown
                0x020343a0                hal_mjpB_avi_fdown
                0x020343cc                hal_mjpB_ecdown_err
                0x02034410                hal_mjpB_ecbusy
                0x0203443c                hal_mjpBec_recfg
                0x020344c0                hal_mjpB_manualstart
                0x020344e4                hal_mjpB_avi_fdown_err
                0x02034510                hal_mjpB_isr
                0x020345ac                hal_mjpBMemInit
                0x02034628                hal_mjpegBMemUninit
                0x02034670                api_mjp_avi_stop
                0x020346cc                mjpB_actech_as_photo
                0x02034780                hal_mjpB_actech_as_avi
                0x02034830                hal_mjpB_nextsync
                0x02034854                hal_mjpB_Buffer_prefull
 .text          0x020348a4      0x1a8 ./Debug/src_hal_osdcmp.c.o
                0x0203491c                hal_osdcmpStart
                0x02034a00                hal_osdcmpInit
                0x02034a28                hal_osdcmpCompOneFrame
 .text          0x02034a4c      0x318 ./Debug/src_hal_rotate.c.o
                0x02034be0                hal_rotateInit
                0x02034c34                hal_rotateAdd
 .text          0x02034d64      0xa64 ./Debug/src_hal_lcdframe.c.o
                0x02034d64                hal_lcdAddrCalculate
                0x02034e10                hal_dispframeInit
                0x020353d8                hal_dispframeVideoCfg
                0x0203565c                hal_dispframeMalloc
                0x020356f0                hal_dispframeFree
                0x0203577c                hal_dispframeSetCallback
                0x02035794                hal_dispframeGetFrameNums
 .text          0x020357c8     0x4394 ./Debug/isp_hal_isp.c.o
                0x020357c8                isp_AWB_auto_adj
                0x02035a08                isp_isr_hal
                0x02035ac8                isp_stat_isr_hal
                0x02035b30                dely_ms
                0x02035b64                hal_ispFrameCnt
                0x02035ba4                awb_manual_gain_adapt
                0x02035c38                isp_AWB_manual_adj
                0x02035c84                isp_AWB_adj_cfg
                0x02035d5c                isp_AE_adj_cfg
                0x02035dcc                isp_LSC_adj_cfg
                0x02035e58                awb_scene_mod_set
                0x02035fd0                isp_contra_table_load
                0x02036058                isp_rgbgma_table_load
                0x02036130                isp_gma_table_load
                0x02036208                isp_table_load
                0x02036254                isp_para_config
                0x020365e0                dot_num_stat
                0x02036634                y_sum_stat
                0x020366b4                find_peak
                0x02036764                find_y_of_dotsum
                0x020367f4                get_isp_adapt_val
                0x02036854                get_isp_adapt_val_u8
                0x020368ac                soft_exp
                0x02036c80                hgrm_stat
                0x02036dc8                isp_calculate
                0x02036f5c                isp_adjust
                0x0203753c                sensor_compensate_exp_set
                0x020375f4                isp_get_scen_light
                0x02037614                isp_color_on_off
                0x02037628                sensor_frame_rate_adapt
                0x02037734                sensor_frame_rate_adapt_for_dark
                0x020377cc                isp_process
                0x02037830                isp_process_check
                0x020378a0                sensor_rotate_adapt
                0x020378d4                exp_gain_separate
                0x02037928                exp_br_cal
                0x020379bc                exposal_adj
                0x02037cc4                isp_all_model_cfg
                0x02037d20                hal_ispService
                0x02037de4                hal_isp_sof_loop
                0x0203821c                hal_commom_isr
                0x02038364                init_common_str
                0x02038564                sensor_isp_adapt
                0x02038608                isp_para_init
                0x02038628                isp_init
                0x020386c0                hal_isp_debug_read
                0x020387dc                hal_Sensor_common_Get
                0x02038818                CopyToMember
                0x0203889c                hal_Sensor_common_Set
                0x020393a8                ygama_update
                0x02039430                hal_isp_debug_write
                0x020398e0                awb_update
                0x02039b28                ispReadFlash
 .text          0x02039b5c      0x584 ./Debug/dusb_hal_usb_api.c.o
                0x02039b5c                usb_bulk_tx
                0x02039b88                usb_bulk_rx
                0x02039bb4                hal_usbdReset
                0x02039be4                usb_uvciso_kick
                0x02039c14                usb_uvciso_wait_txdown
                0x02039c38                usb_uaciso_kick
                0x02039c68                usb_uaciso_wait_txdown
                0x02039c8c                uac_on
                0x02039cb4                uac_off
                0x02039cd4                usb_fun_reg
                0x02039e28                hal_usbdInit
                0x02039e68                hal_usbdUninit
                0x02039e98                hal_usbdEnable
                0x02039ec0                hal_usbdUVCProcess
                0x0203a08c                hal_usbdProcess
                0x0203a0c0                hal_usbdCheck
 .text          0x0203a0e0      0xf94 ./Debug/dusb_hal_usb_dev_enum.c.o
                0x0203a0e0                usb_ep0_tx
                0x0203a160                usbdev_stack_init
                0x0203a190                usbdev_rqu
                0x0203a1b8                usbdev_reset
                0x0203a1e4                usb_bot_reset
                0x0203a230                usb_check_faddr
                0x0203a27c                usb_ep0_clrrx_pkt0
                0x0203a2b8                usb_stall_ep
                0x0203a344                usb_clear_ep
                0x0203a3c0                usb_ep0_get_request
                0x0203a408                usb_ep0_transfer
                0x0203a4bc                usb_ep0_receive
                0x0203a514                usb_ep0_get_status
                0x0203a624                usb_ep0_clr_feature
                0x0203a69c                usb_ep0_set_feature
                0x0203a70c                usb_ep0_set_address
                0x0203a7a0                usb_ep0_get_configuration
                0x0203a7f4                usb_ep0_set_configuration
                0x0203a870                usb_ep0_get_interface
                0x0203a8b8                uvc_ready
                0x0203a8e0                uac_ready
                0x0203a908                usb_ep0_set_interface
                0x0203aa5c                usb_ep0_descriptor
                0x0203aac8                usb_ep0_get_descriptor
                0x0203abd8                usb_ep0_standard
                0x0203ac74                usb_ep0_class_get_lun
                0x0203acb8                usb_ep0_class
                0x0203adc0                usb_ep0_request
                0x0203ae0c                usb_ep0_hal
                0x0203af00                enum_epx_cfg
                0x0203afa0                usb_dev_enum_reg
 .text          0x0203b074     0x1508 ./Debug/dusb_hal_usb_msc.c.o
                0x0203b074                msc_epx_cfg
                0x0203b114                ScsiStallAll
                0x0203b19c                ScsiStallIn
                0x0203b20c                ScsiStallout
                0x0203b250                dev_online
                0x0203b280                dev_cap
                0x0203b2ac                dev_stop
                0x0203b2d8                dev_busy
                0x0203b304                dev_free
                0x0203b330                mscSet_Status
                0x0203b36c                Host_In_Data
                0x0203b418                mscCmd_ReadCapacity
                0x0203b4f4                mscCmd_ReadFormatCapacity
                0x0203b5ec                mscCmd_RequestSense
                0x0203b68c                mscCmd_Inquiry
                0x0203b6e4                mscCmd_ModeSense6
                0x0203b770                mscCmd_TestUnitReady
                0x0203b7fc                mscCmd_StartStopUnit
                0x0203b84c                mscCmd_PreventAllowMediumRemoval
                0x0203b88c                mscCmd_Verify
                0x0203b8a4                cb_FIFO2mem
                0x0203b940                cb_mem2FIFO
                0x0203b9cc                cb_mem_read
                0x0203ba44                cb_mem_write
                0x0203bac4                cb_mem_rwex
                0x0203bb00                mscCmd_ufmod
                0x0203bb50                sent_csw
                0x0203bc10                mscCmd_Read
                0x0203bd40                mscCmd_Write
                0x0203be9c                cbw_update
                0x0203c02c                scsi_cmd_analysis
                0x0203c27c                get_cbw
                0x0203c488                rbc_rec_pkg
                0x0203c51c                rbc_process
 .text          0x0203c57c      0x3b8 ./Debug/dusb_hal_usb_uac.c.o
                0x0203c57c                UacReceiveSetSamplingFreqCallback