Archive member included because of file (symbol)

../bwlib\libusbh.a(hal_usb_host_enum.o)
                              ./Debug/usensor_237a_1.c.o (exmand)
../bwlib\libsd.a(ax32xx_sd.o)
                              ./Debug/src_hal_sd.c.o (ax32xx_sd0Init)
../bwlib\libavi.a(aviEncoder.o)
                              ./Debug/video_video_record.c.o (aviEncodeInit)
../bwlib\libavi.a(encoder_std.o)
                              ../bwlib\libavi.a(aviEncoder.o) (avi_encoder_std)
../bwlib\libavi.a(encoder_odml.o)
                              ../bwlib\libavi.a(aviEncoder.o) (avi_odmlAddoffset)
../bwlib\libavi.a(aviDecoder.o)
                              ./Debug/video_video_playback.c.o (aviDecodeInit)
../bwlib\libavi.a(decoder_std.o)
                              ../bwlib\libavi.a(aviDecoder.o) (avi_standard)
../bwlib\libavi.a(decoder_odml.o)
                              ../bwlib\libavi.a(aviDecoder.o) (avi_opendml)
../bwlib\libfs.a(fs.o)        ./Debug/taskSysScanDevice.c.o (fs_nodeinit)
../bwlib\libfs.a(diskio.o)    ./Debug/main.c.o (fs_init)
../bwlib\libfs.a(ff.o)        ../bwlib\libfs.a(fs.o) (clst2sect)
../bwlib\libfs.a(ffunicode.o)
                              ../bwlib\libfs.a(ff.o) (ff_uni2oem)
C:/MinGW-4.7.1/or1k-elf/lib/no-delay\libc.a(lib_a-memcpy.o)
                              ./Debug/resource_manager.c.o (memcpy)
C:/MinGW-4.7.1/or1k-elf/lib/no-delay\libc.a(lib_a-memset.o)
                              ./Debug/main.c.o (memset)
C:/MinGW-4.7.1/or1k-elf/lib/no-delay\libc.a(lib_a-strcat.o)
                              ./Debug/resource_manager.c.o (strcat)
C:/MinGW-4.7.1/or1k-elf/lib/no-delay\libc.a(lib_a-strcmp.o)
                              ./Debug/resource_manager.c.o (strcmp)
C:/MinGW-4.7.1/or1k-elf/lib/no-delay\libc.a(lib_a-strcpy.o)
                              ./Debug/resource_manager.c.o (strcpy)
C:/MinGW-4.7.1/or1k-elf/lib/no-delay\libc.a(lib_a-strlen.o)
                              ./Debug/resource_manager.c.o (strlen)
C:/MinGW-4.7.1/or1k-elf/lib/no-delay\libc.a(lib_a-strncmp.o)
                              ./Debug/resource_manager.c.o (strncmp)
C:/MinGW-4.7.1/or1k-elf/lib/no-delay\libc.a(lib_a-strncpy.o)
                              ./Debug/taskAudioRecordMsg.c.o (strncpy)
C:/MinGW-4.7.1/lib/gcc/or1k-elf/4.9.1/no-delay\libgcc.a(_udivdi3.o)
                              ../bwlib\libfs.a(ff.o) (__udivdi3)
C:/MinGW-4.7.1/lib/gcc/or1k-elf/4.9.1/no-delay\libgcc.a(__udivsi3.o)
                              C:/MinGW-4.7.1/lib/gcc/or1k-elf/4.9.1/no-delay\libgcc.a(_udivdi3.o) (__udivsi3)
C:/MinGW-4.7.1/lib/gcc/or1k-elf/4.9.1/no-delay\libgcc.a(__umodsi3.o)
                              C:/MinGW-4.7.1/lib/gcc/or1k-elf/4.9.1/no-delay\libgcc.a(_udivdi3.o) (__umodsi3)
C:/MinGW-4.7.1/lib/gcc/or1k-elf/4.9.1/no-delay\libgcc.a(_clz.o)
                              C:/MinGW-4.7.1/lib/gcc/or1k-elf/4.9.1/no-delay\libgcc.a(_udivdi3.o) (__clz_tab)

Allocating common symbols
Common symbol       size              file

fp_jpegdc_ldone_hal
                    0x4               ./Debug/mjpeg_ax32xx_mjpeg.c.o
mscstack            0xc               ./Debug/husb_hal_usb_host_tpbulk.c.o
uvcisp              0x804             ./Debug/logo.c.o
fp_tmnow            0x4               ../bwlib\libfs.a(diskio.o)
fp_storage_wr       0x4               ../bwlib\libfs.a(diskio.o)
fp11_epout_isr_hal  0x4               ./Debug/main.c.o
jpegCache           0x4               ./Debug/multimedia_user_media.c.o
fp_stat_isr         0x4               ./Debug/isp_hal_isp.c.o
info_buf            0x37              ./Debug/taskSysScanDevice.c.o
fp_ae_isr           0x4               ./Debug/isp_hal_isp.c.o
usb_varm            0x1c              ./Debug/main.c.o
WAV_TYPE_E          0x4               ./Debug/main.c.o
fp_uvc_off_hal      0x4               ./Debug/dusb_hal_usb_dev_enum.c.o
dev                 0x12              ../bwlib\libusbh.a(hal_usb_host_enum.o)
SysCtrl             0x5c              ./Debug/main.c.o
audsIStack          0xc               ./Debug/multimedia_user_media.c.o
jpegBStack          0x8               ./Debug/multimedia_user_media.c.o
jBLbuf              0x70800           ./Debug/husb_hal_usensor.c.o
fp_epout_isr_hal    0x4               ./Debug/main.c.o
tempFileName2       0x1c              ./Debug/taskVideoRecord.c.o
audioCache          0x4               ./Debug/multimedia_user_media.c.o
diskhal             0x48              ./Debug/husb_hal_usb_host_tpbulk.c.o
fp11_host_connect_hal
                    0x4               ./Debug/src_ax32xx_usb.c.o
filetime            0x1               ./Debug/taskSysScanDevice.c.o
fp_uvc_on_hal       0x4               ./Debug/dusb_hal_usb_dev_enum.c.o
pcm_buf             0x4               ./Debug/src_hal_auadc.c.o
mediaVideoCtrlB     0x84              ./Debug/main.c.o
uac_onflg           0x1               ./Debug/dusb_hal_usb_dev_enum.c.o
[...]
Memory Configuration

Name             Origin             Length             Attributes
boot             0x01fffc00         0x00000200
ram_boot         0x00000000         0x00005000
ram_user         0x00000000         0x00005000
usbfifo          0x00008000         0x00001000
sdram            0x02000000         0x00800000
exsdram          0x00000000         0x00800000
*default*        0x00000000         0xffffffff

Linker script and memory map

LOAD ./Debug/ax32xx_reset.S.o
LOAD ./Debug/ax32xx_spi_boot_cfg.S.o
LOAD ./Debug/ax32xx_BLDRX32.S.o
LOAD ./Debug/main.c.o
LOAD ./Debug/resource_manager.c.o
LOAD ./Debug/upgrade.c.o
LOAD ./Debug/board.c.o
LOAD ./Debug/board_bwv1.c.o
LOAD ./Debug/config.c.o
LOAD ./Debug/display.c.o
LOAD ./Debug/explorer.c.o
LOAD ./Debug/filelist.c.o
LOAD ./Debug/font.c.o
LOAD ./Debug/icon.c.o
LOAD ./Debug/board_fpga.c.o
LOAD ./Debug/configGetValue.c.o
LOAD ./Debug/configSystem.c.o
LOAD ./Debug/logo.c.o
LOAD ./Debug/menuMovieRec.c.o
LOAD ./Debug/menuPlayBack.c.o
LOAD ./Debug/msgDeal.c.o
LOAD ./Debug/msgSysRecommend.c.o
LOAD ./Debug/msgSysUnshielded.c.o
LOAD ./Debug/taskManage.c.o
LOAD ./Debug/taskPhotoEncode.c.o
LOAD ./Debug/taskPhotoEncodeMsg.c.o
LOAD ./Debug/taskPlayBack.c.o
LOAD ./Debug/taskPlayBackMsg.c.o
LOAD ./Debug/taskPowerOff.c.o
LOAD ./Debug/taskSysScanDevice.c.o
LOAD ./Debug/taskUsbDevice.c.o
LOAD ./Debug/taskVideoRecord.c.o
LOAD ./Debug/taskVideoRecordMsg.c.o
LOAD ./Debug/toolFunc.c.o
LOAD ./Debug/uiAsternMsg.c.o
LOAD ./Debug/uiMenuDateTimeMsg.c.o
LOAD ./Debug/uiMenuDefaultMsg.c.o
LOAD ./Debug/uiMenuDelAllMsg.c.o
LOAD ./Debug/uiMenuDelCurMsg.c.o
LOAD ./Debug/uiMenuFormatMsg.c.o
LOAD ./Debug/uiMenuItemMsg.c.o
LOAD ./Debug/uiMenuLockCurMsg.c.o
LOAD ./Debug/uiMenuOptionMsg.c.o
LOAD ./Debug/uiMenuUnlockAllMsg.c.o
LOAD ./Debug/uiMenuUnlockCurMsg.c.o
LOAD ./Debug/uiMenuUsbMsg.c.o
LOAD ./Debug/uiNoFileMsg.c.o
LOAD ./Debug/uiTips1Msg.c.o
LOAD ./Debug/uiTipsMsg.c.o
LOAD ./Debug/uiWin.c.o
LOAD ./Debug/uiSelfTestMsg.c.o
LOAD ./Debug/uiMenuVersionMsg.c.o
LOAD ./Debug/taskAudioRecordMsg.c.o
LOAD ./Debug/taskAudioRecord.c.o
LOAD ./Debug/taskAudioPlay.c.o
LOAD ./Debug/taskAudioPlaydMsg.c.o
LOAD ./Debug/uiSelfClockMsg.c.o
LOAD ./Debug/uiMenuDelAllMsg2.c.o
LOAD ./Debug/uiMenuDelAllRes2.c.o
LOAD ./Debug/uiMenuDelCurMsg2.c.o
LOAD ./Debug/uiMenuDelCurRes2.c.o
LOAD ./Debug/xos_x_cpu.c.o
LOAD ./Debug/xos_xmbox.c.o
LOAD ./Debug/xos_xmsgq.c.o
LOAD ./Debug/xos_xos.c.o
LOAD ./Debug/xos_xwork.c.o
LOAD ./Debug/multimedia_user_media.c.o
LOAD ./Debug/sUI_button.c.o
LOAD ./Debug/sUI_dialog.c.o
LOAD ./Debug/sUI_frameWin.c.o
LOAD ./Debug/sUI_imageIcon.c.o
LOAD ./Debug/sUI_itemManage.c.o
LOAD ./Debug/sUI_menuItem.c.o
LOAD ./Debug/sUI_menuItemEx.c.o
LOAD ./Debug/sUI_menuOption.c.o
LOAD ./Debug/sUI_progressBar.c.o
LOAD ./Debug/sUI_rect.c.o
LOAD ./Debug/sUI_stringIcon.c.o
LOAD ./Debug/sUI_tips.c.o
LOAD ./Debug/sUI_uiAlloc.c.o
LOAD ./Debug/sUI_widget.c.o
LOAD ./Debug/sUI_winManage.c.o
LOAD ./Debug/sUI_memPool.c.o
LOAD ./Debug/src_ax32xx_int.c.o
LOAD ./Debug/src_ax32xx_sys.c.o
LOAD ./Debug/src_ax32xx_dma.c.o
LOAD ./Debug/src_ax32xx_wdt.c.o
LOAD ./Debug/src_ax32xx_gpio.c.o
LOAD ./Debug/src_ax32xx_uart.c.o
LOAD ./Debug/src_ax32xx_timer.c.o
LOAD ./Debug/src_ax32xx_tminf.c.o
LOAD ./Debug/src_ax32xx_spi.c.o
LOAD ./Debug/src_ax32xx_rtc.c.o
LOAD ./Debug/src_ax32xx_md.c.o
LOAD ./Debug/src_ax32xx_iic.c.o
LOAD ./Debug/src_ax32xx_dac.c.o
LOAD ./Debug/src_ax32xx_adc.c.o
LOAD ./Debug/src_ax32xx_auadc.c.o
LOAD ./Debug/src_ax32xx_isp.c.o
LOAD ./Debug/src_jpeg_table.c.o
LOAD ./Debug/src_isp_tab.c.o
LOAD ./Debug/src_ax32xx_usb.c.o
LOAD ./Debug/src_ax32xx_misc.c.o
LOAD ./Debug/src_ax32xx_pip.c.o
LOAD ./Debug/src_ax32xx_btuart.c.o
LOAD ./Debug/src_ax32xx_crc.c.o
LOAD ./Debug/src_ax32xx_emi.c.o
LOAD ./Debug/src_ax32xx_rotate.c.o
LOAD ./Debug/src_ax32xx_osdcmp.c.o
LOAD ./Debug/osd_ax32xx_osd.c.o
LOAD ./Debug/csi_ax32xx_csi.c.o
LOAD ./Debug/lcd_ax32xx_lcd.c.o
LOAD ./Debug/mjpeg_ax32xx_mjpeg.c.o
LOAD ./Debug/resource_user_icon.c.o
LOAD ./Debug/resource_user_str.c.o
LOAD ./Debug/src_hal_adc.c.o
LOAD ./Debug/src_hal_csi.c.o
LOAD ./Debug/src_hal_dac.c.o
LOAD ./Debug/src_hal_eeprom.c.o
LOAD ./Debug/src_hal_gpio.c.o
LOAD ./Debug/src_hal_iic.c.o
LOAD ./Debug/src_hal_lcd.c.o
LOAD ./Debug/src_hal_md.c.o
LOAD ./Debug/src_hal_osd.c.o
LOAD ./Debug/src_hal_rtc.c.o
LOAD ./Debug/src_hal_sd.c.o
LOAD ./Debug/src_hal_spi.c.o
LOAD ./Debug/src_hal_timer.c.o
LOAD ./Debug/src_hal_uart.c.o
LOAD ./Debug/src_hal_watermark.c.o
LOAD ./Debug/src_hal_sys.c.o
LOAD ./Debug/src_hal_auadc.c.o
LOAD ./Debug/src_hal_mjpeg.c.o
LOAD ./Debug/src_hal_int.c.o
LOAD ./Debug/src_hal_wdt.c.o
LOAD ./Debug/src_hal_stream.c.o
LOAD ./Debug/src_hal_emi.c.o
LOAD ./Debug/src_hal_mjpegB.c.o
LOAD ./Debug/src_hal_osdcmp.c.o
LOAD ./Debug/src_hal_rotate.c.o
LOAD ./Debug/src_hal_lcdframe.c.o
LOAD ./Debug/isp_hal_isp.c.o
LOAD ./Debug/dusb_hal_usb_api.c.o
LOAD ./Debug/dusb_hal_usb_dev_enum.c.o
LOAD ./Debug/dusb_hal_usb_msc.c.o
LOAD ./Debug/dusb_hal_usb_uac.c.o
LOAD ./Debug/dusb_hal_usb_uvc.c.o
LOAD ./Debug/husb_hal_usb_host_api.c.o
LOAD ./Debug/husb_hal_usb_host_tpbulk.c.o
LOAD ./Debug/husb_hal_usb_host_uvc.c.o
LOAD ./Debug/husb_hal_usensor.c.o
LOAD ./Debug/audio_audio_playback.c.o
LOAD ./Debug/audio_audio_record.c.o
LOAD ./Debug/audio_ring_buffer.c.o
LOAD ./Debug/video_video_playback.c.o
LOAD ./Debug/video_video_record.c.o
LOAD ./Debug/video_video_record_B.c.o
LOAD ./Debug/image_image_decode.c.o
LOAD ./Debug/image_image_encode.c.o
LOAD ./Debug/wav_alaw.c.o
LOAD ./Debug/wav_imaadpcm.c.o
LOAD ./Debug/wav_pcm.c.o
LOAD ./Debug/wav_ulaw.c.o
LOAD ./Debug/wav_wav.c.o
LOAD ./Debug/stream_stream.c.o
LOAD ./Debug/gsensor_G_gma301.c.o
LOAD ./Debug/gsensor_gsensor.c.o
LOAD ./Debug/gsensor_G_sc7a30e.c.o
LOAD ./Debug/gsensor_g_da380.c.o
LOAD ./Debug/cmos_sensor_cmos_sensor.c.o
LOAD ./Debug/cmos_sensor_SENSOR_BF3a03.c.o
LOAD ./Debug/cmos_sensor_SENSOR_BF2013.c.o
LOAD ./Debug/cmos_sensor_SENSOR_BF3016.c.o
LOAD ./Debug/cmos_sensor_SENSOR_BF3703.c.o
LOAD ./Debug/cmos_sensor_SENSOR_GC0307.c.o
LOAD ./Debug/cmos_sensor_SENSOR_GC0308.c.o
LOAD ./Debug/cmos_sensor_SENSOR_GC0309.c.o
LOAD ./Debug/cmos_sensor_SENSOR_GC0328.c.o
LOAD ./Debug/cmos_sensor_SENSOR_GC1004.c.o
LOAD ./Debug/cmos_sensor_SENSOR_H42.c.o
LOAD ./Debug/cmos_sensor_SENSOR_H7640.c.o
LOAD ./Debug/cmos_sensor_SENSOR_HM1055.c.o
LOAD ./Debug/cmos_sensor_SENSOR_IT03A1.c.o
LOAD ./Debug/cmos_sensor_SENSOR_NT99141.c.o
LOAD ./Debug/cmos_sensor_SENSOR_NT99142.c.o
LOAD ./Debug/cmos_sensor_SENSOR_OV7670.c.o
LOAD ./Debug/cmos_sensor_SENSOR_OV7725.c.o
LOAD ./Debug/cmos_sensor_SENSOR_OV9710.c.o
LOAD ./Debug/cmos_sensor_SENSOR_OV9732.c.o
LOAD ./Debug/cmos_sensor_SENSOR_SC1045.c.o
LOAD ./Debug/cmos_sensor_SENSOR_SIV100B.c.o
LOAD ./Debug/cmos_sensor_SENSOR_SIV120B.c.o
LOAD ./Debug/cmos_sensor_SENSOR_SIV121DS.c.o
LOAD ./Debug/cmos_sensor_SENSOR_SP1409.c.o
LOAD ./Debug/cmos_sensor_SENSOR_H62.c.o
LOAD ./Debug/cmos_sensor_SENSOR_GC1034.c.o
LOAD ./Debug/cmos_sensor_SENSOR_OV7736.c.o
LOAD ./Debug/cmos_sensor_SENSOR_SP140A.c.o
LOAD ./Debug/cmos_sensor_SENSOR_GC1054.c.o
LOAD ./Debug/cmos_sensor_SENSOR_GC1064.c.o
LOAD ./Debug/cmos_sensor_SENSOR_H65.c.o
LOAD ./Debug/cmos_sensor_SENSOR_SC1243.c.o
LOAD ./Debug/cmos_sensor_SENSOR_H63.c.o
LOAD ./Debug/cmos_sensor_SENSOR_H63P.c.o
LOAD ./Debug/tft_lcd_lcd_mcu_st7789.c.o
LOAD ./Debug/tft_lcd_lcd_rgb_jl_lcd.c.o
LOAD ./Debug/tft_lcd_lcd_rgb_st7282.c.o
LOAD ./Debug/tft_lcd_tft_lcd.c.o
LOAD ./Debug/tft_lcd_lcd_mcu_5420.c.o
LOAD ./Debug/tft_lcd_lcd_mcu_r61509v.c.o
LOAD ./Debug/tft_lcd_lcd_rgb_ili8961.c.o
LOAD ./Debug/tft_lcd_lcd_rgb_ili9342c.c.o
LOAD ./Debug/tft_lcd_lcd_mcu_ili9328.c.o
LOAD ./Debug/tft_lcd_lcd_mcu_hx8352b.c.o
LOAD ./Debug/tft_lcd_lcd_mcu_st7789v.c.o
LOAD ./Debug/tft_lcd_lcd_mcu_hx8352c.c.o
LOAD ./Debug/tft_lcd_lcd_mcu_hx8357b.c.o
LOAD ./Debug/tft_lcd_lcd_rgb_ili9806e.c.o
LOAD ./Debug/tft_lcd_lcd_rgb_ota5182.c.o
LOAD ./Debug/tft_lcd_lcd_rgb_st7701.c.o
LOAD ./Debug/tft_lcd_lcd_mcu_lgdp4532.c.o
LOAD ./Debug/tft_lcd_lcd_mcu_9225G.c.o
LOAD ./Debug/tft_lcd_lcd_mcu_st7789v2.c.o
LOAD ./Debug/tft_lcd_lcd_mcu_gc9307.c.o
LOAD ./Debug/usensor_237a_1.c.o
LOAD ./Debug/usensor_usensor.c.o
LOAD ./Debug/usensor_237a_2.c.o
LOAD ./Debug/nvfs_nvfs.c.o
LOAD ./Debug/Maxlib_max_user.c.o
LOAD ./Debug/Maxlib_uiDraw.c.o
LOAD ./Debug/std_misc.c.o
LOAD ./Debug/std_std_math.c.o
LOAD ./Debug/std_str.c.o
LOAD ./Debug/res_ascii.c.o
LOAD ./Debug/res_ascii_default.c.o
LOAD ./Debug/res_ascii_default_draw.c.o
LOAD ./Debug/res_ascii_num2.c.o
LOAD ./Debug/res_ascii_num2_draw.c.o
LOAD ./Debug/res_ascii_num3.c.o
LOAD ./Debug/res_ascii_num3_draw.c.o
LOAD ./Debug/res_ascii_num4.c.o
LOAD ./Debug/res_ascii_num4_draw.c.o
LOAD ./Debug/res_R.c.o
LOAD ./Debug/res_R_icon.c.o
LOAD ./Debug/res_R_string.c.o
LOAD ./Debug/res_ascii_num5.c.o
LOAD ./Debug/res_ascii_num5_draw.c.o
LOAD ../bwlib\libusbh.a
LOAD ../bwlib\libsd.a
LOAD ../bwlib\libavi.a
LOAD ../bwlib\libfs.a
LOAD C:/MinGW-4.7.1/or1k-elf/lib/no-delay\libc.a
LOAD C:/MinGW-4.7.1/lib/gcc/or1k-elf/4.9.1/no-delay\libgcc.a

.bootsec        0x01fffc00      0x200 load address 0x00000000
 *(.bootsec)
 .bootsec       0x01fffc00      0x200 ./Debug/ax32xx_BLDRX32.S.o
                0x01fffc10                hex
                0x01fffc10                .hex
                0x01fffde4                .bootsect

.exception      0x00000000     0x1e5c load address 0x00000200
                0x00000000                _exception_vma = .
 *(.vector)
 .vector        0x00000000      0x3f0 ./Debug/ax32xx_reset.S.o
                0x00000320                _start
                0x0000035c                _step_in
                0x000003a0                _step_out
 *(.vector.text)
 .vector.text   0x000003f0     0x1668 ./Debug/src_ax32xx_int.c.o
                0x00000534                _rtcRamWrite
                0x000005dc                _rtcRamRead
                0x00000690                my_putchar
                0x000006a4                exception_uart_puts
                0x000006b8                my_memset
                0x000006e8                exception_init
                0x0000078c                ax32xx_vddrtcCalculate
                0x000007b8                dllcon_init
                0x00000964                sdram_init
                0x00000a34                adcRead
                0x00000a8c                adcConverStart
                0x00000ab0                adcSetBaudrate
                0x00000ae0                sysClkSet
                0x00000b3c                adcEnable
                0x00000ba4                adcGetChannel
                0x00000bdc                sdram_tuning_check_2
                0x00000d5c                _sdr_tuning2_conifg_set
                0x00000d7c                crc_cal
                0x00000df0                sdram_clock_tune
                0x000017d0                exception
                0x00001a3c                exception_trigger
 *(.vector.data)
 .vector.data   0x00001a58      0x100 ./Debug/ax32xx_reset.S.o
                0x00001a58                _step_data
 .vector.data   0x00001b58      0x304 ./Debug/src_ax32xx_int.c.o
                0x00001b58                tune_values
                0x00001cd8                tune_by
                0x00001ce4                tune_tab_2_dll
                0x00001cf4                tune_tab_1_dll
                0x00001d04                tune_tab_2_clk
                0x00001d24                tune_tab_1_clk
                0x00001d44                tuning_test_addr
                0x00001dc4                tuning_test_data
                0x00001e44                SDRTUN2_CON
                0x00001e4c                sdr_tune_source
                0x00001e50                chip_vision

.ram            0x00001e60     0x2ce0 load address 0x00002060
                0x00001e60                __sram_start = .
 *(.msk_var_use)
 *(.sdc_buf)
 .sdc_buf       0x00001e60       0x40 ../bwlib\libsd.a(ax32xx_sd.o)
 *(.sram_comm)
 .sram_comm     0x00001ea0       0x60 ./Debug/xos_xmsgq.c.o
 .sram_comm     0x00001f00      0x280 ./Debug/src_ax32xx_isp.c.o
                0x00001f00                csi_stat
 .sram_comm     0x00002180     0x25c0 ./Debug/src_hal_sys.c.o
                0x00002180                ramuse
 .sram_comm     0x00004740      0x400 ./Debug/husb_hal_usb_host_uvc.c.o
                0x00004740                isobuf
                0x00004b40                __sram_end = .

.fifo           0x00008000      0xce0
                0x00008000                __ufifo_start = .
 *(.sram_Usbfifo)
 .sram_Usbfifo  0x00008000      0xce0 ./Debug/src_hal_sys.c.o
                0x00008000                usbfifo
                0x00008ce0                __ufifo_end = .

.text           0x02000000    0x917a4 load address 0x00002200
                0x02000000                _text_start = .
 *(.text*)
 .text          0x02000000        0x0 ./Debug/ax32xx_reset.S.o
 .text          0x02000000        0x0 ./Debug/ax32xx_spi_boot_cfg.S.o
 .text          0x02000000        0x0 ./Debug/ax32xx_BLDRX32.S.o
 .text          0x02000000      0xaa8 ./Debug/main.c.o
                0x02000000                registerTask
                0x0200008c                init
                0x020004c4                tap_exec
                0x02000618                init_tap
                0x02000a40                systemService
                0x02000a74                sendDrawUIMsg
 .text.startup  0x02000aa8       0xe0 ./Debug/main.c.o
                0x02000aa8                main
 .text          0x02000b88     0x1e1c ./Debug/resource_manager.c.o
                0x02000cc4                managerInit
                0x02000d3c                managerCreate
                0x02000e14                managerDestory
                0x02000e8c                managerFileCount
                0x02000f24                managerFileCountEx
                0x02000f90                managerLockFileExt
                0x02001038                managerUnlockFileExt
                0x020010e4                managerCheckLock
                0x02001120                managerCheckLockExt
                0x020011b0                managerFlush
                0x0200121c                managerDelFileByIndex
                0x0200132c                managerDelFileAll
                0x02001410                managerScanStart
                0x02001478                managerScanEnd
                0x02001538                explorerListHook
                0x02001550                managerNameChange
                0x02001764                managerSpaceCheck
                0x02001b18                manangerCheckFileType
                0x02001d5c                managerAddFile
                0x02001e00                managerAddFileEx
                0x02001e60                managerRenameExt
                0x02001f00                managerRename
                0x02001fc0                managerLockFile
                0x02002048                managerUnlockFile
                0x02002108                managerDelFileByName
                0x02002264                managerDelFileByFullName
                0x020023e4                managerFileNameCreater
                0x020025f8                managerFileScan
                0x0200277c                manangerGetFileFullPathName
                0x02002830                manangerGetFileName
                0x020028c8                manangerFindFileAndDel
 .text          0x020029a4      0x4d8 ./Debug/upgrade.c.o
                0x020029a4                upgrade_uiProgress
                0x020029e4                upgrade
 .text          0x02002e7c      0x314 ./Debug/board.c.o
                0x02002e7c                boardInit
                0x02002fa8                boardOpen
                0x0200304c                boardIoctrl
                0x020030d4                boardNameIoctrl
 .text          0x02003190      0xd08 ./Debug/board_bwv1.c.o
                0x020038d0                getCurBatteryADC
                0x020038f0                getKeyADCvalue
                0x02003910                getKeyVal
                0x020039fc                getKey
                0x02003c40                keyScanKey
                0x02003e5c                board_powerCheck
 .text          0x02003e98      0x2e4 ./Debug/config.c.o
                0x02003e98                configCheckSumCal
                0x02003edc                userConfigSave
                0x02003f50                userConfigReset
                0x02004050                userConfigInitial
                0x02004100                configSet
                0x0200413c                configGet
 .text          0x0200417c      0xbd8 ./Debug/display.c.o
                0x0200417c                dispLayerPIPOnlyBack
                0x020041f8                dispLayerPIPBakRightTop
                0x02004298                dispLayerPIPFrtRightTop
                0x0200431c                dispLayerPIPFBHalf
                0x020043a0                dispLayerPIPBFHalf
                0x02004424                dispLayerPIPOnlyFront
                0x020044b8                dispLayerUninit
                0x02004514                dispLayerGetResolution
                0x020045e8                dispLayerSetResolution
                0x020046d4                dispLayerSetRotate
                0x02004708                dispRatioResolutionCalculate
                0x020047e0                dispLayerSetRatio
                0x02004890                dispLayerInit
                0x02004abc                dispLayerShow
                0x02004b00                dispLayerGetFrame
                0x02004b48                dispLayerFreeFrame
                0x02004bc0                dispLayerSetFrame
                0x02004bec                dispLayerSetPIPMode
                0x02004c50                dispLayer_ABwin
                0x02004c80                dispLayer_getABwin
                0x02004ca0                dispLayerSetFrontCrop
 .text          0x02004d54        0x0 ./Debug/explorer.c.o
 .text          0x02004d54      0xe48 ./Debug/filelist.c.o
 .text          0x02005b9c      0x874 ./Debug/font.c.o
                0x02005dac                fontInit
                0x02005e74                fontSetLanguage
                0x02005f24                fontGetStringInfo
                0x02005fd4                fontDrawString
                0x020061c4                resGetString
                0x020062dc                resGetChar
 .text          0x02006410      0x270 ./Debug/icon.c.o
                0x02006410                iconInit
                0x0200645c                iconGetSize
                0x02006500                iconGetData
                0x0200659c                iconGetAddr
                0x02006610                iconGetPalette
 .text          0x02006680        0x0 ./Debug/board_fpga.c.o
 .text          0x02006680       0x58 ./Debug/configGetValue.c.o
                0x02006680                configValue2Int
 .text          0x020066d8      0x270 ./Debug/configSystem.c.o
                0x020066d8                configLanguage
                0x02006750                configSys
                0x0200690c                configSystem
 .text          0x02006948      0x4f0 ./Debug/logo.c.o
                0x02006948                upgrade_uvc
                0x020069f0                logo_image_show
                0x02006b0c                logo_music_show
                0x02006c88                layout_logo_show
                0x02006d34                layout_version_get
                0x02006e20                layout_keysound_load
 .text          0x02006e38       0xb0 ./Debug/menuMovieRec.c.o
                0x02006e38                menuProcDateTime
                0x02006e64                menuProcDefault
                0x02006e90                menuProcVersion
                0x02006ebc                menuProcFormat
 .text          0x02006ee8      0x134 ./Debug/menuPlayBack.c.o
                0x02006ee8                menuProcDelCur
                0x02006f14                menuProcDelCur2
                0x02006f40                menuProcDelAll
                0x02006f6c                menuProcDelAll2
                0x02006f98                menuProcLockCur
                0x02006fc4                menuProcUnlockCur
                0x02006ff0                menuProcUnlockAll
 .text          0x0200701c      0x360 ./Debug/msgDeal.c.o
                0x0200701c                msgFuncRegister
                0x020070d4                unshieldedMsgFuncRegister
                0x02007150                msgDeal
                0x02007288                msgDealByType
                0x02007320                msgDealByMsgInfor
 .text          0x0200737c      0x10c ./Debug/msgSysRecommend.c.o
 .text          0x02007488      0x610 ./Debug/msgSysUnshielded.c.o
 .text          0x02007a98      0x358 ./Debug/taskManage.c.o
                0x02007a98                taskInit
                0x02007b0c                taskInfor
                0x02007b20                taskRegister
                0x02007b58                taskCurrent
                0x02007b78                taskNext
                0x02007b98                taskStart
                0x02007c18                taskChange
                0x02007c84                taskService
 .text          0x02007df0      0x330 ./Debug/taskPhotoEncode.c.o
                0x02007df0                taskPhotoEncodeService
                0x02007e04                taskPhotoEncodeOpen
                0x02007e58                taskPhotoEncodeClose
                0x02007eb0                task_image_createfile
                0x02007f90                image_take_photo
 .text          0x02008120      0x99c ./Debug/taskPhotoEncodeMsg.c.o
 .text          0x02008abc      0x560 ./Debug/taskPlayBack.c.o
                0x02008abc                taskPlayBackClose
                0x02008afc                video_playback_start
                0x02008d1c                taskPlayBackOpen
                0x02008d9c                taskPlayBackService
                0x02008e48                imageRegionCopy
 .text          0x0200901c     0x1304 ./Debug/taskPlayBackMsg.c.o
 .text          0x0200a320      0x234 ./Debug/taskPowerOff.c.o
                0x0200a320                uninit
                0x0200a4c4                taskPowerOffOpen
 .text          0x0200a554     0x1b7c ./Debug/taskSysScanDevice.c.o
                0x0200aa70                deamon_night_effect
                0x0200aaac                timerMsgSend
                0x0200ab50                setKeyEn
                0x0200ab70                info_value_init
                0x0200abf0                set_info_value
                0x0200ac88                get_info_value
                0x0200ad14                updata_settings_menu
                0x0200addc                get_usb_to_video_flag
                0x0200adfc                set_usb_to_video_flag
                0x0200ae1c                deamon_astern_check
                0x0200aeb8                reflush_usensor_check
                0x0200af14                setSoftwareDetachUsensor
                0x0200af34                deamon_usb_check
                0x0200b1f8                deamon_gsensor_check
                0x0200b2d4                set_clock_state
                0x0200b2f4                get_clock_state
                0x0200b314                deamon_clock_check
                0x0200b3e0                deamon_screen_save
                0x0200b550                deamon_key_check
                0x0200b7a4                deamon_auto_poweroff
                0x0200b8e4                deamon_keysound_play
                0x0200b8fc                deamon_fsFreeSize
                0x0200b96c                deamon_fs_scan
                0x0200bb74                deamon_sdc_check
                0x0200bd8c                taskSysScanDev
                0x0200be88                deamon_usb_to_video_check_card
                0x0200bf20                deamon_fsSizeModify
                0x0200bfb4                get_key_clock_value
                0x0200c000                get_suspended_lcd_value
                0x0200c090                set_key_press_power_clock
                0x0200c0b0                get_key_press_power_clock
 .text          0x0200c0d0      0x2ac ./Debug/taskUsbDevice.c.o
 .text          0x0200c37c      0xe74 ./Debug/taskVideoRecord.c.o
                0x0200c37c                video_record_start
                0x0200c41c                task_record_stop
                0x0200c49c                taskVideoRecordeClose
                0x0200c57c                task_video_record_caltime
                0x0200c5b8                video_record_callback
                0x0200ce94                taskVideoRecordeOpen
                0x0200cfdc                task_video_record_caltime_rename
                0x0200d024                taskVideoRecordeService
                0x0200d13c                taskVideoRecTimeIncreace
                0x0200d150                videoCapturePhoto
 .text          0x0200d1f0     0x1390 ./Debug/taskVideoRecordMsg.c.o
                0x0200e400                recordTimeCount1S
 .text          0x0200e580       0xcc ./Debug/toolFunc.c.o
                0x0200e580                intToString
 .text          0x0200e64c      0x7b0 ./Debug/uiAsternMsg.c.o
 .text          0x0200edfc      0x838 ./Debug/uiMenuDateTimeMsg.c.o
                0x0200f2cc                dateTimeStrUpdate
                0x0200f2f4                dateTimeIncreace
                0x0200f494                dateTimeDecreace
 .text          0x0200f634      0x35c ./Debug/uiMenuDefaultMsg.c.o
 .text          0x0200f990      0x490 ./Debug/uiMenuDelAllMsg.c.o
 .text          0x0200fe20      0x458 ./Debug/uiMenuDelCurMsg.c.o
 .text          0x02010278      0x45c ./Debug/uiMenuFormatMsg.c.o
 .text          0x020106d4      0xb28 ./Debug/uiMenuItemMsg.c.o
                0x020111dc                menuIsOpen
 .text          0x020111fc      0x4d8 ./Debug/uiMenuLockCurMsg.c.o
 .text          0x020116d4      0x434 ./Debug/uiMenuOptionMsg.c.o
 .text          0x02011b08      0x4ac ./Debug/uiMenuUnlockAllMsg.c.o
 .text          0x02011fb4      0x4a8 ./Debug/uiMenuUnlockCurMsg.c.o
 .text          0x0201245c      0x228 ./Debug/uiMenuUsbMsg.c.o
 .text          0x02012684      0x2b0 ./Debug/uiNoFileMsg.c.o
 .text          0x02012934      0x3cc ./Debug/uiTips1Msg.c.o
 .text          0x02012d00      0x32c ./Debug/uiTipsMsg.c.o
 .text          0x0201302c      0x400 ./Debug/uiWin.c.o
                0x0201302c                dialogCB
                0x020131f4                uiParentDealMsg
                0x02013224                uiOpenWindow
                0x0201330c                uiOpenWinAndShow
                0x020133fc                windowIsOpen
 .text          0x0201342c      0x944 ./Debug/uiSelfTestMsg.c.o
 .text          0x02013d70      0x1c0 ./Debug/uiMenuVersionMsg.c.o
 .text          0x02013f30      0x9bc ./Debug/taskAudioRecordMsg.c.o
                0x020145f4                audioGetCurFileName
                0x02014624                audioParseCurFileName
                0x020147ac                AudioShow_RecState
                0x020148c4                Test_Delay_Ms
 .text          0x020148ec      0x2e0 ./Debug/taskAudioRecord.c.o
                0x020148ec                taskAudioRecordeOpen
                0x02014988                taskAudioRecordeClose
                0x020149b8                audio_record_callback
                0x02014b04                taskAudioRecordeService
 .text          0x02014bcc      0x134 ./Debug/taskAudioPlay.c.o
                0x02014bcc                taskAudioPlayOpen
                0x02014c0c                taskAudioPlayClose
                0x02014c3c                taskAudioPlayService
                0x02014c5c                audio_play_start
 .text          0x02014d00      0x774 ./Debug/taskAudioPlaydMsg.c.o
 .text          0x02015474     0x1354 ./Debug/uiSelfClockMsg.c.o
 .text          0x020167c8      0x41c ./Debug/uiMenuDelAllMsg2.c.o
 .text          0x02016be4        0x0 ./Debug/uiMenuDelAllRes2.c.o
 .text          0x02016be4      0x458 ./Debug/uiMenuDelCurMsg2.c.o
 .text          0x0201703c        0x0 ./Debug/uiMenuDelCurRes2.c.o
 .text          0x0201703c        0x0 ./Debug/xos_x_cpu.c.o
 .text          0x0201703c      0x1b0 ./Debug/xos_xmbox.c.o
                0x0201703c                XMboxInit
                0x0201707c                XMboxCreate
                0x02017104                XMboxDestory
                0x0201713c                XMboxPost
                0x02017190                XMboxPend
 .text          0x020171ec      0x2e4 ./Debug/xos_xmsgq.c.o
                0x020171ec                XMsgQInit
                0x0201722c                XMsgQCreate
                0x020172bc                XMsgQDestory
                0x020172f4                XMsgQFlush
                0x02017334                XMsgQPost
                0x020173ac                XMsgQPostFront
                0x02017428                XMsgQPend
                0x020174b8                XMsgQCheck
 .text          0x020174d0      0x12c ./Debug/xos_xos.c.o
                0x020174d0                XOSInit
                0x02017510                XOSTickService
                0x02017580                XOSTimeGet
                0x020175a0                XOSTimeDly
                0x020175dc                XOSRandom
 .text          0x020175fc      0x168 ./Debug/xos_xwork.c.o
                0x020175fc                XWorkInit
                0x0201763c                XWorkCreate
                0x020176c8                XWorkDestory
                0x020176f8                XWorkService
 .text          0x02017764        0x0 ./Debug/multimedia_user_media.c.o
 .text          0x02017764      0x1e8 ./Debug/sUI_button.c.o
                0x02017834                buttonCreate
                0x020178a8                buttonCreateIndirect
 .text          0x0201794c      0x168 ./Debug/sUI_dialog.c.o
                0x0201794c                dialogCreate
                0x020179fc                dialogItem
 .text          0x02017ab4      0x22c ./Debug/sUI_frameWin.c.o
                0x02017c0c                frameWinCreate
                0x02017c70                frameWinCreateIndirect
 .text          0x02017ce0      0x2b0 ./Debug/sUI_imageIcon.c.o
                0x02017e68                imageIconCreate
                0x02017f14                imageIconCreateIndirect
 .text          0x02017f90     0x1838 ./Debug/sUI_itemManage.c.o
                0x02017f90                itemManageCreate
                0x02018014                itemManageCreateIndirect
                0x02018088                itemManageSetItemHeight
                0x0201820c                itemManageSetHeightAvgGap
                0x02018380                itemManageSetRowSum
                0x020184dc                itemManageSetColumnSum
                0x0201862c                itemManageSetColumnSumWithGap
                0x020187a8                itemManageSetColumnMargin
                0x020188d8                itemManageCreateItem
                0x02018a74                itemManageSetResInforFuncEx
                0x02018acc                itemManageSetCurItem
                0x02018dc8                itemManageUpdateRes
                0x02018e80                itemManageUpdateAllitem
                0x02018ee4                itemManageUpdateCurItem
                0x02019088                itemManageNextItem
                0x020190f8                itemManagePreItem
                0x02019168                itemManageGetCurrentItem
                0x020191cc                itemManageSetCharInfor
                0x02019284                itemManageSetSelectColor
                0x02019330                itemManageSetSelectImage
                0x020193cc                itemManageSetUnselectColor
                0x02019478                itemManageSetUnselectImage
                0x02019514                itemManageGetResNum
                0x02019650                itemManageGetTouchInfor
 .text          0x020197c8      0x43c ./Debug/sUI_menuItem.c.o
                0x02019a68                menuItemCreate
                0x02019b18                itemCreateMenuItem
 .text          0x02019c04      0x494 ./Debug/sUI_menuItemEx.c.o
                0x02019e90                menuItemExCreate
                0x02019f40                itemCreateMenuItemEx
 .text          0x0201a098      0x3d8 ./Debug/sUI_menuOption.c.o
                0x0201a2fc                menuOptionCreate
                0x0201a3a8                itemCreatemenuOption
 .text          0x0201a470      0x274 ./Debug/sUI_progressBar.c.o
                0x0201a5e8                progressBarCreate
                0x0201a66c                progressBarCreateIndirect
 .text          0x0201a6e4      0x234 ./Debug/sUI_rect.c.o
                0x0201a820                rectCreate
                0x0201a8a4                rectCreateIndirect
 .text          0x0201a918      0x2e0 ./Debug/sUI_stringIcon.c.o
                0x0201aaa0                stringIconCreate
                0x0201ab4c                stringIconCreateIndirect
 .text          0x0201abf8      0x2a8 ./Debug/sUI_tips.c.o
                0x0201ad8c                tipsCreate
                0x0201ae18                tipsCreateIndirect
 .text          0x0201aea0      0x26c ./Debug/sUI_uiAlloc.c.o
                0x0201aea0                uiHeapInit
                0x0201aed8                uiAlloc
                0x0201afd0                uiFree
                0x0201b0d0                uiHeapInfor
                0x0201b0f8                heapAllocTest
 .text          0x0201b10c      0x11c ./Debug/sUI_widget.c.o
                0x0201b10c                widgetProc
                0x0201b158                widgetSetType
                0x0201b188                widgetGetType
                0x0201b1bc                widgetGetId
                0x0201b1f4                widgetSetId
 .text          0x0201b228     0x1c04 ./Debug/sUI_winManage.c.o
                0x0201b228                winErrShow
                0x0201b26c                winSendMsg
                0x0201b2ac                winSendMsgNoData
                0x0201b2d4                winSendMsgToParent
                0x0201b304                winSendMsgToParentNoData
                0x0201b32c                winOverlapping
                0x0201b390                winContain
                0x0201b3f4                winHasInvalidRect
                0x0201b450                winFreeInvalidRect
                0x0201b74c                winCreate
                0x0201bb58                winDestroy
                0x0201bcd0                winGetTouchInfor
                0x0201bd00                winTouch
                0x0201bf20                winSetbgColor
                0x0201bf54                winSetfgColor
                0x0201bf88                winSetVisible
                0x0201c00c                winIsVisible
                0x0201c048                winSetResid
                0x0201c078                winSetItemSelResid
                0x0201c0a8                winGetResMaxNum
                0x0201c0e8                winSetResSum
                0x0201c118                winSetResidByNum
                0x0201c160                winSetStrInfor
                0x0201c1a8                winSetSelectStrInfor
                0x0201c1f0                winSetSelectInfor
                0x0201c234                winSetUnselectInfor
                0x0201c278                winChangeNotify
                0x0201c2e0                winDefaultProc
                0x0201c6d8                winResize
                0x0201c868                winGetRelativePos
                0x0201c8f8                winGetPos
                0x0201c93c                winUpdate
                0x0201c9ac                winSetPorgressRate
                0x0201c9dc                winGetCurrent
                0x0201c9fc                winPaint
                0x0201cb08                winSetName
                0x0201cb28                winIntersection
                0x0201cbdc                winUpdateAllResId
                0x0201cc40                winDestroyDeskTopChildWin
                0x0201ccb4                winInit
                0x0201cda0                winUninit
 .text          0x0201ce2c      0x174 ./Debug/sUI_memPool.c.o
                0x0201ce2c                mempCreate
                0x0201ce94                mempGet
                0x0201ceec                mempPut
                0x0201cf28                mempInfor
 .text          0x0201cfa0      0x3bc ./Debug/src_ax32xx_int.c.o
                0x0201cfa0                ax32xx_intHandler
                0x0201cfb4                fast_isr
                0x0201d094                slow_isr
                0x0201d188                ax32xx_intEnable
                0x0201d1d0                ax32xx_int_priority
                0x0201d218                ax32xx_intInit
 .text          0x0201d35c      0x9c8 ./Debug/src_ax32xx_sys.c.o
                0x0201d35c                ax32xx_sysCpuMsDelay
                0x0201d398                ax32xx_sysCpuNopDelay
                0x0201d3c0                ax32xx_sysDcacheInit
                0x0201d404                ax32xx_sysIcacheInit
                0x0201d448                ax32xx_sysDcacheWback
                0x0201d4c4                ax32xx_sysDcacheFlush
                0x0201d540                ax32xx_sysDcacheInvalid
                0x0201d5bc                ax32xx_sysSRAMClear
                0x0201d610                ax32xx_sysBSSClear
                0x0201d674                ax32xx_sysLDOSet
                0x0201d858                ax32xx_sysClkSet
                0x0201d8b4                ax32xx_sysReset
                0x0201d8f4                ax32xx_sys_dma_memdown
                0x0201d958                ax32xx_sys_dma_memkick
                0x0201da1c                ax32xx_mcpy_gram2ufifo
                0x0201da7c                ax32xx_mcpy1_sdram2gram
                0x0201db20                ax32xx_sysInit
                0x0201dc64                ax32xx_sysUninit
 .text          0x0201dd24      0x298 ./Debug/src_ax32xx_dma.c.o
                0x0201dd24                ax32xx_dmaNocCfg
                0x0201df4c                ax32xx_dmaNocDefault
                0x0201df74                ax32xx_dmaChannelEnable
 .text          0x0201dfbc       0xc8 ./Debug/src_ax32xx_wdt.c.o
                0x0201dfbc                ax32xx_wdtEnable
                0x0201dff0                ax32xx_wdtEnable2
                0x0201e020                ax32xx_wdtTimeSet
                0x0201e034                ax32xx_wdtClear
                0x0201e068                ax32xx_wdtReset
 .text          0x0201e084      0xe08 ./Debug/src_ax32xx_gpio.c.o
                0x0201e084                ax32xx_gpioSFRSet
                0x0201e2c8                ax32xx_gpioDirSet
                0x0201e36c                ax32xx_gpioPullSet
                0x0201e438                ax32xx_gpioDrvSet
                0x0201e4c8                ax32xx_gpioDataSet
                0x0201e554                ax32xx_gpioDataGrounpSet
                0x0201e5d0                ax32xx_gpioDataGet
                0x0201e654                ax32xx_gpioMapSet
                0x0201e6e4                ax32xx_gpioDigitalSet
                0x0201e774                ax32xx_gpioHystersisSet
                0x0201e804                ax32xx_gpioLedPull
                0x0201e8d0                ax32xx_gpioLedInit
                0x0201e960                ax32xx_gpioINTCheck
                0x0201e998                ax32xx_gpioINTClear
                0x0201e9c0                ax32xx_gpioINTInit
                0x0201eaf0                ax32xx_gpioIRQHandler
                0x0201eb8c                ax32xx_io1d1_softstart
                0x0201ed4c                ax32xx_io1d1_softstart_clr
                0x0201edfc                ax32xx_io1d1_pd_enable
 .text          0x0201ee8c      0x1a4 ./Debug/src_ax32xx_uart.c.o
                0x0201ee8c                ax32xx_uart0IRQHandler
                0x0201eedc                ax32xx_uart0IOCfg
                0x0201ef7c                ax32xx_uart0Init
                0x0201eff0                ax32xx_uart0SendByte
 .text          0x0201f030      0x4c0 ./Debug/src_ax32xx_timer.c.o
                0x0201f030                ax32xx_timer0IRQHandler
                0x0201f074                ax32xx_timer1IRQHandler
                0x0201f0b8                ax32xx_timer2IRQHandler
                0x0201f0fc                ax32xx_timer3IRQHandler
                0x0201f140                ax32xx_timerISRRegister
                0x0201f184                ax32xx_timerStart
                0x0201f280                ax32xx_timerStop
                0x0201f350                ax32xx_timerEnable
                0x0201f3dc                ax32xx_timerDisable
                0x0201f480                ax32xx_timerTickStart
                0x0201f4b4                ax32xx_timerTickStop
                0x0201f4d4                ax32xx_timerTickCount
 .text          0x0201f4f0      0x468 ./Debug/src_ax32xx_tminf.c.o
                0x0201f4f0                ax32xx_mjpegATimeinfoEnable
                0x0201f55c                ax32xx_mjpegBTimeinfoEnable
                0x0201f5c8                ax32xx_mjpegATimeinfoColor
                0x0201f614                ax32xx_mjpegBTimeinfoColor
                0x0201f670                ax32xx_mjpegATimeinfoSize
                0x0201f6cc                ax32xx_mjpegBTimeinfoSize
                0x0201f754                ax32xx_mjpegATimeinfoPos
                0x0201f7b0                ax32xx_mjpegBTimeinfoPos
                0x0201f838                ax32xx_mjpegATimeinfoAddr
                0x0201f87c                ax32xx_mjpegBTimeinfoAddr
                0x0201f8ec                ax32xx_recfg_mjpb_tminf
 .text          0x0201f958      0x7f4 ./Debug/src_ax32xx_spi.c.o
                0x0201f958                ax32xx_spi0Init
                0x0201fb78                ax32xx_spi0SendByte
                0x0201fbcc                ax32xx_spi0RecvByte
                0x0201fc20                ax32xx_spi0Send0
                0x0201fcd8                ax32xx_spi0Recv0
                0x0201fd90                ax32xx_spi0CS0Config
                0x0201fdd4                spi1_pin_config
                0x0201fea4                hal_spi1Init
                0x0201ff1c                spi1_send_byte
                0x0201ff8c                spi1_receive_byte
                0x0201ffd4                spi1_recevie_dma
                0x0202006c                spi1_send_dma
                0x02020108                spi1_enable
 .text          0x0202014c      0xb7c ./Debug/src_ax32xx_rtc.c.o
                0x0202014c                ax32xx_rtcWriteByte
                0x0202019c                ax32xx_rtcReadByte
                0x02020200                ax32xx_rtcRamRead
                0x0202029c                ax32xx_rtcRamWrite
                0x02020338                ax32xx_rtcDataRead
                0x020203c0                ax32xx_rtcDataWrite
                0x02020448                ax32xx_rtcInit
                0x020204f8                ax32xx_rtcIRQHandler
                0x020205b8                ax32xx_rtcSencodEnable
                0x02020634                ax32xx_rtcAlamEnable
                0x0202071c                ax32xx_rtcAlamSet
                0x02020764                ax32xx_rtcGet
                0x020207b8                ax32xx_rtcSet
                0x02020800                ax32xx_WKOEnable
                0x0202085c                ax32xx_VDDGSENEnable
                0x020208cc                ax32xx_WKI0InputEnable
                0x0202093c                ax32xx_WKI1InputEnable
                0x020209ac                ax32xx_WKI1Read
                0x020209d0                ax32xx_WKI0Read
                0x020209f4                ax32xx_WKI1WakeupEnable
                0x02020b5c                ax32xx_WKI1WakeupTriger
                0x02020bac                ax32xx_WKI1CleanPending
                0x02020be8                ax32xx_rtcBatDecEnable
                0x02020c58                ax32xx_rtcSenHVEnable
 .text          0x02020cc8      0x118 ./Debug/src_ax32xx_md.c.o
                0x02020cc8                ax32xx_mdEnable
                0x02020d30                ax32xx_mdEnable_check
                0x02020d50                ax32xx_mdInit
                0x02020d98                ax32xx_mdXPos
                0x02020dbc                ax32xx_mdYPos
 .text          0x02020de0      0x7e8 ./Debug/src_ax32xx_iic.c.o
                0x02020e98                software_iic_sdaout
                0x02020ecc                software_iic_sdain
                0x02020f00                software_iic_sda_set
                0x02020f2c                software_iic_scl_set
                0x02020f58                software_iic_sda_get
                0x02020f80                software_iic_init
                0x02020fb0                software_iic_start
                0x02021028                software_iic_stop
                0x020210a0                software_iic_wait_ack
                0x02021158                ax32xx_iic0Init
                0x02021218                ax32xx_iic0Uninit
                0x0202125c                ax32xx_iic0Start
                0x02021278                ax32xx_iic0Stop
                0x020212b8                ax32xx_iic0RecvACK
                0x020212e0                ax32xx_iic0SendACK
                0x02021304                ax32xx_iic0SendByte
                0x02021354                ax32xx_iic0RecvByte
                0x020213a8                ax32xx_iic1Init
                0x020213d0                ax32xx_iic1Uninit
                0x02021414                ax32xx_iic1Start
                0x02021430                ax32xx_iic1Stop
                0x02021490                ax32xx_iic1RecvACK
                0x020214b8                ax32xx_iic1SendACK
                0x020214dc                ax32xx_iic1SendByte
                0x0202154c                ax32xx_iic1RecvByte
 .text          0x020215c8      0x668 ./Debug/src_ax32xx_dac.c.o
                0x02021608                ax32xx_dacIRQHandler
                0x020216dc                ax32xx_dacSampleRateSet
                0x0202174c                ax32xx_dacEnable
                0x020217d0                ax32xx_dacVolumeSet
                0x02021848                ax32xx_dacBufferSet
                0x02021868                ax32xx_dacBufferFlush
                0x02021888                ax32xx_dacReset
                0x020218ac                ax32xx_dacStart
                0x02021928                ax32xx_dacStop
                0x02021958                ax32xx_dacISRRegister
                0x02021978                ax32xx_dacHPSet
                0x02021a0c                eq_coeff_init
                0x02021a7c                eq_gain_init
                0x02021aec                ax32xx_dacInit
 .text          0x02021c30      0x114 ./Debug/src_ax32xx_adc.c.o
                0x02021c30                ax32xx_adcEnable
                0x02021c98                ax32xx_adcSetBaudrate
                0x02021cc8                ax32xx_adcConverStart
                0x02021cec                ax32xx_adcRead
 .text          0x02021d44      0x4d0 ./Debug/src_ax32xx_auadc.c.o
                0x02021d44                ax32xx_auadcIRQHandler
                0x02021dd4                ax32xx_auadcHalfIRQRegister
                0x02021df4                ax32xx_auadcEndIRQRegister
                0x02021e14                ax32xx_auadcEnable
                0x02021f0c                ax32xx_auadcAGCEnable
                0x02021f9c                ax32xx_auadcGainSet
                0x02022018                ax32xx_auadcBufferSet
                0x02022078                ax32xx_auadcInit
                0x0202211c                ax32xx_auadcSetSampleSet
                0x02022200                agc_gain_mnt
 .text          0x02022214     0x13f4 ./Debug/src_ax32xx_isp.c.o
                0x02022214                ax32xx_ispModeSet
                0x02022250                isp_BLC_cfg
                0x020222a4                isp_LSC_cfg
                0x020222dc                isp_DDC_cfg
                0x0202244c                isp_AWB_GAIN_adj
                0x02022480                isp_whtpnt_stat_cfg
                0x020226e8                isp_CCM_cfg
                0x020227a0                isp_RGB_DGAIN_adj
                0x0202282c                isp_hist_stat_cfg
                0x020228ac                isp_GAMMA_cfg
                0x02022a1c                isp_RGB_gam_cfg
                0x02022ba0                isp_CH_cfg
                0x02022efc                isp_VDE_cfg
                0x02022fcc                isp_EE_cfg
                0x02023240                isp_CCF_cfg
                0x02023378                isp_SAJ_cfg
                0x02023478                isp_kick_stat
                0x020234a8                isp_stat_en
                0x020234ec                stat_cp_kick_st
                0x02023510                stat_cp_done
                0x02023540                isp_model_cfg
 .text          0x02023608      0x298 ./Debug/src_jpeg_table.c.o
                0x02023608                jpegA_table_init
                0x02023784                ax32xx_mjpB_tab_init
 .text          0x020238a0        0x0 ./Debug/src_isp_tab.c.o
 .text          0x020238a0     0x12f4 ./Debug/src_ax32xx_usb.c.o
                0x020238a0                _usb_bulk_tx
                0x020239dc                _usb_bulk_rx
                0x02023ae8                _usb_iso_kick
                0x02023bd8                _iso_wait_txdown
                0x02023c48                usb_iso_tx
                0x02023d48                usb_burst_reset
                0x02023d94                usb_host_reset
                0x02023de0                usb_phyreset_as_typeb
                0x02023f28                usb_phyreset_as_typea
                0x02024074                usb_insert
                0x02024088                usb_check_hal
                0x0202409c                get_u32softcnt
                0x020240bc                ax32xx_usbIRQHanlder
                0x020241b0                ax32xx_usbCallbackRegister
                0x020241ec                ax32xx_usb_hostIRQHanlder
                0x020242f0                usb_device_check
                0x020243b8                ax32xx_usbPhyPllEnable
                0x02024460                usb11_registers_write
                0x0202448c                usb11_registers_read
                0x020244c4                usb_memcpy
                0x02024538                usb_phyreset_as_typea11
                0x0202463c                usb11_host_reset
                0x02024684                ax32xx_usb11_hostIRQHanlder
                0x020247a0                usb20_host_check
                0x02024868                usb11HostCheckNoWait
                0x02024a30                usb11_host_check
                0x02024b00                usb20_phyreset_as_filter
 .text          0x02024b94      0x210 ./Debug/src_ax32xx_misc.c.o
                0x02024b94                str_seek
                0x02024c00                dec_num2str
                0x02024c40                char_2_hex
                0x02024c94                data_check
                0x02024cd4                pointer_check
                0x02024cf8                half_word_memcpy
                0x02024d30                word_memcpy
                0x02024d68                word_reg_memcpy
 .text          0x02024da4      0x14c ./Debug/src_ax32xx_pip.c.o
                0x02024da4                ax32xx_pipConfig
                0x02024e20                ax32xx_pipEnable
                0x02024e64                ax32xx_pipCounterReset
                0x02024ea4                ax32xx_pipGetTopLayer
                0x02024ec8                ax32xx_pipGetBotLayer
 .text          0x02024ef0        0x0 ./Debug/src_ax32xx_btuart.c.o
 .text          0x02024ef0        0x0 ./Debug/src_ax32xx_crc.c.o
 .text          0x02024ef0      0x26c ./Debug/src_ax32xx_emi.c.o
                0x02024ef0                ax32xx_emiInit
                0x0202502c                ax32xx_emiISRRegister
                0x02025060                ax32xx_emiIRQHandler
                0x020250bc                ax32xx_emiKick
                0x02025118                ax32xx_emiCheckBusy
                0x02025138                ax32xx_emiCheckRXError
 .text          0x0202515c      0x278 ./Debug/src_ax32xx_rotate.c.o
                0x0202515c                ax32xx_rotateISRRegiser
                0x0202517c                ax32xx_rotateCheckBusy
                0x0202519c                ax32xx_rotateReset
                0x020251e8                ax32xx_rotateStart
                0x02025300                ax32xx_rotateWaitFrameDone
                0x02025354                ax32xx_rotateIRQHandler
                0x020253a4                ax32xx_rotateGetSrcYAddr
 .text          0x020253d4      0x370 ./Debug/src_ax32xx_osdcmp.c.o
                0x020253d4                ax32xx_osdcmpISRRegiser
                0x020253f4                ax32xx_osdcmpCheckBusy
                0x02025418                ax32xx_osdcmpReset
                0x02025464                ax32xx_osdcmpGetCompSize
                0x02025484                ax32xx_osdcmpKick
                0x02025558                ax32xx_osdcmpWaitFrameDone
                0x020255f0                ax32xx_osdcmpCompOneFrame
                0x020256f8                ax32xx_osdcmpIRQHandler
 .text          0x02025744      0xd68 ./Debug/osd_ax32xx_osd.c.o
                0x02025744                ax32xx_deWait
                0x020257a0                ax32xx_deUpdate
                0x020257c4                ax32xx_deGetUpdateStatus
                0x020257e8                ax32xx_deIRQHandler
                0x02025848                ax32xx_deISRRegister
                0x02025868                ax32xx_deInit
                0x020258e4                ax32xx_deSetBackground
                0x02025918                ax32xx_deSetCSC
                0x02025964                ax32xx_videoSetDither
                0x02025a04                ax32xx_videoSetScale
                0x02025a50                ax32xx_videoSetScaleLine
                0x02025ac0                ax32xx_videoSetScanMode
                0x02025b0c                ax32xx_videoGetYAddr
                0x02025b3c                ax32xx_videoGetUVAddr
                0x02025b6c                ax32xx_videoSetAddr
                0x02025b88                ax32xx_videoSetStride
                0x02025bac                ax32xx_videoSetSize
                0x02025be4                ax32xx_videoSetPosition
                0x02025c0c                ax32xx_videoCopyCfg
                0x02025c74                ax32xx_videoEnable
                0x02025cb8                ax32xx_degamma_cfg
                0x02025cd8                ax32xx_videoGammaRed
                0x02025d1c                ax32xx_videoGammaGreen
                0x02025d60                ax32xx_videoGammaBlue
                0x02025da4                ax32xx_deSetGAMA
                0x02025e28                ax32xx_deSet_DE_CCM
                0x02025f10                ax32xx_deSet_DE_SAJ
                0x02025f7c                ax32xx_videoGammaEnable
                0x02025fc0                ax32xx_osdEnable
                0x0202602c                ax32xx_osdSetSize
                0x02026080                ax32xx_osdSetPosition
                0x020260d4                ax32xx_osdSetPalette
                0x0202611c                ax32xx_osdSetAddr
                0x020261d8                ax32xx_osdGetAddr
                0x02026228                ax32xx_osdSetAlpha
                0x02026294                ax32xx_osdSetUpscaler
                0x0202645c                ax32xx_osdEncodeOneCode
 .text          0x020264ac      0xfdc ./Debug/csi_ax32xx_csi.c.o
                0x020264ac                hal_csi_fcnt_get
                0x020264dc                ax32xx_csiIRQHandler
                0x0202676c                ax32xx_csiISRRegiser
                0x020267a8                ax32xx_csiMJPEGFrameSet
                0x02026818                ax32xx_csihv_tomjp_dma_cfg
                0x020268a4                ax32xx_csi_only_FrameSet
                0x020268c4                ax32xx_csiYUVFrameSet
                0x020268d8                ax32xx_csiIOConfig
                0x02026930                ax32xx_csiInit
                0x0202695c                ax32xx_csiMclkSet
                0x02026a20                ax32xx_csiSyncSet
                0x02026a84                ax32xx_csiPrioritySet
                0x02026ac8                ax32xx_csiTypeSet
                0x02026b34                ax32xx_csiModeSet
                0x02026b70                ax32xx_pclk_fir_Set
                0x02026bd8                ax32xx_pclk_analog_Set
                0x02026c28                ax32xx_pclk_inv_Set
                0x02026c6c                ax32xx_csi_clk_tun_Set
                0x02026cb4                ax32xx_csiSizeSet
                0x02026cec                ax32xx_csiInputAddrSet
                0x02026d04                ax32xx_csiTestModeSet
                0x02026d6c                ax32xx_csiDvpClkDivSet
                0x02026db4                ax32xx_csiLCDFrameSet
                0x02026de0                ax32xx_csiLCDDmaEnable
                0x02026e7c                ax32xx_csiLCDDmaKick
                0x02026ec0                ax32xx_csiLCDScaler
                0x02027094                ax32xx_csiScaler
                0x02027240                ax32xx_hvScaler
                0x02027394                ax32xx_csiScalerCheck
                0x020273bc                ax32xx_csiOutputSet
                0x020273f8                ax32xx_csiEnable
 .text          0x02027488      0xd50 ./Debug/lcd_ax32xx_lcd.c.o
                0x02027488                ax32xx_lcdSPIMode
                0x020274b4                ax32xx_lcdSPIInit
                0x02027564                ax32xx_lcdSPIUninit
                0x020275a0                ax32xx_lcdSPISendData
                0x020276f4                ax32xx_lcdMcuSendCmd
                0x02027758                ax32xx_lcdMcuSendData
                0x020277ac                ax32xx_lcdMcuSendCmd16
                0x02027830                ax32xx_lcdMcuSendData16
                0x020278b4                ax32xx_lcdInit
                0x02027900                ax32xx_lcdIRQEnable
                0x02027948                ax32xx_lcdPreLineSet
                0x02027964                ax32xx_lcdSignalSet
                0x020279fc                ax32xx_lcdBusWidth
                0x02027a50                ax32xx_lcdBusEnable
                0x02027aa0                ax32xx_lcdClkSet
                0x02027ac0                ax32xx_lcdSyncSet
                0x02027ae4                ax32xx_lcdDESignalSet
                0x02027b08                ax32xx_lcdPositionSet
                0x02027b24                ax32xx_lcdResolutionSet
                0x02027b40                ax32xx_lcdWindowSizeSet
                0x02027b5c                ax32xx_lcdDataModeSet
                0x02027ba0                ax32xx_lcdClkNumberSet
                0x02027bb8                ax32xx_lcdEndLineSet
                0x02027bd4                ax32xx_lcdPanelMode
                0x02027c1c                ax32xx_lcdEnable
                0x02027c80                ax32xx_lcdTeMode
                0x02027cc8                ax32xx_lcdKick
                0x02027d00                ax32xx_lcdIRQHandler
                0x02027e70                ax32xx_lcdISRRegister
                0x02027eb4                ax32xx_lcdReset
                0x02027f20                ax32xx_lcdMCUIOConfig
                0x02028004                ax32xx_lcdRGBIOConfig
                0x020280e8                ax32xx_lcd_lsawbtooth
 .text          0x020281d8     0x1c14 ./Debug/mjpeg_ax32xx_mjpeg.c.o
                0x020281d8                ax32xx_mpegPrint
                0x0202860c                ax32xx_mjpB_reset
                0x02028678                ax32xx_mjpegAIRQHandler
                0x020286cc                ax32xx_mjpB_employ
                0x020286f8                ax32xx_mjpB_dcdown_reg
                0x02028718                ax32xx_mjB_as_dcode
                0x02028744                ax32xx_mjpegEA_ncodeISRRegister
                0x02028764                ax32xx_mjpegEB_ncodeISRRegister
                0x02028784                ax32xx_mjpegEA_ncodeISR
                0x020287b0                ax32xx_mjpegDecodeISRRegister
                0x020287d0                ax32xx_mjpegEncodeBufferSet
                0x0202881c                ax32xx_mjpegEncodeEnable
                0x02028924                ax32xx_mjpegEncodeSizeSet
                0x020289cc                ax32xx_mjpegEncodeQuilitySet
                0x02028a14                cal_jA_1s_size
                0x02028a44                ax32xx_mjpegEncodeQadj
                0x02028b0c                ax32xx_mjpegEncodeInfoSet
                0x02028b54                ax32xx_mjpegEncodeLoadAddrGet
                0x02028b70                ax32xx_mjpeg_inlinebuf_init
                0x02028b9c                ax32xx_mjpegEncodeInit
                0x02028dcc                ax32xx_mjpeg_manual_on
                0x02028e10                ax32xx_mjpeg_manual_stop
                0x02028e64                ax32xx_mjpegDecodeScalerCal
                0x02028f34                ax32xx_mjpegDecodeSetSize
                0x02029158                ax32xx_mjpegDecodeOutputSet
                0x02029174                ax32xx_mjpegDecodeInputSet
                0x020291ac                ax32xx_mjpegDecodeDriSet
                0x020291c4                ax32xx_mjpegDecodeCompressSet
                0x020291dc                ax32xx_mjpegDecodeInitTable
                0x02029220                ax32xx_mjpegDecodeInit
                0x02029424                ax32xx_mjpegDecodeDCTimeSet
                0x020294c4                ax32xx_mjpegDecodeEnable
                0x02029524                ax32xx_mjpegDecodeKick
                0x0202956c                ax32xx_mjpegDecodeStop
                0x020295a8                ax32xx_mjpegBIRQHandler
                0x020296ac                ax32xx_mjpegDecodeQDTCfg
                0x0202970c                ax32xx_mjpegDecodeStatus
                0x02029740                ax32xx_mjpegDecodeCheck
                0x02029770                ax32xx_mjpegDecodeODma1Cfg
                0x02029804                ax32xx_mjpB_Ctl_init
                0x02029ab8                ax32xx_mjpB_Linebuf_cfg
                0x02029ae4                ax32xx_mjpB_dma_cfg
                0x02029b10                ax32xx_mjpB_stop
                0x02029b78                ax32xx_mjpB_on
                0x02029bc4                ax32xx_mjpeg_encode_check
                0x02029d40                jpeg1_decode_check
 .text          0x02029dec        0x0 ./Debug/resource_user_icon.c.o
 .text          0x02029dec        0x0 ./Debug/resource_user_str.c.o
 .text          0x02029dec      0x110 ./Debug/src_hal_adc.c.o
                0x02029dec                hal_adcInit
                0x02029e28                hal_adcRead
                0x02029e54                hal_adcSetChannel
                0x02029ea0                hal_adcGetChannel
                0x02029edc                hal_adcVDDRTCCalculate
 .text          0x02029efc       0xf0 ./Debug/src_hal_csi.c.o
                0x02029efc                hal_csiMCLKSet
                0x02029f1c                hal_csiRegister
                0x02029f50                hal_csiResolutionGet
                0x02029fac                hal_csiAdptGet
                0x02029fcc                hal_csi_SeninitGet
 .text          0x02029fec      0x24c ./Debug/src_hal_dac.c.o
                0x0202a034                hal_dacInit
                0x0202a08c                hal_dacPlayStart
                0x0202a138                hal_dacPlayStop
                0x0202a164                hal_dacSetVolume
                0x0202a1c8                hal_dacSetBuffer
                0x0202a1ec                hal_dacCallBackRegister
                0x0202a210                hal_dacHPSet
 .text          0x0202a238        0x0 ./Debug/src_hal_eeprom.c.o
 .text          0x0202a238      0x2cc ./Debug/src_hal_gpio.c.o
                0x0202a238                hal_gpioInit
                0x0202a2e0                hal_gpioInit_io1d1
                0x0202a388                hal_io1d1_softstart
                0x0202a3b8                hal_io1d1_softstart_clr
                0x0202a3e0                hal_io1d1_pd_enable
                0x0202a408                hal_gpioEPullSet
                0x0202a464                hal_gpioWrite
                0x0202a48c                hal_gpioRead
                0x0202a4b0                hal_gpioIntInit
                0x0202a4d8                hal_gpioLedInit
 .text          0x0202a504      0xbd4 ./Debug/src_hal_iic.c.o
                0x0202a504                hal_iic0Init
                0x0202a530                hal_iic0Uninit
                0x0202a550                hal_iic08bitAddrWriteData
                0x0202a5ec                hal_iic08bitAddrReadData
                0x0202a6a4                hal_iic08bitAddrWrite
                0x0202a764                hal_iic08bitAddrRead
                0x0202a838                hal_iic016bitAddrWriteData
                0x0202a8e0                hal_iic016bitAddrReadData
                0x0202a9a4                hal_iic016bitAddrWrite
                0x0202aa70                hal_iic016bitAddrRead
                0x0202ab50                hal_iic1IOShare
                0x0202ab80                hal_iic1Init
                0x0202abc0                hal_iic1Uninit
                0x0202abf8                hal_iic18bitAddrWriteData
                0x0202ac70                hal_iic18bitAddrReadData
                0x0202ad04                hal_iic18bitAddrWrite
                0x0202ada0                hal_iic18bitAddrRead
                0x0202ae50                hal_iic116bitAddrWriteData
                0x0202aed4                hal_iic116bitAddrReadData
                0x0202af74                hal_iic116bitAddrWrite
                0x0202b01c                hal_iic116bitAddrRead
 .text          0x0202b0d8     0x1d78 ./Debug/src_hal_lcd.c.o
                0x0202b124                deocode_done
                0x0202b500                hal_lcdSetBufYUV
                0x0202b594                hal_lcd_vde_cfg
                0x0202b5cc                hal_lcd_gamma_cfg
                0x0202b780                usb_lcd_cfg
                0x0202ba34                lcd_isp_config
                0x0202bbf8                hal_lcdLCMPowerOff
                0x0202bc70                hal_lcdPreviewStop
                0x0202bcbc                hal_lcdSetShowingSize
                0x0202bcd4                hal_lcdSetRoate
                0x0202bcec                hal_lcdGetShowingBuffer
                0x0202bd50                hal_lcdGetIdleBuffer
                0x0202bd90                hal_lcdPreviewStart
                0x0202bed4                hal_lcdSetFrame
                0x0202befc                vch_debug
                0x0202bf10                hal_lcdSetVCH
                0x0202bfe8                hal_lcdUpdataVCH
                0x0202c0e4                hal_lcdSwitchFrame2
                0x0202c3b8                hal_lcdPreSetPIPEnable
                0x0202c3d8                hal_lcdSetPIPEnable
                0x0202c410                hal_lcdGetResolution
                0x0202c494                hal_lcdGetOSDShowingResolution
                0x0202c4f0                hal_lcdGetOSDShowingPosition
                0x0202c54c                hal_lcdGetShowingRotate
                0x0202c57c                hal_lcdGetBufferResolution
                0x0202c5d8                hal_lcdGetVideoPos
                0x0202c634                lcd_struct_get
                0x0202c654                hal_lcdFrameEndCallBack
                0x0202c6a0                hal_lcdRegister
                0x0202cd50                hal_lcd_lsawtooth
                0x0202cd70                hal_lcdSetCsiCrop
                0x0202cdd4                hal_lcdSetShowingSize_rename
 .text          0x0202ce50      0x110 ./Debug/src_hal_md.c.o
                0x0202ce78                hal_mdInit
                0x0202cedc                hal_mdEnable
                0x0202cf28                hal_mdCheck
 .text          0x0202cf60      0x648 ./Debug/src_hal_osd.c.o
                0x0202cf60                hal_osdGetIdleRotateBuffer
                0x0202cf84                hal_osdGetIdleCmpBuffer
                0x0202cfa8                hal_osdGetIdleDispBuffer
                0x0202cfcc                hal_osdBufferRelease
                0x0202cff4                hal_osdDealBuffer
                0x0202d074                hal_osdInit
                0x0202d29c                hal_osdGetBuff
                0x0202d2e4                hal_osdEnable
                0x0202d320                hal_osdSetAddr
                0x0202d35c                hal_osdSetBuffer
                0x0202d3ec                hal_osdSetPosition
                0x0202d434                hal_osdSetPalette
                0x0202d46c                hal_osdSetSize
                0x0202d4ac                hal_osdSetAlpha
                0x0202d4ec                hal_osdGetBufferResolution
                0x0202d558                hal_deSet_DE_CCM
                0x0202d580                hal_deSet_DE_SAJ
 .text          0x0202d5a8      0xc70 ./Debug/src_hal_rtc.c.o
                0x0202d5d4                hal_rtcCallBackRegister
                0x0202d634                hal_rtcCallBackRelease
                0x0202d670                hal_rtcUninit
                0x0202d6ac                hal_rtcTimeGet
                0x0202d6c8                hal_rtcTimeGetExt
                0x0202d6fc                hal_rtcSecondGet
                0x0202d71c                hal_rtcTime2String
                0x0202d9d0                hal_rtcTime2StringExt
                0x0202da34                hal_rtcLeapYear
                0x0202dc50                hal_rtcTime
                0x0202dd64                hal_rtcInit
                0x0202de8c                hal_rtcSecondSet
                0x0202dec8                hal_rtcValue
                0x0202dfd8                hal_rtcTimeSet
                0x0202e060                hal_rtcAlarmSet
                0x0202e0f0                hal_rtcAlarmSetExt
                0x0202e194                hal_rtcAlarmStatusGet
                0x0202e1d0                hal_vddWKOEnable
                0x0202e1f4                hal_vddGSENEnable
 .text          0x0202e218      0xa1c ./Debug/src_hal_sd.c.o
                0x0202e2b4                hal_sdStop
                0x0202e4b4                hal_sdNextLBA
                0x0202e4d4                hal_sdInit
                0x0202e930                hal_sdUninit
                0x0202e95c                hal_sdLock
                0x0202e99c                hal_sdUnlock
                0x0202e9c8                hal_sdCheck
                0x0202ea3c                hal_sdSetCardState
                0x0202ea5c                hal_sdGetCardState
                0x0202ea7c                hal_sdGetBusWidth
                0x0202ea9c                hal_sdCapacity
                0x0202eabc                hal_sdExist
                0x0202eae4                hal_sdWrite
                0x0202eb84                hal_speed_callback
                0x0202ebb4                hal_sdRead
 .text          0x0202ec34      0x5b4 ./Debug/src_hal_spi.c.o
                0x0202ec34                hal_spiIOShare
                0x0202ec4c                hal_spiIOCheck
                0x0202ec60                hal_spiInit
                0x0202ec8c                hal_spiSendByte
                0x0202ecb0                hal_spiSend
                0x0202ecd0                hal_spiRecvByte
                0x0202ecf0                hal_spiRecv
                0x0202ed30                hal_spiCSConfig
                0x0202ed54                hal_spiFlashReadID
                0x0202edb4                hal_spiFlashWriteEnable
                0x0202ede8                hal_spiFlashWait
                0x0202ee6c                hal_spiFlashReadPage
                0x0202eee4                hal_spiFlashRead
                0x0202efac                hal_spiFlashWritePage
                0x0202f040                hal_spiFlashWrite
                0x0202f0dc                hal_spiFlashEraseSector
                0x0202f148                hal_spiFlashEraseBlock
                0x0202f1ac                hal_spiFlashEraseChip
 .text          0x0202f1e8       0xd8 ./Debug/src_hal_timer.c.o
                0x0202f1e8                hal_timerStart
                0x0202f20c                hal_timerStop
                0x0202f230                hal_timerEnable
                0x0202f268                hal_timerTickEnable
                0x0202f2a0                hal_timerTickGet
 .text          0x0202f2c0      0x67c ./Debug/src_hal_uart.c.o
                0x0202f324                hal_uartIOShare
                0x0202f364                hal_uartIOShareCheck
                0x0202f3ac                hal_uartInit
                0x0202f3fc                hal_uartSendData
                0x0202f420                hal_uartRXIsrRegister
                0x0202f440                uart_PutChar_n
                0x0202f474                uart_PutStr
                0x0202f4b4                uart_Put_hex
                0x0202f5e0                uart_Put_udec
                0x0202f674                uart_Put_dec
                0x0202f71c                uart_Printf
                0x0202f860                uart_PrintfBuf
                0x0202f8f8                hal_uartPrintString
 .text          0x0202f93c      0x64c ./Debug/src_hal_watermark.c.o
                0x0202f9a4                hal_watermarkInit
                0x0202fa54                hal_watermarkClose
                0x0202faec                hal_watermarkClear
                0x0202fb6c                hal_watermarkOpen
                0x0202fc0c                hal_watermarkColor
                0x0202fc60                hal_watermarkAddr
                0x0202fc78                hal_watermarkSize
                0x0202fcc4                hal_watermarkPosition
                0x0202fd10                hal_watermarkCallbackRegister
                0x0202fd58                hal_watermarkRam
                0x0202fdf8                hal_watermarkEnable
                0x0202ff68                hal_watermarkBPos_Adjust
 .text          0x0202ff88      0x3c4 ./Debug/src_hal_sys.c.o
                0x0202ffd0                hal_sysInit
                0x020300ec                hal_sysMemPrint
                0x0203011c                hal_sysMemMalloc
                0x020301ec                hal_sysMemFree
                0x020302e0                hal_sysMemRemain
 .text          0x0203034c      0xe08 ./Debug/src_hal_auadc.c.o
                0x0203034c                _hal_auadcCallBackEnd
                0x02030448                _hal_auadcCallBackHalf
                0x020304a0                hal_audc_33ms_syncnt_clr
                0x020304cc                hal_audc_stamp_cal
                0x020304f8                hal_audc_stamp_out
                0x0203054c                hal_audc_stamp_next
                0x020305a8                hal_auadcCallBackEnd
                0x02030694                hal_auadcInit
                0x020306ec                hal_auadcMemInit
                0x02030760                hal_auadcMemInitB
                0x020307d0                hal_auadcMemUninit
                0x0203081c                hal_auadcMemUninitB
                0x02030878                hal_auadc_cnt
                0x020308a8                _hal_auadcStartForUAC
                0x02030988                hal_auadcStartForWAV
                0x02030a80                hal_auadcStartForAVI
                0x02030ba0                hal_auadcStartForAVIB
                0x02030c14                hal_auadcBufferGet
                0x02030cf0                hal_auadcBufferfree
                0x02030d1c                hal_auadcBufferGetB
                0x02030df8                hal_auadcBufferfreeB
                0x02030e24                hal_auadcStop
                0x02030e50                hal_auadcBufferRelease
                0x02030e78                hal_auadcBufferReleaseB
                0x02030ea0                hal_auadcUACProcess
                0x02030f80                hal_adcBuffer_prefull
                0x02030fe4                hal_adcBuffer_halffull
                0x02030ffc                hal_adc_volume_set
                0x0203101c                hal_adc_volume_setB
                0x0203103c                hal_uac_send
                0x020310a0                hal_auadcStartForUAC
 .text          0x02031154     0x24b8 ./Debug/src_hal_mjpeg.c.o
                0x02031204                hal_mjpegStart
                0x02031234                hal_save_frame_isr
                0x020312b8                hal_mjpeg_manual_on
                0x0203146c                hal_mjpegCallback_state
                0x020314a8                hal_mjpegCallback
                0x020316ac                hal_mjpeg_manual_fdown
                0x02031820                hal_jA_fcnt_get
                0x02031850                hal_mjpeg_mallocbuf
                0x02031870                hal_mjpegSrcCSI
                0x020319b4                hal_mjpegSrcRam
                0x020319c8                hal_mjpegSrcColorBar
                0x02031a50                hal_Cut_SDR_SrcCSI
                0x02031b24                hal_mjpegMemInit
                0x02031c28                hal_mjpegMemUninit
                0x02031c88                hal_mjpegEncodeInit
                0x02031ce8                hal_mjpegEncodeUninit
                0x02031d2c                hal_mjpegEncodeResolution
                0x02031d68                hal_mjpegEncodeResolutionImage
                0x02031da4                hal_mjpegSizecalculate
                0x02031dd4                hal_mjpegUVCStart
                0x020320b0                hal_mjpegPhotoStart
                0x0203236c                hal_mjpegAVIStart
                0x02032648                hal_mjpegAVISetScaler
                0x02032724                hal_mjpegRawDataGet
                0x0203273c                hal_mjpegRawBuffer_prefull
                0x020327ac                hal_mjpegRawBuffer_halffull
                0x0203281c                hal_mjpegRawBufferfree
                0x02032844                hal_mjpegRawBufferGet
                0x0203296c                hal_mjpegRawDataSet
                0x02032994                hal_mjpegHeaderParse
                0x02032fd0                hal_mjpegDecodeGetResolution
                0x02033018                hal_mjpegDecodeSetResolution
                0x0203303c                hal_mjpegDecodeStatusCheck
                0x0203305c                hal_mjpegDecodeErrorCheck
                0x0203307c                hal_mjpegDecodeMiniSize
                0x02033200                hal_mjpegDecodeStop
                0x02033220                hal_mjpegDecodeReset
                0x02033254                hal_mjpegDecodePicture
                0x020332c4                hal_mjpegDecodePicture_2
                0x02033330                hal_mjpegDecodeParse
                0x02033360                hal_mjpegDecodeOneFrame
                0x020333b8                hal_mjpegDecodeOneFrame_Ext
                0x02033440                hal_mjpegDecodeRestart_Ext
                0x020334ac                hal_mjpegDecodeOneFrame_Fast
                0x02033570                hal_mjpegDecodeODma1Cfg
                0x02033594                hal_BackRecDecodeStatusCheck
 .text          0x0203360c       0x34 ./Debug/src_hal_int.c.o
                0x0203360c                hal_intInit
 .text          0x02033640        0x0 ./Debug/src_hal_wdt.c.o
 .text          0x02033640      0x42c ./Debug/src_hal_stream.c.o
                0x02033640                hal_streamInit
                0x02033738                hal_streamMalloc
                0x02033820                hal_streamIn_Drop
                0x02033884                hal_streamIn
                0x02033920                hal_streamOut
                0x020339ac                hal_streamfree
                0x02033a54                hal_stream_size
 .text          0x02033a6c       0xd8 ./Debug/src_hal_emi.c.o
                0x02033ab0                hal_emiMasterTest
                0x02033afc                hal_emiSlaveTest
 .text          0x02033b44      0xd80 ./Debug/src_hal_mjpegB.c.o
                0x02033b44                cal_jB_1s_size
                0x02033b74                hal_jB_fcnt_get
                0x02033ba4                c_stack_setup
                0x02033c94                cache_pre_malloc
                0x02033d7c                cache_put
                0x02033e28                cache_pre_malloc_drop
                0x02033e84                cache_get
                0x02033f04                cache_free
                0x02033fb0                hal_mjpB_usensor_strm_init
                0x02034018                hal_mjpB_usensor_adrreload_hal
                0x020340bc                hal_mjpB_usensor_fram_isr
                0x0203418c                hal_mjpB_usensor_fram_free
                0x020341b4                hal_mjpB_usensor_fram_rd
                0x020342c4                hal_get_fBcnt
                0x020342f4                hal_mjpBec_sta
                0x0203431c                hal_mjpB_ecoding
                0x02034348                hal_mjpB_ecdown
                0x0203438c                hal_mjpB_photo_fdown
                0x020343c0                hal_mjpB_avi_fdown
                0x020343ec                hal_mjpB_ecdown_err
                0x02034430                hal_mjpB_ecbusy
                0x0203445c                hal_mjpBec_recfg
                0x020344e0                hal_mjpB_manualstart
                0x02034504                hal_mjpB_avi_fdown_err
                0x02034530                hal_mjpB_isr
                0x020345cc                hal_mjpBMemInit
                0x02034648                hal_mjpegBMemUninit
                0x02034690                api_mjp_avi_stop
                0x020346ec                mjpB_actech_as_photo
                0x020347a0                hal_mjpB_actech_as_avi
                0x02034850                hal_mjpB_nextsync
                0x02034874                hal_mjpB_Buffer_prefull
 .text          0x020348c4      0x1a8 ./Debug/src_hal_osdcmp.c.o
                0x0203493c                hal_osdcmpStart
                0x02034a20                hal_osdcmpInit
                0x02034a48                hal_osdcmpCompOneFrame
 .text          0x02034a6c      0x318 ./Debug/src_hal_rotate.c.o
                0x02034c00                hal_rotateInit
                0x02034c54                hal_rotateAdd
 .text          0x02034d84      0xa64 ./Debug/src_hal_lcdframe.c.o
                0x02034d84                hal_lcdAddrCalculate
                0x02034e30                hal_dispframeInit
                0x020353f8                hal_dispframeVideoCfg
                0x0203567c                hal_dispframeMalloc
                0x02035710                hal_dispframeFree
                0x0203579c                hal_dispframeSetCallback
                0x020357b4                hal_dispframeGetFrameNums
 .text          0x020357e8     0x4394 ./Debug/isp_hal_isp.c.o
                0x020357e8                isp_AWB_auto_adj
                0x02035a28                isp_isr_hal
                0x02035ae8                isp_stat_isr_hal
                0x02035b50                dely_ms
                0x02035b84                hal_ispFrameCnt
                0x02035bc4                awb_manual_gain_adapt
                0x02035c58                isp_AWB_manual_adj
                0x02035ca4                isp_AWB_adj_cfg
                0x02035d7c                isp_AE_adj_cfg
                0x02035dec                isp_LSC_adj_cfg
                0x02035e78                awb_scene_mod_set
                0x02035ff0                isp_contra_table_load
                0x02036078                isp_rgbgma_table_load
                0x02036150                isp_gma_table_load
                0x02036228                isp_table_load
                0x02036274                isp_para_config
                0x02036600                dot_num_stat
                0x02036654                y_sum_stat
                0x020366d4                find_peak
                0x02036784                find_y_of_dotsum
                0x02036814                get_isp_adapt_val
                0x02036874                get_isp_adapt_val_u8
                0x020368cc                soft_exp
                0x02036ca0                hgrm_stat
                0x02036de8                isp_calculate
                0x02036f7c                isp_adjust
                0x0203755c                sensor_compensate_exp_set
                0x02037614                isp_get_scen_light
                0x02037634                isp_color_on_off
                0x02037648                sensor_frame_rate_adapt
                0x02037754                sensor_frame_rate_adapt_for_dark
                0x020377ec                isp_process
                0x02037850                isp_process_check
                0x020378c0                sensor_rotate_adapt
                0x020378f4                exp_gain_separate
                0x02037948                exp_br_cal
                0x020379dc                exposal_adj
                0x02037ce4                isp_all_model_cfg
                0x02037d40                hal_ispService
                0x02037e04                hal_isp_sof_loop
                0x0203823c                hal_commom_isr
                0x02038384                init_common_str
                0x02038584                sensor_isp_adapt
                0x02038628                isp_para_init
                0x02038648                isp_init
                0x020386e0                hal_isp_debug_read
                0x020387fc                hal_Sensor_common_Get
                0x02038838                CopyToMember
                0x020388bc                hal_Sensor_common_Set
                0x020393c8                ygama_update
                0x02039450                hal_isp_debug_write
                0x02039900                awb_update
                0x02039b48                ispReadFlash
 .text          0x02039b7c      0x584 ./Debug/dusb_hal_usb_api.c.o
                0x02039b7c                usb_bulk_tx
                0x02039ba8                usb_bulk_rx
                0x02039bd4                hal_usbdReset
                0x02039c04                usb_uvciso_kick
                0x02039c34                usb_uvciso_wait_txdown
                0x02039c58                usb_uaciso_kick
                0x02039c88                usb_uaciso_wait_txdown
                0x02039cac                uac_on
                0x02039cd4                uac_off
                0x02039cf4                usb_fun_reg
                0x02039e48                hal_usbdInit
                0x02039e88                hal_usbdUninit
                0x02039eb8                hal_usbdEnable
                0x02039ee0                hal_usbdUVCProcess
                0x0203a0ac                hal_usbdProcess
                0x0203a0e0                hal_usbdCheck
 .text          0x0203a100      0xf94 ./Debug/dusb_hal_usb_dev_enum.c.o
                0x0203a100                usb_ep0_tx
                0x0203a180                usbdev_stack_init
                0x0203a1b0                usbdev_rqu
                0x0203a1d8                usbdev_reset
                0x0203a204                usb_bot_reset
                0x0203a250                usb_check_faddr
                0x0203a29c                usb_ep0_clrrx_pkt0
                0x0203a2d8                usb_stall_ep
                0x0203a364                usb_clear_ep
                0x0203a3e0                usb_ep0_get_request
                0x0203a428                usb_ep0_transfer
                0x0203a4dc                usb_ep0_receive
                0x0203a534                usb_ep0_get_status
                0x0203a644                usb_ep0_clr_feature
                0x0203a6bc                usb_ep0_set_feature
                0x0203a72c                usb_ep0_set_address
                0x0203a7c0                usb_ep0_get_configuration
                0x0203a814                usb_ep0_set_configuration
                0x0203a890                usb_ep0_get_interface
                0x0203a8d8                uvc_ready
                0x0203a900                uac_ready
                0x0203a928                usb_ep0_set_interface
                0x0203aa7c                usb_ep0_descriptor
                0x0203aae8                usb_ep0_get_descriptor
                0x0203abf8                usb_ep0_standard
                0x0203ac94                usb_ep0_class_get_lun
                0x0203acd8                usb_ep0_class
                0x0203ade0                usb_ep0_request
                0x0203ae2c                usb_ep0_hal
                0x0203af20                enum_epx_cfg
                0x0203afc0                usb_dev_enum_reg
 .text          0x0203b094     0x1508 ./Debug/dusb_hal_usb_msc.c.o
                0x0203b094                msc_epx_cfg
                0x0203b134                ScsiStallAll
                0x0203b1bc                ScsiStallIn
                0x0203b22c                ScsiStallout
                0x0203b270                dev_online
                0x0203b2a0                dev_cap
                0x0203b2cc                dev_stop
                0x0203b2f8                dev_busy
                0x0203b324                dev_free
                0x0203b350                mscSet_Status
                0x0203b38c                Host_In_Data
                0x0203b438                mscCmd_ReadCapacity
                0x0203b514                mscCmd_ReadFormatCapacity
                0x0203b60c                mscCmd_RequestSense
                0x0203b6ac                mscCmd_Inquiry
                0x0203b704                mscCmd_ModeSense6
                0x0203b790                mscCmd_TestUnitReady
                0x0203b81c                mscCmd_StartStopUnit
                0x0203b86c                mscCmd_PreventAllowMediumRemoval
                0x0203b8ac                mscCmd_Verify
                0x0203b8c4                cb_FIFO2mem
                0x0203b960                cb_mem2FIFO
                0x0203b9ec                cb_mem_read
                0x0203ba64                cb_mem_write
                0x0203bae4                cb_mem_rwex
                0x0203bb20                mscCmd_ufmod
                0x0203bb70                sent_csw
                0x0203bc30                mscCmd_Read
                0x0203bd60                mscCmd_Write
                0x0203bebc                cbw_update
                0x0203c04c                scsi_cmd_analysis
                0x0203c29c                get_cbw
                0x0203c4a8                rbc_rec_pkg
                0x0203c53c                rbc_process
 .text          0x0203c59c      0x3b8 ./Debug/dusb_hal_usb_uac.c.o
                0x0203c59c                UacReceiveSetSamplingFreqCallback
                0x0203c5dc                uac_epx_cfg